# cmd : snarkjs powersoftau verify pot8_0003.ptau
# cwd : /mnt/c/Users/Barbi/Documents/Code/GitHub/Zero-Knowledge-Rollup/bench-out/20260731_122102/circuits/1

[32;22m[INFO]  [39;1msnarkJS[0m: Powers Of tau file OK!
[32;22m[INFO]  [39;1msnarkJS[0m: Next challenge hash: 
		db4b939a 679f4d58 684c9d04 74dd3871
		bcc9fab1 05fab456 aa2c3c8a 8ae986fa
		37706946 fd104643 2707da6c 9f7b9d25
		9708fa5c 98d2ce97 ae059d98 2826586c
[32;22m[INFO]  [39;1msnarkJS[0m: -----------------------------------------------------
[32;22m[INFO]  [39;1msnarkJS[0m: Contribution #3: Third contribution
[32;22m[INFO]  [39;1msnarkJS[0m: Next Challenge: 
		db4b939a 679f4d58 684c9d04 74dd3871
		bcc9fab1 05fab456 aa2c3c8a 8ae986fa
		37706946 fd104643 2707da6c 9f7b9d25
		9708fa5c 98d2ce97 ae059d98 2826586c
[32;22m[INFO]  [39;1msnarkJS[0m: Response Hash:
		f26ee19e bc220200 7ccdd2da 3728cf44
		3a27ab4b 9cdd55fc 1ed3bb70 9df9a436
		807a8eaf 8ffeb1d7 7c703d19 fd8f9383
		0a3b6758 dea28b44 b3b49fca dbf8d3f1
[32;22m[INFO]  [39;1msnarkJS[0m: Response Hash:
		f93b506f 8e379bed 1f3cbc8b b6ec97ad
		91f412b3 3670c173 87face72 25d6c7ed
		3652bd3c 0c3de72d 65b0565a 957e62d5
		24e126f5 f10cfa4d 80ae91e9 056a9601
[32;22m[INFO]  [39;1msnarkJS[0m: Powers Of tau file OK!
[32;22m[INFO]  [39;1msnarkJS[0m: -----------------------------------------------------
[32;22m[INFO]  [39;1msnarkJS[0m: Contribution #2: Second contribution
[32;22m[INFO]  [39;1msnarkJS[0m: Next Challenge: 
		f93b506f 8e379bed 1f3cbc8b b6ec97ad
		91f412b3 3670c173 87face72 25d6c7ed
		3652bd3c 0c3de72d 65b0565a 957e62d5
		24e126f5 f10cfa4d 80ae91e9 056a9601
[32;22m[INFO]  [39;1msnarkJS[0m: Response Hash:
		a2b731e8 23d2b31e 2a8307fe 3fea1f60
		a5b7ec38 267a2cc6 9582d56e cfd8c443
		a26fed16 eacaec4a c95adcf4 4f1bc2be
		2dd19efc 82dafbb5 b4683058 c23cf3cc
[32;22m[INFO]  [39;1msnarkJS[0m: Response Hash:
		eb4dd66f 4d07e83a 06049229 524697ce
		cb1c3f3a 38a2b84e e5171510 249b6fcb
		515b0ef5 6df892d8 5bc4c61f 977600a5
		af303395 8941c96e 927f6c63 348998ee
[32;22m[INFO]  [39;1msnarkJS[0m: Powers Of tau file OK!
[32;22m[INFO]  [39;1msnarkJS[0m: -----------------------------------------------------
[32;22m[INFO]  [39;1msnarkJS[0m: Contribution #1: First contribution
[32;22m[INFO]  [39;1msnarkJS[0m: Next Challenge: 
		eb4dd66f 4d07e83a 06049229 524697ce
		cb1c3f3a 38a2b84e e5171510 249b6fcb
		515b0ef5 6df892d8 5bc4c61f 977600a5
		af303395 8941c96e 927f6c63 348998ee
[32;22m[INFO]  [39;1msnarkJS[0m: Response Hash:
		0247fa2e 9d7294fe fbe45aea e13f1ef9
		aa081993 f9ba34c1 056c586d ac21bb6f
		1969d118 2e58e2eb 22b47fb0 7870fd56
		4f1643f0 a6990bac 4a7a08e2 58ddfec6
[32;22m[INFO]  [39;1msnarkJS[0m: Response Hash:
		219cd1f3 eab9d2a7 0ebec1e8 9ce41ade
		8d761eb3 9fd6702a cda57762 83026ac8
		81746bea c81c214b 887e9102 e84c8341
		824fd983 f4e7df84 4d150ddf 5fd2fe48
[32;22m[INFO]  [39;1msnarkJS[0m: -----------------------------------------------------
[33;22m[WARN]  [39;1msnarkJS[0m: this file does not contain phase2 precalculated values. Please run: 
   snarkjs "powersoftau preparephase2" to prepare this file to be used in the phase2 ceremony.
[32;22m[INFO]  [39;1msnarkJS[0m: Powers of Tau Ok!
