# cmd : snarkjs powersoftau contribute pot8_0000.ptau pot8_0001.ptau --name="First contribution" -v -e="some random text"
# cwd : /mnt/c/Users/Barbi/Documents/Code/GitHub/Zero-Knowledge-Rollup/bench-out/20260731_122102/circuits/1

[36;22m[DEBUG] [39;1msnarkJS[0m: Calculating First Challenge Hash
[36;22m[DEBUG] [39;1msnarkJS[0m: Calculate Initial Hash: tauG1
[36;22m[DEBUG] [39;1msnarkJS[0m: Calculate Initial Hash: tauG2
[36;22m[DEBUG] [39;1msnarkJS[0m: Calculate Initial Hash: alphaTauG1
[36;22m[DEBUG] [39;1msnarkJS[0m: Calculate Initial Hash: betaTauG1
[36;22m[DEBUG] [39;1msnarkJS[0m: processing: tauG1: 0/511
[36;22m[DEBUG] [39;1msnarkJS[0m: processing: tauG2: 0/256
[36;22m[DEBUG] [39;1msnarkJS[0m: processing: alphaTauG1: 0/256
[36;22m[DEBUG] [39;1msnarkJS[0m: processing: betaTauG1: 0/256
[36;22m[DEBUG] [39;1msnarkJS[0m: processing: betaTauG2: 0/1
[32;22m[INFO]  [39;1msnarkJS[0m: Contribution Response Hash imported: 
		0247fa2e 9d7294fe fbe45aea e13f1ef9
		aa081993 f9ba34c1 056c586d ac21bb6f
		1969d118 2e58e2eb 22b47fb0 7870fd56
		4f1643f0 a6990bac 4a7a08e2 58ddfec6
[32;22m[INFO]  [39;1msnarkJS[0m: Next Challenge Hash: 
		eb4dd66f 4d07e83a 06049229 524697ce
		cb1c3f3a 38a2b84e e5171510 249b6fcb
		515b0ef5 6df892d8 5bc4c61f 977600a5
		af303395 8941c96e 927f6c63 348998ee
