# cmd : snarkjs zkey verify circuit.r1cs pot8_final.ptau circuit_final.zkey
# cwd : /mnt/c/Users/Barbi/Documents/Code/GitHub/Zero-Knowledge-Rollup/bench-out/20260731_122102/circuits/1

[32;22m[INFO]  [39;1msnarkJS[0m: Reading r1cs
[32;22m[INFO]  [39;1msnarkJS[0m: Reading tauG1
[32;22m[INFO]  [39;1msnarkJS[0m: Reading tauG2
[32;22m[INFO]  [39;1msnarkJS[0m: Reading alphatauG1
[32;22m[INFO]  [39;1msnarkJS[0m: Reading betatauG1
[32;22m[INFO]  [39;1msnarkJS[0m: Circuit hash: 
		4d537018 5c14bca4 3c116d96 9743f1a6
		4591fc2a 3867506b 478f0b09 3c926674
		eafa428c 6c8d3bf0 5ccb10a4 63f32584
		b3e98df7 c0583d9d 8d34cb6b 168a8289
[32;22m[INFO]  [39;1msnarkJS[0m: Circuit Hash: 
		4d537018 5c14bca4 3c116d96 9743f1a6
		4591fc2a 3867506b 478f0b09 3c926674
		eafa428c 6c8d3bf0 5ccb10a4 63f32584
		b3e98df7 c0583d9d 8d34cb6b 168a8289
[32;22m[INFO]  [39;1msnarkJS[0m: -------------------------
[32;22m[INFO]  [39;1msnarkJS[0m: contribution #4 Final Beacon phase2:
		f8b4cff8 219e72ab 01e4e5f7 e101c58d
		75588f0b f5359443 428b6c78 f8073dc7
		1ef37460 80b8a399 a5b48a98 e02876a6
		c7ed000f b10a4e77 3c61f50e 01a17276
[32;22m[INFO]  [39;1msnarkJS[0m: Beacon generator: 0102030405060708090a0b0c0d0e0f101112131515161718191a1b1c1d1e1f
[32;22m[INFO]  [39;1msnarkJS[0m: Beacon iterations Exp: 10
[32;22m[INFO]  [39;1msnarkJS[0m: -------------------------
[32;22m[INFO]  [39;1msnarkJS[0m: contribution #3 Third contribution:
		9f10f73b 9cd35ad3 576b7320 67b9f03f
		75a6d4dc 3684ad34 a22fcdd9 36ef0587
		cb20592f 46cf3e9b 6235a15f 51facf4b
		da9bda21 9d4c3fa5 bfc91b01 de57954f
[32;22m[INFO]  [39;1msnarkJS[0m: -------------------------
[32;22m[INFO]  [39;1msnarkJS[0m: contribution #2 2nd Contributor:
		741fa843 a4f3b3d9 cddff43f bef3c4a9
		61ee3325 4283b65f 3714fa8a b5cfacca
		9fde394b bdc60f1e 58ef153a f58c31db
		e9e9a444 5b893cc2 43da5c03 5c90ca4e
[32;22m[INFO]  [39;1msnarkJS[0m: -------------------------
[32;22m[INFO]  [39;1msnarkJS[0m: contribution #1 1st Contributor:
		47146a9a c3c21096 23ae8d26 b533758f
		f1677188 b73d5e53 20cd1573 c50999ac
		704100bd 9c9004be 964374c0 b5e3ee2c
		df51157f 58442796 84901d36 6a33a20b
[32;22m[INFO]  [39;1msnarkJS[0m: -------------------------
[32;22m[INFO]  [39;1msnarkJS[0m: ZKey Ok!
