# cmd : snarkjs powersoftau contribute pot9_0000.ptau pot9_0001.ptau --name="First contribution" -v -e="some random text"
# cwd : /mnt/c/Users/Barbi/Documents/Code/GitHub/Zero-Knowledge-Rollup/bench-out/20260731_122102/circuits/2

[36;22m[DEBUG] [39;1msnarkJS[0m: Calculating First Challenge Hash
[36;22m[DEBUG] [39;1msnarkJS[0m: Calculate Initial Hash: tauG1
[36;22m[DEBUG] [39;1msnarkJS[0m: Calculate Initial Hash: tauG2
[36;22m[DEBUG] [39;1msnarkJS[0m: Calculate Initial Hash: alphaTauG1
[36;22m[DEBUG] [39;1msnarkJS[0m: Calculate Initial Hash: betaTauG1
[36;22m[DEBUG] [39;1msnarkJS[0m: processing: tauG1: 0/1023
[36;22m[DEBUG] [39;1msnarkJS[0m: processing: tauG2: 0/512
[36;22m[DEBUG] [39;1msnarkJS[0m: processing: alphaTauG1: 0/512
[36;22m[DEBUG] [39;1msnarkJS[0m: processing: betaTauG1: 0/512
[36;22m[DEBUG] [39;1msnarkJS[0m: processing: betaTauG2: 0/1
[32;22m[INFO]  [39;1msnarkJS[0m: Contribution Response Hash imported: 
		e98f6a3b 1181b89c a1cbb6fd f5286f28
		95a3e18f 2f236c19 deaca8bf 05c6968b
		c320e02a c950b2dc c23c1b53 2653f6ac
		03d69dcc c6b8848a d7458301 1130fde3
[32;22m[INFO]  [39;1msnarkJS[0m: Next Challenge Hash: 
		914f165b be062376 264dc3e2 7a9fb116
		686da724 2eb8b7f0 307eeeee 6a6e561b
		c3a87efc da52fada de6090ec ec503916
		069d4170 42a543db 5f289c33 41719781
