# cmd : snarkjs zkey verify circuit.r1cs pot9_final.ptau circuit_0003.zkey
# cwd : /mnt/c/Users/Barbi/Documents/Code/GitHub/Zero-Knowledge-Rollup/bench-out/20260731_122102/circuits/2

[32;22m[INFO]  [39;1msnarkJS[0m: Reading r1cs
[32;22m[INFO]  [39;1msnarkJS[0m: Reading tauG1
[32;22m[INFO]  [39;1msnarkJS[0m: Reading tauG2
[32;22m[INFO]  [39;1msnarkJS[0m: Reading alphatauG1
[32;22m[INFO]  [39;1msnarkJS[0m: Reading betatauG1
[32;22m[INFO]  [39;1msnarkJS[0m: Circuit hash: 
		ebedaa0b 4629489d 835e7ae0 02a5f471
		974d615c c51931ee 34b183d0 a8319ea2
		9fd72d4f c17401b8 ddb246b5 6c1c78b1
		0123c910 a9d9c0bc 76e2cb68 163ca0fc
[32;22m[INFO]  [39;1msnarkJS[0m: Circuit Hash: 
		ebedaa0b 4629489d 835e7ae0 02a5f471
		974d615c c51931ee 34b183d0 a8319ea2
		9fd72d4f c17401b8 ddb246b5 6c1c78b1
		0123c910 a9d9c0bc 76e2cb68 163ca0fc
[32;22m[INFO]  [39;1msnarkJS[0m: -------------------------
[32;22m[INFO]  [39;1msnarkJS[0m: contribution #3 Third contribution:
		98d2520a 927dfc4e ba18624e 738b06d4
		556beb92 001036d4 bfda3669 4ab2b622
		ff404bdc a14ee45d 097232c1 ba253e3c
		5c987ab7 ef66b6e4 e64c907b fc0be304
[32;22m[INFO]  [39;1msnarkJS[0m: -------------------------
[32;22m[INFO]  [39;1msnarkJS[0m: contribution #2 2nd Contributor:
		ffce6ce9 204f0d25 9a15218f 00ea1259
		2fc99b34 e4756541 0153a7fe c171e25b
		06e322b1 971f27fa e2f19754 f8ec6191
		5173cb3e 6a374810 16d45233 e2be7b40
[32;22m[INFO]  [39;1msnarkJS[0m: -------------------------
[32;22m[INFO]  [39;1msnarkJS[0m: contribution #1 1st Contributor:
		92b5e7e1 a77712fe 1e450813 b8688d96
		7f1f5259 c390f9ad 72e66042 adfba105
		242ebdec fc883db4 caae6cf0 10f17d66
		ab725b9a 650c9485 56c89bd1 effc9e7b
[32;22m[INFO]  [39;1msnarkJS[0m: -------------------------
[32;22m[INFO]  [39;1msnarkJS[0m: ZKey Ok!
