# cmd : snarkjs powersoftau verify pot10_0003.ptau
# cwd : /mnt/c/Users/Barbi/Documents/Code/GitHub/Zero-Knowledge-Rollup/bench-out/20260731_122102/circuits/4

[32;22m[INFO]  [39;1msnarkJS[0m: Powers Of tau file OK!
[32;22m[INFO]  [39;1msnarkJS[0m: Next challenge hash: 
		f1d2ce20 3b640774 f0d411e1 a77b3081
		3e79bd46 243e4533 f694f5fb 3707cd51
		fd49c365 d50dd5f0 75524f57 a977a2a8
		64a1ef5c 61b6d1ec 53f5d870 8668a6ef
[32;22m[INFO]  [39;1msnarkJS[0m: -----------------------------------------------------
[32;22m[INFO]  [39;1msnarkJS[0m: Contribution #3: Third contribution
[32;22m[INFO]  [39;1msnarkJS[0m: Next Challenge: 
		f1d2ce20 3b640774 f0d411e1 a77b3081
		3e79bd46 243e4533 f694f5fb 3707cd51
		fd49c365 d50dd5f0 75524f57 a977a2a8
		64a1ef5c 61b6d1ec 53f5d870 8668a6ef
[32;22m[INFO]  [39;1msnarkJS[0m: Response Hash:
		c0579e15 b0e0e800 886dc96d 7f30883a
		743372eb 9135cc20 f464a034 6a2992f1
		12db3536 d9b9bed8 1d7cc710 f8a2160b
		463e5f2b 6aff8331 ca5daee7 41cf02df
[32;22m[INFO]  [39;1msnarkJS[0m: Response Hash:
		d32d0c91 669776af 0491412b 0e4526e8
		31d1eb6e 2617350e 406c87f1 726890fe
		5fe025e3 48e4d68a 2a88e9c4 ab483742
		9a469018 26ee91fd 441c68a3 c674a209
[32;22m[INFO]  [39;1msnarkJS[0m: Powers Of tau file OK!
[32;22m[INFO]  [39;1msnarkJS[0m: -----------------------------------------------------
[32;22m[INFO]  [39;1msnarkJS[0m: Contribution #2: Second contribution
[32;22m[INFO]  [39;1msnarkJS[0m: Next Challenge: 
		d32d0c91 669776af 0491412b 0e4526e8
		31d1eb6e 2617350e 406c87f1 726890fe
		5fe025e3 48e4d68a 2a88e9c4 ab483742
		9a469018 26ee91fd 441c68a3 c674a209
[32;22m[INFO]  [39;1msnarkJS[0m: Response Hash:
		f234f9bc d1e51042 f66a9171 abaf3836
		0c197268 8c284023 35112c80 fc722bb8
		8ba9a446 408fae1e b16ca4d4 e46c58ff
		4bd197c5 f22c5600 5f8d3cea 31449b66
[32;22m[INFO]  [39;1msnarkJS[0m: Response Hash:
		2ba9f9dc 48d618b0 db0df719 edcde6e1
		6e185386 3d7eeda5 44797d0d 14495679
		c4093a08 f259144e 6a240a0d 1d9194f1
		cbf10997 6834f923 bf013b4f 6605eaed
[32;22m[INFO]  [39;1msnarkJS[0m: Powers Of tau file OK!
[32;22m[INFO]  [39;1msnarkJS[0m: -----------------------------------------------------
[32;22m[INFO]  [39;1msnarkJS[0m: Contribution #1: First contribution
[32;22m[INFO]  [39;1msnarkJS[0m: Next Challenge: 
		2ba9f9dc 48d618b0 db0df719 edcde6e1
		6e185386 3d7eeda5 44797d0d 14495679
		c4093a08 f259144e 6a240a0d 1d9194f1
		cbf10997 6834f923 bf013b4f 6605eaed
[32;22m[INFO]  [39;1msnarkJS[0m: Response Hash:
		64061844 fc9110bc 6f31c612 c3bae370
		28e9b612 b441fcc1 db0fd9ca f40249ba
		79daf8e8 af1e82ad 8543c5e5 0f1b876d
		bad28836 19274074 b78af40f 7a553a10
[32;22m[INFO]  [39;1msnarkJS[0m: Response Hash:
		95f0b449 9e50f8da 383b0d74 c174c169
		8bdffe1b 35066754 005889a1 47849bbf
		8d64ff6c 989bd89a 4736b569 a99a1c83
		a50dc181 e9fe1d4d 23d1888a 98b3157e
[32;22m[INFO]  [39;1msnarkJS[0m: -----------------------------------------------------
[33;22m[WARN]  [39;1msnarkJS[0m: this file does not contain phase2 precalculated values. Please run: 
   snarkjs "powersoftau preparephase2" to prepare this file to be used in the phase2 ceremony.
[32;22m[INFO]  [39;1msnarkJS[0m: Powers of Tau Ok!
