# cmd : snarkjs zkey verify circuit.r1cs pot10_final.ptau circuit_0003.zkey
# cwd : /mnt/c/Users/Barbi/Documents/Code/GitHub/Zero-Knowledge-Rollup/bench-out/20260731_122102/circuits/4

[32;22m[INFO]  [39;1msnarkJS[0m: Reading r1cs
[32;22m[INFO]  [39;1msnarkJS[0m: Reading tauG1
[32;22m[INFO]  [39;1msnarkJS[0m: Reading tauG2
[32;22m[INFO]  [39;1msnarkJS[0m: Reading alphatauG1
[32;22m[INFO]  [39;1msnarkJS[0m: Reading betatauG1
[32;22m[INFO]  [39;1msnarkJS[0m: Circuit hash: 
		e14c05d0 eb41a132 6b090b56 fc01d514
		fc98f781 4532ec09 c2680931 1dceeced
		b5606c4a dd85404a d265e7d2 3d696411
		e0a8442a 6645cd2a 8b8c8acd c52cfa9b
[32;22m[INFO]  [39;1msnarkJS[0m: Circuit Hash: 
		e14c05d0 eb41a132 6b090b56 fc01d514
		fc98f781 4532ec09 c2680931 1dceeced
		b5606c4a dd85404a d265e7d2 3d696411
		e0a8442a 6645cd2a 8b8c8acd c52cfa9b
[32;22m[INFO]  [39;1msnarkJS[0m: -------------------------
[32;22m[INFO]  [39;1msnarkJS[0m: contribution #3 Third contribution:
		708cd017 ca0fbfb3 0b9f306e 0359561c
		3f700ef0 ecaac6f2 47c44f55 d9d7a59a
		06f8153f b7599c2f fe68f05c a3f6d04e
		40b554f8 67715ba7 5eeab8a3 4eebc01e
[32;22m[INFO]  [39;1msnarkJS[0m: -------------------------
[32;22m[INFO]  [39;1msnarkJS[0m: contribution #2 2nd Contributor:
		61a48ef6 ada69d55 f398ae89 e78f5623
		aef37d77 8feef3a3 1b6240a9 43c2699d
		173b48cf cf24b080 ffd4d0e1 573f7e89
		639d25af 51aca8c5 3cb983eb 538d4edb
[32;22m[INFO]  [39;1msnarkJS[0m: -------------------------
[32;22m[INFO]  [39;1msnarkJS[0m: contribution #1 1st Contributor:
		2de0b9c5 04e17e32 a35b4023 af6276a0
		ec59807d 45ee0a0b 9c3ce016 97b5e17d
		b84bb41e 3ec9c7ca d5b100c6 0ab900de
		ebc5bae2 bd0ce28a b8e5eb42 6580724b
[32;22m[INFO]  [39;1msnarkJS[0m: -------------------------
[32;22m[INFO]  [39;1msnarkJS[0m: ZKey Ok!
