# cmd : snarkjs powersoftau verify pot12_final.ptau
# cwd : /mnt/c/Users/Barbi/Documents/Code/GitHub/Zero-Knowledge-Rollup/bench-out/20260730_114105/circuits/16

[32;22m[INFO]  [39;1msnarkJS[0m: Powers Of tau file OK!
[32;22m[INFO]  [39;1msnarkJS[0m: Next challenge hash: 
		f6f13e0e 4da688d8 0efceeea e423edb5
		5cfbbebe 3f9c8def e1b1e6bd f3ce6bdc
		dce89060 9c34a564 18fcc809 eb7f63fd
		4936d454 e1d4b6ab 891dd92a 63993b3e
[32;22m[INFO]  [39;1msnarkJS[0m: -----------------------------------------------------
[32;22m[INFO]  [39;1msnarkJS[0m: Contribution #4: Final Beacon
[32;22m[INFO]  [39;1msnarkJS[0m: Next Challenge: 
		f6f13e0e 4da688d8 0efceeea e423edb5
		5cfbbebe 3f9c8def e1b1e6bd f3ce6bdc
		dce89060 9c34a564 18fcc809 eb7f63fd
		4936d454 e1d4b6ab 891dd92a 63993b3e
[32;22m[INFO]  [39;1msnarkJS[0m: Response Hash:
		852611b3 bef00433 734307fa 7521e014
		72f8a564 74e40634 1909012d 6549b1fc
		146578c2 f1f96bb0 eebec792 74e67da0
		c3895ade 3ab7afa7 ad97a9be 11f849f0
[32;22m[INFO]  [39;1msnarkJS[0m: Response Hash:
		b15e5c89 454caa5e 1683b8c1 3324758f
		acfa9a31 b4f8176d 70f12187 25d9d5e2
		bed0dd2f 5fe2bd57 c4cdf882 68fe4995
		bf99c639 dde45a06 b9271ec1 dd3686b4
[32;22m[INFO]  [39;1msnarkJS[0m: Beacon generator: 0102030405060708090a0b0c0d0e0f101112131015161718191a1b1c1d1e1f
[32;22m[INFO]  [39;1msnarkJS[0m: Beacon iterations Exp: 10
[32;22m[INFO]  [39;1msnarkJS[0m: Powers Of tau file OK!
[32;22m[INFO]  [39;1msnarkJS[0m: -----------------------------------------------------
[32;22m[INFO]  [39;1msnarkJS[0m: Contribution #3: Third contribution
[32;22m[INFO]  [39;1msnarkJS[0m: Next Challenge: 
		b15e5c89 454caa5e 1683b8c1 3324758f
		acfa9a31 b4f8176d 70f12187 25d9d5e2
		bed0dd2f 5fe2bd57 c4cdf882 68fe4995
		bf99c639 dde45a06 b9271ec1 dd3686b4
[32;22m[INFO]  [39;1msnarkJS[0m: Response Hash:
		2491ee3a 83179a64 6674281a 87e861e2
		78042611 f4d2e10b 0526ea5f 02c4e9d6
		8e48b3b0 a44ff304 af34360a 1dee739e
		d0755103 13027538 5dd99967 307bc599
[32;22m[INFO]  [39;1msnarkJS[0m: Response Hash:
		8b459404 b6c54a42 662cbc8a 8bd4eca7
		5c2faabe 310e5069 3b1e17bf d9de12cd
		b2a3305e da1efc14 0e3f5a35 a2eb9d7c
		49cd0088 d52c0da6 56a71ba8 34891908
[32;22m[INFO]  [39;1msnarkJS[0m: Powers Of tau file OK!
[32;22m[INFO]  [39;1msnarkJS[0m: -----------------------------------------------------
[32;22m[INFO]  [39;1msnarkJS[0m: Contribution #2: Second contribution
[32;22m[INFO]  [39;1msnarkJS[0m: Next Challenge: 
		8b459404 b6c54a42 662cbc8a 8bd4eca7
		5c2faabe 310e5069 3b1e17bf d9de12cd
		b2a3305e da1efc14 0e3f5a35 a2eb9d7c
		49cd0088 d52c0da6 56a71ba8 34891908
[32;22m[INFO]  [39;1msnarkJS[0m: Response Hash:
		6de1fb9d 361e34bf 70a06324 2791df21
		29487297 8a5f4b0e e4715cee 1ce8c506
		2b86f2fc ba6026cc 6d170a77 c6e95e19
		34b9eef8 9e25349b f7d78f30 ddcab1e4
[32;22m[INFO]  [39;1msnarkJS[0m: Response Hash:
		7804b2df 719ff6fc b325d969 90865245
		6437a6a6 05550219 fed4b372 8009619f
		0981e6a0 ac4961d5 6771cc72 ac378120
		633fe24d eed2f62e f90a2bc9 c83d0595
[32;22m[INFO]  [39;1msnarkJS[0m: Powers Of tau file OK!
[32;22m[INFO]  [39;1msnarkJS[0m: -----------------------------------------------------
[32;22m[INFO]  [39;1msnarkJS[0m: Contribution #1: First contribution
[32;22m[INFO]  [39;1msnarkJS[0m: Next Challenge: 
		7804b2df 719ff6fc b325d969 90865245
		6437a6a6 05550219 fed4b372 8009619f
		0981e6a0 ac4961d5 6771cc72 ac378120
		633fe24d eed2f62e f90a2bc9 c83d0595
[32;22m[INFO]  [39;1msnarkJS[0m: Response Hash:
		3c0b7dce 37e3f241 e12af30f dbf07266
		81c014fc 43f6e350 8ab1c1c2 eb9008da
		d8fae15c 7c0864a6 27782f7f 3924f4f1
		47496a75 7263bd7e 9dfbc29d fa9adcd5
[32;22m[INFO]  [39;1msnarkJS[0m: Response Hash:
		9e63a5f6 2b96538d aaed2372 481920d1
		a40b9195 9ea38ef9 f5f6a303 3b886516
		0710d067 c09d0961 5f928ea5 17bcdf49
		ad75abd2 c8340b40 0e3b18e9 68b4ffef
[32;22m[INFO]  [39;1msnarkJS[0m: -----------------------------------------------------
[32;22m[INFO]  [39;1msnarkJS[0m: Powers of Tau Ok!
