# cmd : snarkjs zkey verify circuit.r1cs pot12_final.ptau circuit_final.zkey
# cwd : /mnt/c/Users/Barbi/Documents/Code/GitHub/Zero-Knowledge-Rollup/bench-out/20260730_114105/circuits/16

[32;22m[INFO]  [39;1msnarkJS[0m: Reading r1cs
[32;22m[INFO]  [39;1msnarkJS[0m: Reading tauG1
[32;22m[INFO]  [39;1msnarkJS[0m: Reading tauG2
[32;22m[INFO]  [39;1msnarkJS[0m: Reading alphatauG1
[32;22m[INFO]  [39;1msnarkJS[0m: Reading betatauG1
[32;22m[INFO]  [39;1msnarkJS[0m: Circuit hash: 
		d0994cc7 675d2bac 39e42160 4c7aeee7
		d59ed251 d7834349 161ad6cd b85293dd
		1f589bc8 cc9a2d6a ef902ef8 39802e45
		22c40723 a6b2146f 32e630bd 7db179f4
[32;22m[INFO]  [39;1msnarkJS[0m: Circuit Hash: 
		d0994cc7 675d2bac 39e42160 4c7aeee7
		d59ed251 d7834349 161ad6cd b85293dd
		1f589bc8 cc9a2d6a ef902ef8 39802e45
		22c40723 a6b2146f 32e630bd 7db179f4
[32;22m[INFO]  [39;1msnarkJS[0m: -------------------------
[32;22m[INFO]  [39;1msnarkJS[0m: contribution #4 Final Beacon phase2:
		46718522 e9bfe224 cf1d4ace 6aeef3ef
		c5560d3c 745bfb69 937e5bf1 8270c6b8
		a2fe7478 e8e85e73 a8e833d7 7a928310
		d4d9c073 ca36bfb3 f86c45c4 c52b9544
[32;22m[INFO]  [39;1msnarkJS[0m: Beacon generator: 0102030405060708090a0b0c0d0e0f101112131515161718191a1b1c1d1e1f
[32;22m[INFO]  [39;1msnarkJS[0m: Beacon iterations Exp: 10
[32;22m[INFO]  [39;1msnarkJS[0m: -------------------------
[32;22m[INFO]  [39;1msnarkJS[0m: contribution #3 Third contribution:
		f7f13f27 15fecc75 53c9fe99 787f834f
		b106ccfd 446f4f4e 3c162149 6c6acb49
		6f688dc6 058043b0 f130518e 277c3258
		d5ebb41d 28d802eb 98bc764c 38ec847c
[32;22m[INFO]  [39;1msnarkJS[0m: -------------------------
[32;22m[INFO]  [39;1msnarkJS[0m: contribution #2 2nd Contributor:
		b09d387a 45a23305 4845664d a6f29f2c
		868b0488 fa242d19 d30224de ffd37820
		fb939f71 017e794c ea7dae64 c42fb8e5
		1b048473 f486149d 35028d39 1fafd1a8
[32;22m[INFO]  [39;1msnarkJS[0m: -------------------------
[32;22m[INFO]  [39;1msnarkJS[0m: contribution #1 1st Contributor:
		cb140195 d63994ec 08914e88 d1fe6f2d
		f82ced7d 4032ede1 524de6fc 3f1205ff
		b7e9bd57 24071e8a 2c2450b7 078c5c0a
		2492b0d2 72c635a9 60fe980c 8fe3179e
[32;22m[INFO]  [39;1msnarkJS[0m: -------------------------
[32;22m[INFO]  [39;1msnarkJS[0m: ZKey Ok!
