# cmd : snarkjs powersoftau contribute pot8_0000.ptau pot8_0001.ptau --name="First contribution" -v -e="some random text"
# cwd : /mnt/c/Users/Barbi/Documents/Code/GitHub/Zero-Knowledge-Rollup/bench-out/20260730_114105/circuits/1

[36;22m[DEBUG] [39;1msnarkJS[0m: Calculating First Challenge Hash
[36;22m[DEBUG] [39;1msnarkJS[0m: Calculate Initial Hash: tauG1
[36;22m[DEBUG] [39;1msnarkJS[0m: Calculate Initial Hash: tauG2
[36;22m[DEBUG] [39;1msnarkJS[0m: Calculate Initial Hash: alphaTauG1
[36;22m[DEBUG] [39;1msnarkJS[0m: Calculate Initial Hash: betaTauG1
[36;22m[DEBUG] [39;1msnarkJS[0m: processing: tauG1: 0/511
[36;22m[DEBUG] [39;1msnarkJS[0m: processing: tauG2: 0/256
[36;22m[DEBUG] [39;1msnarkJS[0m: processing: alphaTauG1: 0/256
[36;22m[DEBUG] [39;1msnarkJS[0m: processing: betaTauG1: 0/256
[36;22m[DEBUG] [39;1msnarkJS[0m: processing: betaTauG2: 0/1
[32;22m[INFO]  [39;1msnarkJS[0m: Contribution Response Hash imported: 
		f9401e08 4eb0d6da df4e8219 48c1b838
		3fa15768 664c27a5 fc994f69 7f8f4530
		478c2dfb d1812186 ce736e2d d26b211d
		7915c6a5 79275963 1abbfea0 8bf43b9e
[32;22m[INFO]  [39;1msnarkJS[0m: Next Challenge Hash: 
		b1528474 6b45a11c fc2ceff8 359a6686
		baf3aa69 6abfbced b2862cbc a7c2a1f3
		c3258dae 8cdcc1d6 75fb8e21 bc825e34
		36752ca4 c5b5fa30 44b8afbe 2a38ceee
