# cmd : snarkjs powersoftau verify pot8_0003.ptau
# cwd : /mnt/c/Users/Barbi/Documents/Code/GitHub/Zero-Knowledge-Rollup/bench-out/20260730_114105/circuits/1

[32;22m[INFO]  [39;1msnarkJS[0m: Powers Of tau file OK!
[32;22m[INFO]  [39;1msnarkJS[0m: Next challenge hash: 
		446750dc 2d2297f2 46dca87b 1fdf0c2a
		9c5b2f06 0b8a9e3d 237998ac a709535d
		15755776 262e21fb a01f00ec 84efaad8
		b28a5944 ff3aa128 b58ae6e2 6652a8f3
[32;22m[INFO]  [39;1msnarkJS[0m: -----------------------------------------------------
[32;22m[INFO]  [39;1msnarkJS[0m: Contribution #3: Third contribution
[32;22m[INFO]  [39;1msnarkJS[0m: Next Challenge: 
		446750dc 2d2297f2 46dca87b 1fdf0c2a
		9c5b2f06 0b8a9e3d 237998ac a709535d
		15755776 262e21fb a01f00ec 84efaad8
		b28a5944 ff3aa128 b58ae6e2 6652a8f3
[32;22m[INFO]  [39;1msnarkJS[0m: Response Hash:
		731c7d60 3722ba36 b596d0d6 2f394df5
		8e19b4e4 8a711414 34bcfca0 90c6fd83
		9fc6885a 69668982 ca89f0ba d2b98b31
		dff14b29 2524272f 3c10485f 62000299
[32;22m[INFO]  [39;1msnarkJS[0m: Response Hash:
		e7fb5504 e7c075d8 d67f03d4 7f238a51
		fa35ab78 57343cf7 2a694f54 369b368c
		0b885144 1e4f88ed 28eb916b eeb76a48
		9fc5b37a e5bcc421 2c216536 60f2570e
[32;22m[INFO]  [39;1msnarkJS[0m: Powers Of tau file OK!
[32;22m[INFO]  [39;1msnarkJS[0m: -----------------------------------------------------
[32;22m[INFO]  [39;1msnarkJS[0m: Contribution #2: Second contribution
[32;22m[INFO]  [39;1msnarkJS[0m: Next Challenge: 
		e7fb5504 e7c075d8 d67f03d4 7f238a51
		fa35ab78 57343cf7 2a694f54 369b368c
		0b885144 1e4f88ed 28eb916b eeb76a48
		9fc5b37a e5bcc421 2c216536 60f2570e
[32;22m[INFO]  [39;1msnarkJS[0m: Response Hash:
		da0da638 b59955e7 0aff9fa8 8347c2b6
		c53ca9af 6c810383 7fd4c0cf 1a128c33
		a798c851 56092e22 6927ef1d 5c63f905
		83a05fe7 6dde9d1a bcb81d35 9194cada
[32;22m[INFO]  [39;1msnarkJS[0m: Response Hash:
		b1528474 6b45a11c fc2ceff8 359a6686
		baf3aa69 6abfbced b2862cbc a7c2a1f3
		c3258dae 8cdcc1d6 75fb8e21 bc825e34
		36752ca4 c5b5fa30 44b8afbe 2a38ceee
[32;22m[INFO]  [39;1msnarkJS[0m: Powers Of tau file OK!
[32;22m[INFO]  [39;1msnarkJS[0m: -----------------------------------------------------
[32;22m[INFO]  [39;1msnarkJS[0m: Contribution #1: First contribution
[32;22m[INFO]  [39;1msnarkJS[0m: Next Challenge: 
		b1528474 6b45a11c fc2ceff8 359a6686
		baf3aa69 6abfbced b2862cbc a7c2a1f3
		c3258dae 8cdcc1d6 75fb8e21 bc825e34
		36752ca4 c5b5fa30 44b8afbe 2a38ceee
[32;22m[INFO]  [39;1msnarkJS[0m: Response Hash:
		f9401e08 4eb0d6da df4e8219 48c1b838
		3fa15768 664c27a5 fc994f69 7f8f4530
		478c2dfb d1812186 ce736e2d d26b211d
		7915c6a5 79275963 1abbfea0 8bf43b9e
[32;22m[INFO]  [39;1msnarkJS[0m: Response Hash:
		219cd1f3 eab9d2a7 0ebec1e8 9ce41ade
		8d761eb3 9fd6702a cda57762 83026ac8
		81746bea c81c214b 887e9102 e84c8341
		824fd983 f4e7df84 4d150ddf 5fd2fe48
[32;22m[INFO]  [39;1msnarkJS[0m: -----------------------------------------------------
[33;22m[WARN]  [39;1msnarkJS[0m: this file does not contain phase2 precalculated values. Please run: 
   snarkjs "powersoftau preparephase2" to prepare this file to be used in the phase2 ceremony.
[32;22m[INFO]  [39;1msnarkJS[0m: Powers of Tau Ok!
