# cmd : snarkjs powersoftau contribute pot9_0000.ptau pot9_0001.ptau --name="First contribution" -v -e="some random text"
# cwd : /mnt/c/Users/Barbi/Documents/Code/GitHub/Zero-Knowledge-Rollup/bench-out/20260730_114105/circuits/2

[36;22m[DEBUG] [39;1msnarkJS[0m: Calculating First Challenge Hash
[36;22m[DEBUG] [39;1msnarkJS[0m: Calculate Initial Hash: tauG1
[36;22m[DEBUG] [39;1msnarkJS[0m: Calculate Initial Hash: tauG2
[36;22m[DEBUG] [39;1msnarkJS[0m: Calculate Initial Hash: alphaTauG1
[36;22m[DEBUG] [39;1msnarkJS[0m: Calculate Initial Hash: betaTauG1
[36;22m[DEBUG] [39;1msnarkJS[0m: processing: tauG1: 0/1023
[36;22m[DEBUG] [39;1msnarkJS[0m: processing: tauG2: 0/512
[36;22m[DEBUG] [39;1msnarkJS[0m: processing: alphaTauG1: 0/512
[36;22m[DEBUG] [39;1msnarkJS[0m: processing: betaTauG1: 0/512
[36;22m[DEBUG] [39;1msnarkJS[0m: processing: betaTauG2: 0/1
[32;22m[INFO]  [39;1msnarkJS[0m: Contribution Response Hash imported: 
		c569f0b3 5c3ed102 06b78c77 5b886e8b
		d279fe09 92dd2779 00ed2cd2 0cbae9a6
		cf796e96 80eabbdf 438a6678 78777fdf
		8feb9c14 eb6971c8 b5ae5b45 7c8d6af1
[32;22m[INFO]  [39;1msnarkJS[0m: Next Challenge Hash: 
		72dc0245 d17c5885 14c16a1d 98fc795b
		db4ae68f 9abca45e 48c73874 5f205ac3
		3d82ee7d a14393be f1c9b1d8 c474993c
		fbc250d2 dc438bcc c9565fb3 07108fd8
