# cmd : snarkjs powersoftau verify pot9_final.ptau
# cwd : /mnt/c/Users/Barbi/Documents/Code/GitHub/Zero-Knowledge-Rollup/bench-out/20260730_114105/circuits/2

[32;22m[INFO]  [39;1msnarkJS[0m: Powers Of tau file OK!
[32;22m[INFO]  [39;1msnarkJS[0m: Next challenge hash: 
		405bed62 8aca24c8 0bff880e 8de7bf7b
		05d6d4a4 d8bfe9df 8bc784d9 48c44b8f
		383bfb0c 30fa81ca 607b8d87 32d37ec3
		1857e656 a4470cc5 cd1a4b9f 3856e0c3
[32;22m[INFO]  [39;1msnarkJS[0m: -----------------------------------------------------
[32;22m[INFO]  [39;1msnarkJS[0m: Contribution #4: Final Beacon
[32;22m[INFO]  [39;1msnarkJS[0m: Next Challenge: 
		405bed62 8aca24c8 0bff880e 8de7bf7b
		05d6d4a4 d8bfe9df 8bc784d9 48c44b8f
		383bfb0c 30fa81ca 607b8d87 32d37ec3
		1857e656 a4470cc5 cd1a4b9f 3856e0c3
[32;22m[INFO]  [39;1msnarkJS[0m: Response Hash:
		797f89d6 a58aa50a aeb583ae 7d496ba8
		15de9d9b c747aa4d 755878f5 b454920e
		cf9b78a3 4fce2196 a60ef07f 4b4e63d9
		be115d28 9be05072 e38e954e 0e52f5a3
[32;22m[INFO]  [39;1msnarkJS[0m: Response Hash:
		28c62135 dd8cbae7 8eb28356 f287eb23
		6e343028 4ac0794a aabd82ac 3d5ba508
		160b8e91 1d0fc2e4 0a8289ce 69f2de0c
		3c11e417 a2abee90 ad5a6b8d 224af746
[32;22m[INFO]  [39;1msnarkJS[0m: Beacon generator: 0102030405060708090a0b0c0d0e0f101112131015161718191a1b1c1d1e1f
[32;22m[INFO]  [39;1msnarkJS[0m: Beacon iterations Exp: 10
[32;22m[INFO]  [39;1msnarkJS[0m: Powers Of tau file OK!
[32;22m[INFO]  [39;1msnarkJS[0m: -----------------------------------------------------
[32;22m[INFO]  [39;1msnarkJS[0m: Contribution #3: Third contribution
[32;22m[INFO]  [39;1msnarkJS[0m: Next Challenge: 
		28c62135 dd8cbae7 8eb28356 f287eb23
		6e343028 4ac0794a aabd82ac 3d5ba508
		160b8e91 1d0fc2e4 0a8289ce 69f2de0c
		3c11e417 a2abee90 ad5a6b8d 224af746
[32;22m[INFO]  [39;1msnarkJS[0m: Response Hash:
		5b3ccace 1fb56788 0d9213be 64e97fef
		033ec1b1 59eff863 cde86790 0383a8d3
		180c747a 04dac1d1 07605e2a e1ad6fe6
		91819052 2a4362b1 d6624d02 517201e7
[32;22m[INFO]  [39;1msnarkJS[0m: Response Hash:
		3e4925d9 848ae801 96ec5bb0 f1fa0ee3
		dd2a4b11 32e94e6a 7ce937e6 08612813
		963e78b8 b97300c7 2addbaad 8cf2ba02
		531b5864 8cba865d f4573982 d831543c
[32;22m[INFO]  [39;1msnarkJS[0m: Powers Of tau file OK!
[32;22m[INFO]  [39;1msnarkJS[0m: -----------------------------------------------------
[32;22m[INFO]  [39;1msnarkJS[0m: Contribution #2: Second contribution
[32;22m[INFO]  [39;1msnarkJS[0m: Next Challenge: 
		3e4925d9 848ae801 96ec5bb0 f1fa0ee3
		dd2a4b11 32e94e6a 7ce937e6 08612813
		963e78b8 b97300c7 2addbaad 8cf2ba02
		531b5864 8cba865d f4573982 d831543c
[32;22m[INFO]  [39;1msnarkJS[0m: Response Hash:
		d247f570 2b345bdb 4059d52c 932eb507
		62b507ab 7ebd766a af50be4d 2ebd8c62
		d9b30cfa 0ef86018 825946d0 1ce820ca
		f8d33b51 76722ac7 74675d86 c5ab5774
[32;22m[INFO]  [39;1msnarkJS[0m: Response Hash:
		72dc0245 d17c5885 14c16a1d 98fc795b
		db4ae68f 9abca45e 48c73874 5f205ac3
		3d82ee7d a14393be f1c9b1d8 c474993c
		fbc250d2 dc438bcc c9565fb3 07108fd8
[32;22m[INFO]  [39;1msnarkJS[0m: Powers Of tau file OK!
[32;22m[INFO]  [39;1msnarkJS[0m: -----------------------------------------------------
[32;22m[INFO]  [39;1msnarkJS[0m: Contribution #1: First contribution
[32;22m[INFO]  [39;1msnarkJS[0m: Next Challenge: 
		72dc0245 d17c5885 14c16a1d 98fc795b
		db4ae68f 9abca45e 48c73874 5f205ac3
		3d82ee7d a14393be f1c9b1d8 c474993c
		fbc250d2 dc438bcc c9565fb3 07108fd8
[32;22m[INFO]  [39;1msnarkJS[0m: Response Hash:
		c569f0b3 5c3ed102 06b78c77 5b886e8b
		d279fe09 92dd2779 00ed2cd2 0cbae9a6
		cf796e96 80eabbdf 438a6678 78777fdf
		8feb9c14 eb6971c8 b5ae5b45 7c8d6af1
[32;22m[INFO]  [39;1msnarkJS[0m: Response Hash:
		0d8118d8 d038768c 26c94392 51627e2a
		19293bf0 f18cf95c 7642d2f8 d736e739
		668138aa f900709e edb1b050 2a7577ab
		e16644ee 80313b09 a7f05c62 1980083f
[32;22m[INFO]  [39;1msnarkJS[0m: -----------------------------------------------------
[32;22m[INFO]  [39;1msnarkJS[0m: Powers of Tau Ok!
