# cmd : snarkjs zkey verify circuit.r1cs pot13_final.ptau circuit_0003.zkey
# cwd : /mnt/c/Users/Barbi/Documents/Code/GitHub/Zero-Knowledge-Rollup/bench-out/20260730_114105/circuits/32

[32;22m[INFO]  [39;1msnarkJS[0m: Reading r1cs
[32;22m[INFO]  [39;1msnarkJS[0m: Reading tauG1
[32;22m[INFO]  [39;1msnarkJS[0m: Reading tauG2
[32;22m[INFO]  [39;1msnarkJS[0m: Reading alphatauG1
[32;22m[INFO]  [39;1msnarkJS[0m: Reading betatauG1
[32;22m[INFO]  [39;1msnarkJS[0m: Circuit hash: 
		acbe440c 0a7d0937 18f717c0 85d467b6
		e254a042 c116df26 f815e9a6 e54a0764
		328681f4 16e067cc 05fc0fa9 32e09e84
		96be8cd4 b98ba0b3 3cc6aa62 f88177b7
[32;22m[INFO]  [39;1msnarkJS[0m: Circuit Hash: 
		acbe440c 0a7d0937 18f717c0 85d467b6
		e254a042 c116df26 f815e9a6 e54a0764
		328681f4 16e067cc 05fc0fa9 32e09e84
		96be8cd4 b98ba0b3 3cc6aa62 f88177b7
[32;22m[INFO]  [39;1msnarkJS[0m: -------------------------
[32;22m[INFO]  [39;1msnarkJS[0m: contribution #3 Third contribution:
		77de15cc 4db22d14 7873aaee 7b19ed93
		ba2ae51d 1cab4e11 9195d79a b5bfcc9b
		c07f21bb c09d8981 5dbf590b ca05c89d
		89677c03 2459da1f 58584aa3 fdb52c3c
[32;22m[INFO]  [39;1msnarkJS[0m: -------------------------
[32;22m[INFO]  [39;1msnarkJS[0m: contribution #2 2nd Contributor:
		5c44d01f c9402306 31e037b2 c3159e30
		edeba90c b6bf386b 0fbf874d 946ea185
		57d1870a e580cdd7 4bedfe79 acf94d08
		c4daf06c 24761ad8 00fc84a2 41670b64
[32;22m[INFO]  [39;1msnarkJS[0m: -------------------------
[32;22m[INFO]  [39;1msnarkJS[0m: contribution #1 1st Contributor:
		483feda5 09d03ef3 92adb0e7 b810c8a1
		4753ddd8 3ce796bf b4cd8421 f52d94c0
		36d06663 aa4c360d 3dae6da5 3e7a2255
		970aa343 45969ac2 528f4af0 0c510875
[32;22m[INFO]  [39;1msnarkJS[0m: -------------------------
[32;22m[INFO]  [39;1msnarkJS[0m: ZKey Ok!
