# cmd : snarkjs powersoftau verify pot13_0003.ptau
# cwd : /mnt/c/Users/Barbi/Documents/Code/GitHub/Zero-Knowledge-Rollup/bench-out/20260730_114105/circuits/32

[32;22m[INFO]  [39;1msnarkJS[0m: Powers Of tau file OK!
[32;22m[INFO]  [39;1msnarkJS[0m: Next challenge hash: 
		07b9f352 46ebae59 28ab939e a4d01c04
		fc7f43ee 740481e3 d5ecaec5 29da4caf
		0346455b 5a0c4f2c f2bac980 4ea00af5
		6ee10dac f5ae58e3 ffd8fcbf 2f62f46d
[32;22m[INFO]  [39;1msnarkJS[0m: -----------------------------------------------------
[32;22m[INFO]  [39;1msnarkJS[0m: Contribution #3: Third contribution
[32;22m[INFO]  [39;1msnarkJS[0m: Next Challenge: 
		07b9f352 46ebae59 28ab939e a4d01c04
		fc7f43ee 740481e3 d5ecaec5 29da4caf
		0346455b 5a0c4f2c f2bac980 4ea00af5
		6ee10dac f5ae58e3 ffd8fcbf 2f62f46d
[32;22m[INFO]  [39;1msnarkJS[0m: Response Hash:
		dd743bbf 91890451 a6e57a1c 922bfe18
		82af2070 fe585127 b3523a96 6e37a6ec
		93e40f2d 9d2eac61 effabfe0 8dea3189
		fe56cd09 fb7ed38d dda9655b 2cacab6c
[32;22m[INFO]  [39;1msnarkJS[0m: Response Hash:
		3d58f70a 57d1cf7f a2248f65 91c022dd
		266fc96a 83a8cb00 35a7d586 bf5ea79e
		ce8da4ac 406961f8 056fe48a de1f7dcd
		57b327ec f67b46e1 d431706f 99cc99f7
[32;22m[INFO]  [39;1msnarkJS[0m: Powers Of tau file OK!
[32;22m[INFO]  [39;1msnarkJS[0m: -----------------------------------------------------
[32;22m[INFO]  [39;1msnarkJS[0m: Contribution #2: Second contribution
[32;22m[INFO]  [39;1msnarkJS[0m: Next Challenge: 
		3d58f70a 57d1cf7f a2248f65 91c022dd
		266fc96a 83a8cb00 35a7d586 bf5ea79e
		ce8da4ac 406961f8 056fe48a de1f7dcd
		57b327ec f67b46e1 d431706f 99cc99f7
[32;22m[INFO]  [39;1msnarkJS[0m: Response Hash:
		e06e61bc ab0f4e3b 68a40647 55073332
		ddae804d 81fbf021 98286c74 a4de43c8
		0515b1a5 11d0457c 39892111 f746e6e6
		80f20943 c43c047e f50a9828 5db87f0e
[32;22m[INFO]  [39;1msnarkJS[0m: Response Hash:
		2d8bd2c5 ffd73f29 fdc294d7 ce7f5336
		097446f2 e5bab0f3 58aa1621 c9d28bf7
		e9fa6845 7bc9a710 378c6819 a86e1a0d
		c956e788 6945a22a 9ef81bad 4afc2fa8
[32;22m[INFO]  [39;1msnarkJS[0m: Powers Of tau file OK!
[32;22m[INFO]  [39;1msnarkJS[0m: -----------------------------------------------------
[32;22m[INFO]  [39;1msnarkJS[0m: Contribution #1: First contribution
[32;22m[INFO]  [39;1msnarkJS[0m: Next Challenge: 
		2d8bd2c5 ffd73f29 fdc294d7 ce7f5336
		097446f2 e5bab0f3 58aa1621 c9d28bf7
		e9fa6845 7bc9a710 378c6819 a86e1a0d
		c956e788 6945a22a 9ef81bad 4afc2fa8
[32;22m[INFO]  [39;1msnarkJS[0m: Response Hash:
		c5952407 4322b7c9 c38a3e35 4401424c
		190360a8 a5f394b7 b2fa8101 e517844c
		9304f271 78d7e75c d9e58196 172ff9f9
		aeb54de5 5fc08004 716984ad 279ea874
[32;22m[INFO]  [39;1msnarkJS[0m: Response Hash:
		b149df23 29d37dee 14a2a9c9 ddcd0eb8
		e1fb6a5a f5dcbdd4 f46a10e0 176dac30
		62579199 95193c2c b067c467 7138f506
		341dc2d3 279dc020 4fcc2e9d 14390581
[32;22m[INFO]  [39;1msnarkJS[0m: -----------------------------------------------------
[33;22m[WARN]  [39;1msnarkJS[0m: this file does not contain phase2 precalculated values. Please run: 
   snarkjs "powersoftau preparephase2" to prepare this file to be used in the phase2 ceremony.
[32;22m[INFO]  [39;1msnarkJS[0m: Powers of Tau Ok!
