# cmd : snarkjs powersoftau contribute pot10_0000.ptau pot10_0001.ptau --name="First contribution" -v -e="some random text"
# cwd : /mnt/c/Users/Barbi/Documents/Code/GitHub/Zero-Knowledge-Rollup/bench-out/20260730_114105/circuits/4

[36;22m[DEBUG] [39;1msnarkJS[0m: Calculating First Challenge Hash
[36;22m[DEBUG] [39;1msnarkJS[0m: Calculate Initial Hash: tauG1
[36;22m[DEBUG] [39;1msnarkJS[0m: Calculate Initial Hash: tauG2
[36;22m[DEBUG] [39;1msnarkJS[0m: Calculate Initial Hash: alphaTauG1
[36;22m[DEBUG] [39;1msnarkJS[0m: Calculate Initial Hash: betaTauG1
[36;22m[DEBUG] [39;1msnarkJS[0m: processing: tauG1: 0/2047
[36;22m[DEBUG] [39;1msnarkJS[0m: processing: tauG2: 0/1024
[36;22m[DEBUG] [39;1msnarkJS[0m: processing: alphaTauG1: 0/1024
[36;22m[DEBUG] [39;1msnarkJS[0m: processing: betaTauG1: 0/1024
[36;22m[DEBUG] [39;1msnarkJS[0m: processing: betaTauG2: 0/1
[32;22m[INFO]  [39;1msnarkJS[0m: Contribution Response Hash imported: 
		99cf5869 b44b4be2 a7e54457 295b5ff5
		2b9d7d6b 246a93f0 07275014 6934c6e8
		c23507b6 fd3a02f9 632157d7 6fbba354
		f324e2cc 4c34c402 d97e6cfb 763d547a
[32;22m[INFO]  [39;1msnarkJS[0m: Next Challenge Hash: 
		24de545a 224560d7 a86ee10f 1e7874ab
		49a0b41c fea54674 ae9b2db3 016f412f
		e8456fe8 7aaf714e c390ef60 bfde647c
		b9742081 d5e0c75a 83946544 9c526256
