# cmd : snarkjs zkey verify circuit.r1cs pot14_final.ptau circuit_final.zkey
# cwd : /mnt/c/Users/Barbi/Documents/Code/GitHub/Zero-Knowledge-Rollup/bench-out/20260730_114105/circuits/64

[32;22m[INFO]  [39;1msnarkJS[0m: Reading r1cs
[32;22m[INFO]  [39;1msnarkJS[0m: Reading tauG1
[32;22m[INFO]  [39;1msnarkJS[0m: Reading tauG2
[32;22m[INFO]  [39;1msnarkJS[0m: Reading alphatauG1
[32;22m[INFO]  [39;1msnarkJS[0m: Reading betatauG1
[32;22m[INFO]  [39;1msnarkJS[0m: Circuit hash: 
		b8cf050d 519f7b1a 50f4daea 323369a5
		6de68a57 31b9cd03 44db36af bad599fe
		5727f265 c8bb7a29 5fdebe73 2105d73d
		deff6d23 c09f2138 cb6859f9 da6d78c8
[32;22m[INFO]  [39;1msnarkJS[0m: Circuit Hash: 
		b8cf050d 519f7b1a 50f4daea 323369a5
		6de68a57 31b9cd03 44db36af bad599fe
		5727f265 c8bb7a29 5fdebe73 2105d73d
		deff6d23 c09f2138 cb6859f9 da6d78c8
[32;22m[INFO]  [39;1msnarkJS[0m: -------------------------
[32;22m[INFO]  [39;1msnarkJS[0m: contribution #4 Final Beacon phase2:
		fad53009 e61b387e c475f901 038cd2b9
		eec63f9e 28faf799 e4b3f26b 3908d59a
		c503f932 3ae91ecc 55825074 13a4fa83
		90f21cb3 d3c94f2b e9feb539 08fbee8c
[32;22m[INFO]  [39;1msnarkJS[0m: Beacon generator: 0102030405060708090a0b0c0d0e0f101112131515161718191a1b1c1d1e1f
[32;22m[INFO]  [39;1msnarkJS[0m: Beacon iterations Exp: 10
[32;22m[INFO]  [39;1msnarkJS[0m: -------------------------
[32;22m[INFO]  [39;1msnarkJS[0m: contribution #3 Third contribution:
		411ce899 5d008f64 c3de8cb7 61081244
		2267e3ec 315884a2 37872071 541199a7
		84d2af34 6e5c4029 fe9d8475 da8ad703
		f499b5f9 ffbc5105 8fd39953 2b5a5c95
[32;22m[INFO]  [39;1msnarkJS[0m: -------------------------
[32;22m[INFO]  [39;1msnarkJS[0m: contribution #2 2nd Contributor:
		346e8143 b7460dec eb5f5c87 354d8b4f
		54b5a79d 74af6f1d 5419c27b e230c2b3
		3b40eea0 4aa21aba b258436a f67c5de4
		625c02d6 c9eaaf80 70d229b2 5fd4cd95
[32;22m[INFO]  [39;1msnarkJS[0m: -------------------------
[32;22m[INFO]  [39;1msnarkJS[0m: contribution #1 1st Contributor:
		085d4109 5dc92b4f 12156471 9a46cc01
		1c3da61f a0b5110d 84853db2 93b5238e
		cc259cf1 f7cd52f4 d21e96e8 b1a8e23c
		e88e4d2d 3d5a4558 735f9898 01e8ceb7
[32;22m[INFO]  [39;1msnarkJS[0m: -------------------------
[32;22m[INFO]  [39;1msnarkJS[0m: ZKey Ok!
