# cmd : snarkjs powersoftau contribute pot14_0000.ptau pot14_0001.ptau --name="First contribution" -v -e="some random text"
# cwd : /mnt/c/Users/Barbi/Documents/Code/GitHub/Zero-Knowledge-Rollup/bench-out/20260730_114105/circuits/64

[36;22m[DEBUG] [39;1msnarkJS[0m: Calculating First Challenge Hash
[36;22m[DEBUG] [39;1msnarkJS[0m: Calculate Initial Hash: tauG1
[36;22m[DEBUG] [39;1msnarkJS[0m: Calculate Initial Hash: tauG2
[36;22m[DEBUG] [39;1msnarkJS[0m: Calculate Initial Hash: alphaTauG1
[36;22m[DEBUG] [39;1msnarkJS[0m: Calculate Initial Hash: betaTauG1
[36;22m[DEBUG] [39;1msnarkJS[0m: processing: tauG1: 0/32767
[36;22m[DEBUG] [39;1msnarkJS[0m: processing: tauG1: 16384/32767
[36;22m[DEBUG] [39;1msnarkJS[0m: processing: tauG2: 0/16384
[36;22m[DEBUG] [39;1msnarkJS[0m: processing: tauG2: 8192/16384
[36;22m[DEBUG] [39;1msnarkJS[0m: processing: alphaTauG1: 0/16384
[36;22m[DEBUG] [39;1msnarkJS[0m: processing: betaTauG1: 0/16384
[36;22m[DEBUG] [39;1msnarkJS[0m: processing: betaTauG2: 0/1
[32;22m[INFO]  [39;1msnarkJS[0m: Contribution Response Hash imported: 
		77688f46 932c93e6 06215cfd 306663a2
		b255c1e3 34fdc1c5 d20fb851 c14fb091
		04ebf941 75379fc1 2fb68eed d1ba6ac4
		1187981c 44ff7073 d57d2f82 9c49762d
[32;22m[INFO]  [39;1msnarkJS[0m: Next Challenge Hash: 
		4313fd02 1c3dc294 16e602b9 3af8e16b
		174cb3a5 4caf7641 ebb08640 fd928566
		89b5fd96 45176124 85f0cc12 4c7881e1
		dd8680f5 4ca621df c8298512 97833050
