# cmd : snarkjs powersoftau verify pot14_0003.ptau
# cwd : /mnt/c/Users/Barbi/Documents/Code/GitHub/Zero-Knowledge-Rollup/bench-out/20260730_114105/circuits/64

[32;22m[INFO]  [39;1msnarkJS[0m: Powers Of tau file OK!
[32;22m[INFO]  [39;1msnarkJS[0m: Next challenge hash: 
		4ebd1ec8 af1c61ca 5dfbb9cf 692aba7a
		f36891b4 05f69ef7 a8c3e289 7ef8fa27
		96013e57 7584702c b1520a80 3e806e7c
		42bea9aa 34016202 52297e7b 61960e1f
[32;22m[INFO]  [39;1msnarkJS[0m: -----------------------------------------------------
[32;22m[INFO]  [39;1msnarkJS[0m: Contribution #3: Third contribution
[32;22m[INFO]  [39;1msnarkJS[0m: Next Challenge: 
		4ebd1ec8 af1c61ca 5dfbb9cf 692aba7a
		f36891b4 05f69ef7 a8c3e289 7ef8fa27
		96013e57 7584702c b1520a80 3e806e7c
		42bea9aa 34016202 52297e7b 61960e1f
[32;22m[INFO]  [39;1msnarkJS[0m: Response Hash:
		e7beec50 52e12743 92063749 093725fe
		463b289a 45c7cd34 d54a2ad1 f9852adb
		7c7d59b7 2d748100 68e653b2 0c74f274
		3a3d85f5 f4466470 624b9d83 e97e6869
[32;22m[INFO]  [39;1msnarkJS[0m: Response Hash:
		3d02f70d 5903c924 17904c34 31221c5c
		f550b84d 8436a66c a90aa215 9c86fae2
		5202e3db a7324702 da6590c0 c7efeaf9
		ad7de960 c109f4a5 9a9bba9f 7a9c0942
[32;22m[INFO]  [39;1msnarkJS[0m: Powers Of tau file OK!
[32;22m[INFO]  [39;1msnarkJS[0m: -----------------------------------------------------
[32;22m[INFO]  [39;1msnarkJS[0m: Contribution #2: Second contribution
[32;22m[INFO]  [39;1msnarkJS[0m: Next Challenge: 
		3d02f70d 5903c924 17904c34 31221c5c
		f550b84d 8436a66c a90aa215 9c86fae2
		5202e3db a7324702 da6590c0 c7efeaf9
		ad7de960 c109f4a5 9a9bba9f 7a9c0942
[32;22m[INFO]  [39;1msnarkJS[0m: Response Hash:
		1fc2f58c dac44e6d bc6a3812 edb2fcc1
		36701422 caaaed82 0165de47 9ead2e00
		7a4ac853 08e8b19c ad627999 b2013582
		55eb1bd9 ea504e4a e5b56abe 58162190
[32;22m[INFO]  [39;1msnarkJS[0m: Response Hash:
		4313fd02 1c3dc294 16e602b9 3af8e16b
		174cb3a5 4caf7641 ebb08640 fd928566
		89b5fd96 45176124 85f0cc12 4c7881e1
		dd8680f5 4ca621df c8298512 97833050
[32;22m[INFO]  [39;1msnarkJS[0m: Powers Of tau file OK!
[32;22m[INFO]  [39;1msnarkJS[0m: -----------------------------------------------------
[32;22m[INFO]  [39;1msnarkJS[0m: Contribution #1: First contribution
[32;22m[INFO]  [39;1msnarkJS[0m: Next Challenge: 
		4313fd02 1c3dc294 16e602b9 3af8e16b
		174cb3a5 4caf7641 ebb08640 fd928566
		89b5fd96 45176124 85f0cc12 4c7881e1
		dd8680f5 4ca621df c8298512 97833050
[32;22m[INFO]  [39;1msnarkJS[0m: Response Hash:
		77688f46 932c93e6 06215cfd 306663a2
		b255c1e3 34fdc1c5 d20fb851 c14fb091
		04ebf941 75379fc1 2fb68eed d1ba6ac4
		1187981c 44ff7073 d57d2f82 9c49762d
[32;22m[INFO]  [39;1msnarkJS[0m: Response Hash:
		bc0bde79 80381fa6 42b20975 91dd83f1
		ed15b003 e15c3552 0af32c95 eb519149
		2a6f3175 215635cf c10e6098 e2c612d0
		ca84f1a9 f90b5333 560c8af5 9b9209f4
[32;22m[INFO]  [39;1msnarkJS[0m: -----------------------------------------------------
[33;22m[WARN]  [39;1msnarkJS[0m: this file does not contain phase2 precalculated values. Please run: 
   snarkjs "powersoftau preparephase2" to prepare this file to be used in the phase2 ceremony.
[32;22m[INFO]  [39;1msnarkJS[0m: Powers of Tau Ok!
