# cmd : snarkjs powersoftau contribute pot11_0000.ptau pot11_0001.ptau --name="First contribution" -v -e="some random text"
# cwd : /mnt/c/Users/Barbi/Documents/Code/GitHub/Zero-Knowledge-Rollup/bench-out/20260730_114105/circuits/8

[36;22m[DEBUG] [39;1msnarkJS[0m: Calculating First Challenge Hash
[36;22m[DEBUG] [39;1msnarkJS[0m: Calculate Initial Hash: tauG1
[36;22m[DEBUG] [39;1msnarkJS[0m: Calculate Initial Hash: tauG2
[36;22m[DEBUG] [39;1msnarkJS[0m: Calculate Initial Hash: alphaTauG1
[36;22m[DEBUG] [39;1msnarkJS[0m: Calculate Initial Hash: betaTauG1
[36;22m[DEBUG] [39;1msnarkJS[0m: processing: tauG1: 0/4095
[36;22m[DEBUG] [39;1msnarkJS[0m: processing: tauG2: 0/2048
[36;22m[DEBUG] [39;1msnarkJS[0m: processing: alphaTauG1: 0/2048
[36;22m[DEBUG] [39;1msnarkJS[0m: processing: betaTauG1: 0/2048
[36;22m[DEBUG] [39;1msnarkJS[0m: processing: betaTauG2: 0/1
[32;22m[INFO]  [39;1msnarkJS[0m: Contribution Response Hash imported: 
		bb653389 d596b659 77aec3af 38d27676
		11a270fa c5923453 77fc2f12 fcd46b86
		48d1009c ed958699 b1ba5dcf d7bfafcd
		ad251106 a7b0f34a 39f4fa6e e46c155c
[32;22m[INFO]  [39;1msnarkJS[0m: Next Challenge Hash: 
		7155c83c b00ab78b 0d8e5a8d 15f1b3db
		e96d7b2c 091a3fbe d4144e3a 38a9e3b5
		85e0f6a4 1b9d5c51 505315d8 99420b24
		fce72418 8594bdd0 0a9f8447 726dbcca
