# cmd : snarkjs zkey verify circuit.r1cs pot11_final.ptau circuit_0003.zkey
# cwd : /mnt/c/Users/Barbi/Documents/Code/GitHub/Zero-Knowledge-Rollup/bench-out/20260730_114105/circuits/8

[32;22m[INFO]  [39;1msnarkJS[0m: Reading r1cs
[32;22m[INFO]  [39;1msnarkJS[0m: Reading tauG1
[32;22m[INFO]  [39;1msnarkJS[0m: Reading tauG2
[32;22m[INFO]  [39;1msnarkJS[0m: Reading alphatauG1
[32;22m[INFO]  [39;1msnarkJS[0m: Reading betatauG1
[32;22m[INFO]  [39;1msnarkJS[0m: Circuit hash: 
		ab3e8ef7 dd08b044 4ba7f7dc 8e81df9e
		ec377ca9 6773a972 452585c3 9f0c8f51
		aece4d2c 1e02314d 60987c29 ffacf364
		e116899e 118efa8a 833cd1b0 4be12607
[32;22m[INFO]  [39;1msnarkJS[0m: Circuit Hash: 
		ab3e8ef7 dd08b044 4ba7f7dc 8e81df9e
		ec377ca9 6773a972 452585c3 9f0c8f51
		aece4d2c 1e02314d 60987c29 ffacf364
		e116899e 118efa8a 833cd1b0 4be12607
[32;22m[INFO]  [39;1msnarkJS[0m: -------------------------
[32;22m[INFO]  [39;1msnarkJS[0m: contribution #3 Third contribution:
		09862179 e98f1ac2 0b305671 271f4315
		0e6e4a04 38ffa495 c4f4ff07 cb9fb4f7
		d20c3ee2 7b39a3fc 1f2e5be7 e732f832
		46aabfb0 6d78db39 a823396d c9d79aa9
[32;22m[INFO]  [39;1msnarkJS[0m: -------------------------
[32;22m[INFO]  [39;1msnarkJS[0m: contribution #2 2nd Contributor:
		cf952b85 bc302bf4 53fa7e3a 7ed7dd0d
		4d9c3f1e 041835a7 1ab3d5e9 8dee729f
		8ac647c8 3b868beb 3c55b5d3 de84dc05
		db796e85 0f91f075 6006ef05 af8837a7
[32;22m[INFO]  [39;1msnarkJS[0m: -------------------------
[32;22m[INFO]  [39;1msnarkJS[0m: contribution #1 1st Contributor:
		37585d5c bf31538b 7ab8d8db 207d98af
		8c794db3 8a1db1b0 bfaf1dd3 74ffa0d4
		31162f62 d1c0df92 6639ec3d e7489b78
		cf15a60d 1e2c591b a8a5e305 8a0e4c6d
[32;22m[INFO]  [39;1msnarkJS[0m: -------------------------
[32;22m[INFO]  [39;1msnarkJS[0m: ZKey Ok!
