[36;22m[DEBUG] [39;1msnarkJS[0m: Calculating First Challenge Hash
[36;22m[DEBUG] [39;1msnarkJS[0m: Calculate Initial Hash: tauG1
[36;22m[DEBUG] [39;1msnarkJS[0m: Calculate Initial Hash: tauG2
[36;22m[DEBUG] [39;1msnarkJS[0m: Calculate Initial Hash: alphaTauG1
[36;22m[DEBUG] [39;1msnarkJS[0m: Calculate Initial Hash: betaTauG1
[36;22m[DEBUG] [39;1msnarkJS[0m: processing: tauG1: 0/2047
[36;22m[DEBUG] [39;1msnarkJS[0m: processing: tauG2: 0/1024
[36;22m[DEBUG] [39;1msnarkJS[0m: processing: alphaTauG1: 0/1024
[36;22m[DEBUG] [39;1msnarkJS[0m: processing: betaTauG1: 0/1024
[36;22m[DEBUG] [39;1msnarkJS[0m: processing: betaTauG2: 0/1
[32;22m[INFO]  [39;1msnarkJS[0m: Contribution Response Hash imported: 
		ddca4334 5bcdb3dc d175b512 16c72944
		848b850a 74c6a702 aeea2d90 230f718f
		8245fd28 aa5a97e6 312cf0cb f3914904
		61a5a0d8 9e7f72c6 9072ff38 e98dbcf3
[32;22m[INFO]  [39;1msnarkJS[0m: Next Challenge Hash: 
		12bbf6dc deea2b02 ff44316d 88077824
		e36edc67 3ba6435e af289ece 7cf24037
		3395ec57 a81da027 67b00d0e 8cbdffbe
		51ece940 1d4f7ce1 2826f0cd 5bbb09d8
