[32;22m[INFO]  [39;1msnarkJS[0m: Powers Of tau file OK!
[32;22m[INFO]  [39;1msnarkJS[0m: Next challenge hash: 
		372b902a b821d4c7 a45ecf96 2a655bdb
		52cfb6c9 8c77db9d 4b4c7f90 db9b3307
		2edab60d fc69a80e f0882314 5c0823a3
		2dae145a 0dd74fcb 28e4ab15 7f5daef1
[32;22m[INFO]  [39;1msnarkJS[0m: -----------------------------------------------------
[32;22m[INFO]  [39;1msnarkJS[0m: Contribution #4: Final Beacon
[32;22m[INFO]  [39;1msnarkJS[0m: Next Challenge: 
		372b902a b821d4c7 a45ecf96 2a655bdb
		52cfb6c9 8c77db9d 4b4c7f90 db9b3307
		2edab60d fc69a80e f0882314 5c0823a3
		2dae145a 0dd74fcb 28e4ab15 7f5daef1
[32;22m[INFO]  [39;1msnarkJS[0m: Response Hash:
		e14005c3 f2c04e95 2d1e46e9 22a1b5af
		0ab1b018 f0041b87 04c0ebff 53232a6f
		2ab08ab8 b64f31b7 a060a37d 46b333ce
		b50b1244 20b0461e 6a4b4c45 46251742
[32;22m[INFO]  [39;1msnarkJS[0m: Response Hash:
		0825e622 a052bb81 01bce703 7926576a
		afe31f9e 929d9654 9e7dc983 532e992b
		b8e80d9f 952c7619 ee00cab1 16cb04f3
		f9e5db3e 224e2daa 8874227d 2ad44812
[32;22m[INFO]  [39;1msnarkJS[0m: Beacon generator: 0102030405060708090a0b0c0d0e0f101112131015161718191a1b1c1d1e1f
[32;22m[INFO]  [39;1msnarkJS[0m: Beacon iterations Exp: 10
[32;22m[INFO]  [39;1msnarkJS[0m: Powers Of tau file OK!
[32;22m[INFO]  [39;1msnarkJS[0m: -----------------------------------------------------
[32;22m[INFO]  [39;1msnarkJS[0m: Contribution #3: Third contribution
[32;22m[INFO]  [39;1msnarkJS[0m: Next Challenge: 
		0825e622 a052bb81 01bce703 7926576a
		afe31f9e 929d9654 9e7dc983 532e992b
		b8e80d9f 952c7619 ee00cab1 16cb04f3
		f9e5db3e 224e2daa 8874227d 2ad44812
[32;22m[INFO]  [39;1msnarkJS[0m: Response Hash:
		53ea2a5a 3a73a93e a9884b3e 99f774db
		a1262ec0 6e26a93e a5528009 8e3602b4
		54c25947 9f354856 75a44527 c861da38
		2dadaa01 679db874 fb147229 3019fab7
[32;22m[INFO]  [39;1msnarkJS[0m: Response Hash:
		cf11cb96 a8bd6702 1e6bfb9a 98e493f0
		2d83e346 1c9a4009 9e131ae8 488c075b
		725bf239 30ae4b4b 1852f3dd 61497ed8
		77f6c9b6 a18dc964 5f4a66c5 7cedcdeb
[32;22m[INFO]  [39;1msnarkJS[0m: Powers Of tau file OK!
[32;22m[INFO]  [39;1msnarkJS[0m: -----------------------------------------------------
[32;22m[INFO]  [39;1msnarkJS[0m: Contribution #2: Second contribution
[32;22m[INFO]  [39;1msnarkJS[0m: Next Challenge: 
		cf11cb96 a8bd6702 1e6bfb9a 98e493f0
		2d83e346 1c9a4009 9e131ae8 488c075b
		725bf239 30ae4b4b 1852f3dd 61497ed8
		77f6c9b6 a18dc964 5f4a66c5 7cedcdeb
[32;22m[INFO]  [39;1msnarkJS[0m: Response Hash:
		75f6ed9b 3dbbb1b7 3089a373 2f18dc1a
		39197bd9 8891551c a700cf04 9e2e0bfd
		3f6bdaac a03997a0 0f1128a9 0cc0b8b4
		1a0f34f9 bf872316 820e3561 90df0a6f
[32;22m[INFO]  [39;1msnarkJS[0m: Response Hash:
		12bbf6dc deea2b02 ff44316d 88077824
		e36edc67 3ba6435e af289ece 7cf24037
		3395ec57 a81da027 67b00d0e 8cbdffbe
		51ece940 1d4f7ce1 2826f0cd 5bbb09d8
[32;22m[INFO]  [39;1msnarkJS[0m: Powers Of tau file OK!
[32;22m[INFO]  [39;1msnarkJS[0m: -----------------------------------------------------
[32;22m[INFO]  [39;1msnarkJS[0m: Contribution #1: First contribution
[32;22m[INFO]  [39;1msnarkJS[0m: Next Challenge: 
		12bbf6dc deea2b02 ff44316d 88077824
		e36edc67 3ba6435e af289ece 7cf24037
		3395ec57 a81da027 67b00d0e 8cbdffbe
		51ece940 1d4f7ce1 2826f0cd 5bbb09d8
[32;22m[INFO]  [39;1msnarkJS[0m: Response Hash:
		ddca4334 5bcdb3dc d175b512 16c72944
		848b850a 74c6a702 aeea2d90 230f718f
		8245fd28 aa5a97e6 312cf0cb f3914904
		61a5a0d8 9e7f72c6 9072ff38 e98dbcf3
[32;22m[INFO]  [39;1msnarkJS[0m: Response Hash:
		95f0b449 9e50f8da 383b0d74 c174c169
		8bdffe1b 35066754 005889a1 47849bbf
		8d64ff6c 989bd89a 4736b569 a99a1c83
		a50dc181 e9fe1d4d 23d1888a 98b3157e
[32;22m[INFO]  [39;1msnarkJS[0m: -----------------------------------------------------
[32;22m[INFO]  [39;1msnarkJS[0m: Powers of Tau Ok!
