# cmd : snarkjs powersoftau verify pot12_final.ptau
# cwd : /work/bench-out/20260813_101257/circuits/16

[32;22m[INFO]  [39;1msnarkJS[0m: Powers Of tau file OK!
[32;22m[INFO]  [39;1msnarkJS[0m: Next challenge hash: 
		8988399b aef66a08 ecd72abf f591da87
		7a1a6775 e8043194 3c84e77e 5dab6b96
		00396f86 d7840ec0 3731013d f2c25103
		e6d6dd4d 115d485a 3a2d2a13 6aab365a
[32;22m[INFO]  [39;1msnarkJS[0m: -----------------------------------------------------
[32;22m[INFO]  [39;1msnarkJS[0m: Contribution #4: Final Beacon
[32;22m[INFO]  [39;1msnarkJS[0m: Next Challenge: 
		8988399b aef66a08 ecd72abf f591da87
		7a1a6775 e8043194 3c84e77e 5dab6b96
		00396f86 d7840ec0 3731013d f2c25103
		e6d6dd4d 115d485a 3a2d2a13 6aab365a
[32;22m[INFO]  [39;1msnarkJS[0m: Response Hash:
		80eaff96 51e0e55a dad166b9 528aeb48
		5d2a9585 badd4158 bd4e71ce 01f90ca1
		fd96f1ce cd8dfdde 2c519ae8 c56f7510
		d18f58fd 3d2ee36e d9f9feed cd55908f
[32;22m[INFO]  [39;1msnarkJS[0m: Response Hash:
		be859cd6 570863b7 f2e12fae 200fc233
		5db6dd15 f9823e29 0be17115 3f27094b
		8f9bc0f7 cd13886a 30a3b252 f213757b
		c9fbfb12 2eace124 8f58d7e7 ebee5971
[32;22m[INFO]  [39;1msnarkJS[0m: Beacon generator: 0102030405060708090a0b0c0d0e0f101112131015161718191a1b1c1d1e1f
[32;22m[INFO]  [39;1msnarkJS[0m: Beacon iterations Exp: 10
[32;22m[INFO]  [39;1msnarkJS[0m: Powers Of tau file OK!
[32;22m[INFO]  [39;1msnarkJS[0m: -----------------------------------------------------
[32;22m[INFO]  [39;1msnarkJS[0m: Contribution #3: Third contribution
[32;22m[INFO]  [39;1msnarkJS[0m: Next Challenge: 
		be859cd6 570863b7 f2e12fae 200fc233
		5db6dd15 f9823e29 0be17115 3f27094b
		8f9bc0f7 cd13886a 30a3b252 f213757b
		c9fbfb12 2eace124 8f58d7e7 ebee5971
[32;22m[INFO]  [39;1msnarkJS[0m: Response Hash:
		9cc91aa1 3bb1da24 0fb2f8c1 ffda4cc2
		adf69a71 c177c324 d59e9f26 f6ee9f6e
		4408e113 2d6a6f41 156beb9e 60d7e22c
		e862ce18 93a9a858 e6ea2a0e 7c834f31
[32;22m[INFO]  [39;1msnarkJS[0m: Response Hash:
		f1074d4e 337059cd 83440104 61d4c580
		c3ac53a8 1629b625 5d2cb3c3 01b2e551
		2577e093 43fb894b 113544de 8e6786f1
		793e2b6b 38ec17b3 84d677d6 20019437
[32;22m[INFO]  [39;1msnarkJS[0m: Powers Of tau file OK!
[32;22m[INFO]  [39;1msnarkJS[0m: -----------------------------------------------------
[32;22m[INFO]  [39;1msnarkJS[0m: Contribution #2: Second contribution
[32;22m[INFO]  [39;1msnarkJS[0m: Next Challenge: 
		f1074d4e 337059cd 83440104 61d4c580
		c3ac53a8 1629b625 5d2cb3c3 01b2e551
		2577e093 43fb894b 113544de 8e6786f1
		793e2b6b 38ec17b3 84d677d6 20019437
[32;22m[INFO]  [39;1msnarkJS[0m: Response Hash:
		d35e21c4 af744746 50d4f24f 9efb86a7
		a89ff2e0 b8c27184 42a8622d cd175d05
		eef31455 945cb9b2 1bedb6d3 365538ec
		4669685f 9a47961b 5763255d 4fabd729
[32;22m[INFO]  [39;1msnarkJS[0m: Response Hash:
		4f90f3f2 62eec321 1fb44f54 d594b17e
		697a033d 8521b576 9cf5acbc 35a7231f
		9b0f556a 5a0697e5 80b59469 5b8cf4c9
		15acc006 3c2f7a91 929f8622 0068305a
[32;22m[INFO]  [39;1msnarkJS[0m: Powers Of tau file OK!
[32;22m[INFO]  [39;1msnarkJS[0m: -----------------------------------------------------
[32;22m[INFO]  [39;1msnarkJS[0m: Contribution #1: First contribution
[32;22m[INFO]  [39;1msnarkJS[0m: Next Challenge: 
		4f90f3f2 62eec321 1fb44f54 d594b17e
		697a033d 8521b576 9cf5acbc 35a7231f
		9b0f556a 5a0697e5 80b59469 5b8cf4c9
		15acc006 3c2f7a91 929f8622 0068305a
[32;22m[INFO]  [39;1msnarkJS[0m: Response Hash:
		52d9b5c5 c415029e afe644b9 c68c81a6
		85336650 c9cbd0dc d178dfd5 c70920a4
		42139c02 02f1d7b9 178b67ee 786f40e8
		742ac4b7 838e1e0b b5666f27 389ac5f1
[32;22m[INFO]  [39;1msnarkJS[0m: Response Hash:
		9e63a5f6 2b96538d aaed2372 481920d1
		a40b9195 9ea38ef9 f5f6a303 3b886516
		0710d067 c09d0961 5f928ea5 17bcdf49
		ad75abd2 c8340b40 0e3b18e9 68b4ffef
[32;22m[INFO]  [39;1msnarkJS[0m: -----------------------------------------------------
[32;22m[INFO]  [39;1msnarkJS[0m: Powers of Tau Ok!
