# cmd : snarkjs powersoftau contribute pot12_0000.ptau pot12_0001.ptau --name="First contribution" -v -e="some random text"
# cwd : /work/bench-out/20260813_101257/circuits/16

[36;22m[DEBUG] [39;1msnarkJS[0m: Calculating First Challenge Hash
[36;22m[DEBUG] [39;1msnarkJS[0m: Calculate Initial Hash: tauG1
[36;22m[DEBUG] [39;1msnarkJS[0m: Calculate Initial Hash: tauG2
[36;22m[DEBUG] [39;1msnarkJS[0m: Calculate Initial Hash: alphaTauG1
[36;22m[DEBUG] [39;1msnarkJS[0m: Calculate Initial Hash: betaTauG1
[36;22m[DEBUG] [39;1msnarkJS[0m: processing: tauG1: 0/8191
[36;22m[DEBUG] [39;1msnarkJS[0m: processing: tauG2: 0/4096
[36;22m[DEBUG] [39;1msnarkJS[0m: processing: alphaTauG1: 0/4096
[36;22m[DEBUG] [39;1msnarkJS[0m: processing: betaTauG1: 0/4096
[36;22m[DEBUG] [39;1msnarkJS[0m: processing: betaTauG2: 0/1
[32;22m[INFO]  [39;1msnarkJS[0m: Contribution Response Hash imported: 
		52d9b5c5 c415029e afe644b9 c68c81a6
		85336650 c9cbd0dc d178dfd5 c70920a4
		42139c02 02f1d7b9 178b67ee 786f40e8
		742ac4b7 838e1e0b b5666f27 389ac5f1
[32;22m[INFO]  [39;1msnarkJS[0m: Next Challenge Hash: 
		4f90f3f2 62eec321 1fb44f54 d594b17e
		697a033d 8521b576 9cf5acbc 35a7231f
		9b0f556a 5a0697e5 80b59469 5b8cf4c9
		15acc006 3c2f7a91 929f8622 0068305a
