# cmd : snarkjs powersoftau verify pot9_final.ptau
# cwd : /work/bench-out/20260813_101257/circuits/2

[32;22m[INFO]  [39;1msnarkJS[0m: Powers Of tau file OK!
[32;22m[INFO]  [39;1msnarkJS[0m: Next challenge hash: 
		d622f835 b3ce5007 15ee1545 f4c2592e
		bde0c2f9 c1863558 39dd83ea d16fb289
		d0bb6d73 e605b177 82aac05c 20fb9508
		f1ffc884 a39ed9ed fc094d38 2fa1a189
[32;22m[INFO]  [39;1msnarkJS[0m: -----------------------------------------------------
[32;22m[INFO]  [39;1msnarkJS[0m: Contribution #4: Final Beacon
[32;22m[INFO]  [39;1msnarkJS[0m: Next Challenge: 
		d622f835 b3ce5007 15ee1545 f4c2592e
		bde0c2f9 c1863558 39dd83ea d16fb289
		d0bb6d73 e605b177 82aac05c 20fb9508
		f1ffc884 a39ed9ed fc094d38 2fa1a189
[32;22m[INFO]  [39;1msnarkJS[0m: Response Hash:
		1c70285c be2b2235 dcb69be3 9322b745
		520c210f fc2df1c3 84505595 e1817703
		432982c2 bb581aa9 d4f5bbf7 71403d8f
		1d4a857f 21e1c79d 94d4f2cd 94a35e04
[32;22m[INFO]  [39;1msnarkJS[0m: Response Hash:
		a22a60b8 a7d57743 c055f57a 6b5e85f1
		54399851 470c8d33 077bf3e3 f297f777
		c5e00583 5ed63fad 8d7dc864 67cf9dee
		1a463269 81ccc70a 43cbe7fe 4520a8b2
[32;22m[INFO]  [39;1msnarkJS[0m: Beacon generator: 0102030405060708090a0b0c0d0e0f101112131015161718191a1b1c1d1e1f
[32;22m[INFO]  [39;1msnarkJS[0m: Beacon iterations Exp: 10
[32;22m[INFO]  [39;1msnarkJS[0m: Powers Of tau file OK!
[32;22m[INFO]  [39;1msnarkJS[0m: -----------------------------------------------------
[32;22m[INFO]  [39;1msnarkJS[0m: Contribution #3: Third contribution
[32;22m[INFO]  [39;1msnarkJS[0m: Next Challenge: 
		a22a60b8 a7d57743 c055f57a 6b5e85f1
		54399851 470c8d33 077bf3e3 f297f777
		c5e00583 5ed63fad 8d7dc864 67cf9dee
		1a463269 81ccc70a 43cbe7fe 4520a8b2
[32;22m[INFO]  [39;1msnarkJS[0m: Response Hash:
		957ffa8d 42f54c57 1aa817ab 8c5b4fe8
		fefbf5fe e875a87d 7a9aac05 341914e6
		ea07402d f938ee76 a15fc0a3 6c84553a
		71e83cbf 7f1f2265 d2e4f0a0 88e9440d
[32;22m[INFO]  [39;1msnarkJS[0m: Response Hash:
		6a9af0ae d7b0a477 0f1f2d8a 9268a04d
		7eb0dfcd eea9b67c 03af9273 ab11cf4c
		3e338cb3 c7167376 a7799c39 3b824f6e
		1a8206a7 59162825 5749dac6 aa6eae8d
[32;22m[INFO]  [39;1msnarkJS[0m: Powers Of tau file OK!
[32;22m[INFO]  [39;1msnarkJS[0m: -----------------------------------------------------
[32;22m[INFO]  [39;1msnarkJS[0m: Contribution #2: Second contribution
[32;22m[INFO]  [39;1msnarkJS[0m: Next Challenge: 
		6a9af0ae d7b0a477 0f1f2d8a 9268a04d
		7eb0dfcd eea9b67c 03af9273 ab11cf4c
		3e338cb3 c7167376 a7799c39 3b824f6e
		1a8206a7 59162825 5749dac6 aa6eae8d
[32;22m[INFO]  [39;1msnarkJS[0m: Response Hash:
		4415025b 4a5c06e6 d0294395 4ff5f352
		788b8022 0e895002 fe11cba3 1d21e97d
		16a335b4 0833a3b0 1a87cbe5 9868d0f2
		a5c2e13a a0c402e2 ebc5724c f3366ecd
[32;22m[INFO]  [39;1msnarkJS[0m: Response Hash:
		6bba1874 a7a8596c b268346c faaf4316
		6ffb836b 7cb708b2 58237c8a 060543ff
		4afac669 867aef2a 9fc30d7d 8758a45d
		dec964b9 ce413a09 a664629c c380a629
[32;22m[INFO]  [39;1msnarkJS[0m: Powers Of tau file OK!
[32;22m[INFO]  [39;1msnarkJS[0m: -----------------------------------------------------
[32;22m[INFO]  [39;1msnarkJS[0m: Contribution #1: First contribution
[32;22m[INFO]  [39;1msnarkJS[0m: Next Challenge: 
		6bba1874 a7a8596c b268346c faaf4316
		6ffb836b 7cb708b2 58237c8a 060543ff
		4afac669 867aef2a 9fc30d7d 8758a45d
		dec964b9 ce413a09 a664629c c380a629
[32;22m[INFO]  [39;1msnarkJS[0m: Response Hash:
		ac477038 5ad2fb53 743f8501 685b942a
		a6bb6c55 897631cc 2b407530 122977c8
		235b2c97 84810a96 05a2e68b 69463ab1
		65a6cea4 f01cf5a5 b2094a08 151f175d
[32;22m[INFO]  [39;1msnarkJS[0m: Response Hash:
		0d8118d8 d038768c 26c94392 51627e2a
		19293bf0 f18cf95c 7642d2f8 d736e739
		668138aa f900709e edb1b050 2a7577ab
		e16644ee 80313b09 a7f05c62 1980083f
[32;22m[INFO]  [39;1msnarkJS[0m: -----------------------------------------------------
[32;22m[INFO]  [39;1msnarkJS[0m: Powers of Tau Ok!
