# cmd : snarkjs zkey verify circuit.r1cs pot13_final.ptau circuit_final.zkey
# cwd : /work/bench-out/20260813_101257/circuits/32

[32;22m[INFO]  [39;1msnarkJS[0m: Reading r1cs
[32;22m[INFO]  [39;1msnarkJS[0m: Reading tauG1
[32;22m[INFO]  [39;1msnarkJS[0m: Reading tauG2
[32;22m[INFO]  [39;1msnarkJS[0m: Reading alphatauG1
[32;22m[INFO]  [39;1msnarkJS[0m: Reading betatauG1
[32;22m[INFO]  [39;1msnarkJS[0m: Circuit hash: 
		fe5f593f 5a3da7b5 b949a557 edd58271
		a11075b1 0b0aaa9f 3d156999 56c732f0
		2660b808 d798b71b 78a5d3a8 1e9745cd
		591f206d 43d662c9 6b5c71db d534a4da
[32;22m[INFO]  [39;1msnarkJS[0m: Circuit Hash: 
		fe5f593f 5a3da7b5 b949a557 edd58271
		a11075b1 0b0aaa9f 3d156999 56c732f0
		2660b808 d798b71b 78a5d3a8 1e9745cd
		591f206d 43d662c9 6b5c71db d534a4da
[32;22m[INFO]  [39;1msnarkJS[0m: -------------------------
[32;22m[INFO]  [39;1msnarkJS[0m: contribution #4 Final Beacon phase2:
		85d7b84f 9567973d 4f822f0d f9605286
		4f10f2d4 f633a782 25749339 04dbe6e6
		c067689e 35e77b2f e547d686 02f57af7
		f5fd7a61 10095838 99599ef3 6789330e
[32;22m[INFO]  [39;1msnarkJS[0m: Beacon generator: 0102030405060708090a0b0c0d0e0f101112131515161718191a1b1c1d1e1f
[32;22m[INFO]  [39;1msnarkJS[0m: Beacon iterations Exp: 10
[32;22m[INFO]  [39;1msnarkJS[0m: -------------------------
[32;22m[INFO]  [39;1msnarkJS[0m: contribution #3 Third contribution:
		31c15da9 961747a0 e7f7a3c9 a5de944f
		04ea03b2 ca70bb5f e189149b 0a96d03c
		d1f90eb7 5ffb3966 7673104a 10571053
		5568479a 471b403b 1e78f6e8 e45a9c49
[32;22m[INFO]  [39;1msnarkJS[0m: -------------------------
[32;22m[INFO]  [39;1msnarkJS[0m: contribution #2 2nd Contributor:
		a361ba73 297c6deb 6edaf051 6d353381
		a531adb3 eeabed29 dd5b2d1f acebfa40
		22ed1097 1937a80f 29b885a0 178aa55e
		2f096be6 1e005950 6a483571 26a7dca0
[32;22m[INFO]  [39;1msnarkJS[0m: -------------------------
[32;22m[INFO]  [39;1msnarkJS[0m: contribution #1 1st Contributor:
		39438dba 575c7dbe 481ee357 1f1c1370
		aee23185 abfd6cf7 0be2584e 5a36f6dc
		c4da08bb 03a38c89 835ef570 4cc4341b
		f4ca1d39 927f6ed5 8696833d fa11b969
[32;22m[INFO]  [39;1msnarkJS[0m: -------------------------
[32;22m[INFO]  [39;1msnarkJS[0m: ZKey Ok!
