# cmd : snarkjs powersoftau verify pot10_0003.ptau
# cwd : /work/bench-out/20260813_101257/circuits/4

[32;22m[INFO]  [39;1msnarkJS[0m: Powers Of tau file OK!
[32;22m[INFO]  [39;1msnarkJS[0m: Next challenge hash: 
		3c109e7c 309fa260 f1f7b063 3e4a620d
		e2bdafbc dc37bd9a 68c88865 9be491d0
		3397ffb7 fbbd75cc b9ade18c 8b9bd552
		79cb7828 24d53978 63d2f166 483564ff
[32;22m[INFO]  [39;1msnarkJS[0m: -----------------------------------------------------
[32;22m[INFO]  [39;1msnarkJS[0m: Contribution #3: Third contribution
[32;22m[INFO]  [39;1msnarkJS[0m: Next Challenge: 
		3c109e7c 309fa260 f1f7b063 3e4a620d
		e2bdafbc dc37bd9a 68c88865 9be491d0
		3397ffb7 fbbd75cc b9ade18c 8b9bd552
		79cb7828 24d53978 63d2f166 483564ff
[32;22m[INFO]  [39;1msnarkJS[0m: Response Hash:
		502fe867 092abd31 018fa217 b7653243
		eb475b84 39742b4f e3e4e5f3 f15289cd
		0b93dd78 4c93f2f6 924d60b1 b0ef5876
		3055e347 8a4d584f 2a5aa8dc 0cd0a301
[32;22m[INFO]  [39;1msnarkJS[0m: Response Hash:
		2fe98f38 7b837dd5 f3a3c261 1bc5499f
		d4359fbf 0a485540 c4a096af 76abda22
		d60e02d4 d08ae8e7 1c57642b 10617cfa
		51187fc9 093d99ab 754f7bd7 dcc02d05
[32;22m[INFO]  [39;1msnarkJS[0m: Powers Of tau file OK!
[32;22m[INFO]  [39;1msnarkJS[0m: -----------------------------------------------------
[32;22m[INFO]  [39;1msnarkJS[0m: Contribution #2: Second contribution
[32;22m[INFO]  [39;1msnarkJS[0m: Next Challenge: 
		2fe98f38 7b837dd5 f3a3c261 1bc5499f
		d4359fbf 0a485540 c4a096af 76abda22
		d60e02d4 d08ae8e7 1c57642b 10617cfa
		51187fc9 093d99ab 754f7bd7 dcc02d05
[32;22m[INFO]  [39;1msnarkJS[0m: Response Hash:
		1f671cfe d368ae54 84cd9f2e 1d423d43
		7d265275 81b141c6 03446a47 d03493d6
		3b2e16f7 8828b988 7113ee91 c4f7dfbd
		e473b959 773a177c 48a43a82 89285236
[32;22m[INFO]  [39;1msnarkJS[0m: Response Hash:
		23fd4033 d86a9fab 992b6727 549f8b9f
		db7d5480 3f33c90a da06299f ef27dce9
		3970493b 177c0384 b754419f cb503ae0
		f85675c4 2416b887 f96de048 58db8c6a
[32;22m[INFO]  [39;1msnarkJS[0m: Powers Of tau file OK!
[32;22m[INFO]  [39;1msnarkJS[0m: -----------------------------------------------------
[32;22m[INFO]  [39;1msnarkJS[0m: Contribution #1: First contribution
[32;22m[INFO]  [39;1msnarkJS[0m: Next Challenge: 
		23fd4033 d86a9fab 992b6727 549f8b9f
		db7d5480 3f33c90a da06299f ef27dce9
		3970493b 177c0384 b754419f cb503ae0
		f85675c4 2416b887 f96de048 58db8c6a
[32;22m[INFO]  [39;1msnarkJS[0m: Response Hash:
		e7bcd6db 26db9130 5449d502 d9d077f9
		f61363ff cb9f35cd c13f144d 6f3a4bf0
		9d84375c 010e212e bb522db9 be484b78
		773cc4e2 e76614ec f8b16ca3 d946cf4a
[32;22m[INFO]  [39;1msnarkJS[0m: Response Hash:
		95f0b449 9e50f8da 383b0d74 c174c169
		8bdffe1b 35066754 005889a1 47849bbf
		8d64ff6c 989bd89a 4736b569 a99a1c83
		a50dc181 e9fe1d4d 23d1888a 98b3157e
[32;22m[INFO]  [39;1msnarkJS[0m: -----------------------------------------------------
[33;22m[WARN]  [39;1msnarkJS[0m: this file does not contain phase2 precalculated values. Please run: 
   snarkjs "powersoftau preparephase2" to prepare this file to be used in the phase2 ceremony.
[32;22m[INFO]  [39;1msnarkJS[0m: Powers of Tau Ok!
