# cmd : snarkjs zkey verify circuit.r1cs pot10_final.ptau circuit_final.zkey
# cwd : /work/bench-out/20260813_101257/circuits/4

[32;22m[INFO]  [39;1msnarkJS[0m: Reading r1cs
[32;22m[INFO]  [39;1msnarkJS[0m: Reading tauG1
[32;22m[INFO]  [39;1msnarkJS[0m: Reading tauG2
[32;22m[INFO]  [39;1msnarkJS[0m: Reading alphatauG1
[32;22m[INFO]  [39;1msnarkJS[0m: Reading betatauG1
[32;22m[INFO]  [39;1msnarkJS[0m: Circuit hash: 
		18931aec bb9c0667 11bff1c5 f36ec842
		9436a65e 9b600cb5 da283107 764777dc
		c092dc5b 4faaf865 ba9cf439 581de431
		fd04df69 22975ba7 ec69b97c a412490f
[32;22m[INFO]  [39;1msnarkJS[0m: Circuit Hash: 
		18931aec bb9c0667 11bff1c5 f36ec842
		9436a65e 9b600cb5 da283107 764777dc
		c092dc5b 4faaf865 ba9cf439 581de431
		fd04df69 22975ba7 ec69b97c a412490f
[32;22m[INFO]  [39;1msnarkJS[0m: -------------------------
[32;22m[INFO]  [39;1msnarkJS[0m: contribution #4 Final Beacon phase2:
		d7506e29 65971caa 55603c7c 3949e3fa
		22ca4978 4ec569df f0ec552d 4e1980be
		22c5b977 efdba666 8624458b 3c196366
		76095826 275c0b5d 85ba9c32 d98a47fb
[32;22m[INFO]  [39;1msnarkJS[0m: Beacon generator: 0102030405060708090a0b0c0d0e0f101112131515161718191a1b1c1d1e1f
[32;22m[INFO]  [39;1msnarkJS[0m: Beacon iterations Exp: 10
[32;22m[INFO]  [39;1msnarkJS[0m: -------------------------
[32;22m[INFO]  [39;1msnarkJS[0m: contribution #3 Third contribution:
		d25d707b 4811995c c35741d9 79c663ab
		15dfb24d e41f54ca 699d7ee4 a880defd
		ea1703ad 6c6a1903 3f56bdcc 19c8f7f5
		d751e6a0 dacdd527 c5f4b688 771827af
[32;22m[INFO]  [39;1msnarkJS[0m: -------------------------
[32;22m[INFO]  [39;1msnarkJS[0m: contribution #2 2nd Contributor:
		aea28ec2 62e83fde 58983a80 4c3370d1
		562e5218 5597b4c1 c03fc76f b94320d0
		1ce82d3b a388c5e7 9ae7284c e8c4c7af
		050140f8 ba960789 1157d479 35536e40
[32;22m[INFO]  [39;1msnarkJS[0m: -------------------------
[32;22m[INFO]  [39;1msnarkJS[0m: contribution #1 1st Contributor:
		7b5c0f3f 839366a2 81c23105 9c50730c
		aadb2fab 85306e78 16255b0b 3e267a73
		b8e4adf5 35ccb5a2 8857e89f 1b6a7d2d
		fe0041e0 fcf6e564 6bc467d0 7b07e384
[32;22m[INFO]  [39;1msnarkJS[0m: -------------------------
[32;22m[INFO]  [39;1msnarkJS[0m: ZKey Ok!
