# cmd : snarkjs zkey verify circuit.r1cs pot14_final.ptau circuit_0003.zkey
# cwd : /work/bench-out/20260813_101257/circuits/64

[32;22m[INFO]  [39;1msnarkJS[0m: Reading r1cs
[32;22m[INFO]  [39;1msnarkJS[0m: Reading tauG1
[32;22m[INFO]  [39;1msnarkJS[0m: Reading tauG2
[32;22m[INFO]  [39;1msnarkJS[0m: Reading alphatauG1
[32;22m[INFO]  [39;1msnarkJS[0m: Reading betatauG1
[32;22m[INFO]  [39;1msnarkJS[0m: Circuit hash: 
		9c3921cd 76ecd80a 9c6628ea 3f0b5008
		b920ec78 5830699e 5780b999 534e1e1a
		89b0a884 6b7bf409 84c0c371 3b984de4
		01a5f331 e6fb4d9f 12a46418 0673307e
[32;22m[INFO]  [39;1msnarkJS[0m: Circuit Hash: 
		9c3921cd 76ecd80a 9c6628ea 3f0b5008
		b920ec78 5830699e 5780b999 534e1e1a
		89b0a884 6b7bf409 84c0c371 3b984de4
		01a5f331 e6fb4d9f 12a46418 0673307e
[32;22m[INFO]  [39;1msnarkJS[0m: -------------------------
[32;22m[INFO]  [39;1msnarkJS[0m: contribution #3 Third contribution:
		2fca7f6e 6bf6b356 f65a03fe b3a11b63
		0b074d83 b37c1532 f1cab77e cd228bc4
		a643c41e 93821a3d d5d3e0c7 ec17a518
		89a040b7 d389ec03 6b81afd9 322a17a3
[32;22m[INFO]  [39;1msnarkJS[0m: -------------------------
[32;22m[INFO]  [39;1msnarkJS[0m: contribution #2 2nd Contributor:
		e1b02ccd 478bed5c a388dc29 9e82a22c
		e6928941 bf530376 7765291e c20f922e
		eee2d394 bc281ff0 32aca75d 5e37a2f3
		9c497680 48080325 34ff90a7 d89939a9
[32;22m[INFO]  [39;1msnarkJS[0m: -------------------------
[32;22m[INFO]  [39;1msnarkJS[0m: contribution #1 1st Contributor:
		83fe5446 81531002 b28e55be 1e9ee45b
		9ea56680 8a6f7ae1 f645e6fe 7292b69c
		56e12380 ca0077f9 f3b39d62 7bd30d30
		d3b7a67e 7b72e9ae 85304c5e c524a597
[32;22m[INFO]  [39;1msnarkJS[0m: -------------------------
[32;22m[INFO]  [39;1msnarkJS[0m: ZKey Ok!
