# cmd : snarkjs powersoftau contribute pot14_0000.ptau pot14_0001.ptau --name="First contribution" -v -e="some random text"
# cwd : /work/bench-out/20260813_101257/circuits/64

[36;22m[DEBUG] [39;1msnarkJS[0m: Calculating First Challenge Hash
[36;22m[DEBUG] [39;1msnarkJS[0m: Calculate Initial Hash: tauG1
[36;22m[DEBUG] [39;1msnarkJS[0m: Calculate Initial Hash: tauG2
[36;22m[DEBUG] [39;1msnarkJS[0m: Calculate Initial Hash: alphaTauG1
[36;22m[DEBUG] [39;1msnarkJS[0m: Calculate Initial Hash: betaTauG1
[36;22m[DEBUG] [39;1msnarkJS[0m: processing: tauG1: 0/32767
[36;22m[DEBUG] [39;1msnarkJS[0m: processing: tauG1: 16384/32767
[36;22m[DEBUG] [39;1msnarkJS[0m: processing: tauG2: 0/16384
[36;22m[DEBUG] [39;1msnarkJS[0m: processing: tauG2: 8192/16384
[36;22m[DEBUG] [39;1msnarkJS[0m: processing: alphaTauG1: 0/16384
[36;22m[DEBUG] [39;1msnarkJS[0m: processing: betaTauG1: 0/16384
[36;22m[DEBUG] [39;1msnarkJS[0m: processing: betaTauG2: 0/1
[32;22m[INFO]  [39;1msnarkJS[0m: Contribution Response Hash imported: 
		6ff90cf0 1c7eabe0 435507a1 296c3dd0
		28d9fc00 774721bb d6a36a52 9be68b7a
		1b58f8c4 d2aee83f e474021c e1b57027
		1a5d6056 77179535 ea038ab9 71b5fe54
[32;22m[INFO]  [39;1msnarkJS[0m: Next Challenge Hash: 
		6b4e6403 ab99b0ba 4761d786 5e6cfb41
		07e237b3 52c2d08d 790424a7 3bacc47c
		a9d2893f d872d757 ad046352 5ccf227b
		5cc821d9 70fc5d18 f6ac1571 66d71708
