[32;22m[INFO]  [39;1msnarkJS[0m: Powers Of tau file OK!
[32;22m[INFO]  [39;1msnarkJS[0m: Next challenge hash: 
		3d5391de 6b473e1c 60c50b16 f88dd7a6
		9a7a1718 aa729d3f 44cb1d4e 6646762a
		a18bc352 d18e77c7 e39cfd7f 27b24772
		ee6e5470 9a012417 41ef2345 c8dcbb58
[32;22m[INFO]  [39;1msnarkJS[0m: -----------------------------------------------------
[32;22m[INFO]  [39;1msnarkJS[0m: Contribution #4: Final Beacon
[32;22m[INFO]  [39;1msnarkJS[0m: Next Challenge: 
		3d5391de 6b473e1c 60c50b16 f88dd7a6
		9a7a1718 aa729d3f 44cb1d4e 6646762a
		a18bc352 d18e77c7 e39cfd7f 27b24772
		ee6e5470 9a012417 41ef2345 c8dcbb58
[32;22m[INFO]  [39;1msnarkJS[0m: Response Hash:
		206a5f04 bfc7fbce 294dd0de 2266a3e6
		770b820c 7d1437c1 6340c7e1 d9867722
		e6577400 0316625c bcd48a79 c2c01952
		60fb1a0c 74861a4c 944f7f65 502dd11c
[32;22m[INFO]  [39;1msnarkJS[0m: Response Hash:
		daa650c6 69dc634b a0c26915 5d4b7ee3
		38fdf1f9 e332881c 2d6cddac 10c99457
		228bb079 2595c23d af74f65c 5e9d0d11
		98362f56 2ffa0d74 8942276c 35aee28e
[32;22m[INFO]  [39;1msnarkJS[0m: Beacon generator: 0102030405060708090a0b0c0d0e0f101112131015161718191a1b1c1d1e1f
[32;22m[INFO]  [39;1msnarkJS[0m: Beacon iterations Exp: 10
[32;22m[INFO]  [39;1msnarkJS[0m: Powers Of tau file OK!
[32;22m[INFO]  [39;1msnarkJS[0m: -----------------------------------------------------
[32;22m[INFO]  [39;1msnarkJS[0m: Contribution #3: Third contribution
[32;22m[INFO]  [39;1msnarkJS[0m: Next Challenge: 
		daa650c6 69dc634b a0c26915 5d4b7ee3
		38fdf1f9 e332881c 2d6cddac 10c99457
		228bb079 2595c23d af74f65c 5e9d0d11
		98362f56 2ffa0d74 8942276c 35aee28e
[32;22m[INFO]  [39;1msnarkJS[0m: Response Hash:
		6e1bf4a0 2199b987 b6eb6603 08abc729
		1830f292 18ae91c7 7253a7fc 1843dd5b
		74a96747 5e7837c4 0747197b 600eae7b
		c1b0bbc4 700743b5 c46f39ce a301d1e5
[32;22m[INFO]  [39;1msnarkJS[0m: Response Hash:
		b1c403eb 56175dc2 3582b375 6cc1b03d
		1ed794f0 aee2e658 08cd3bf5 01f7b996
		2a0de545 6cdf4e35 77271ad7 0768267b
		f8774f03 de786819 4449b186 e94590a5
[32;22m[INFO]  [39;1msnarkJS[0m: Powers Of tau file OK!
[32;22m[INFO]  [39;1msnarkJS[0m: -----------------------------------------------------
[32;22m[INFO]  [39;1msnarkJS[0m: Contribution #2: Second contribution
[32;22m[INFO]  [39;1msnarkJS[0m: Next Challenge: 
		b1c403eb 56175dc2 3582b375 6cc1b03d
		1ed794f0 aee2e658 08cd3bf5 01f7b996
		2a0de545 6cdf4e35 77271ad7 0768267b
		f8774f03 de786819 4449b186 e94590a5
[32;22m[INFO]  [39;1msnarkJS[0m: Response Hash:
		4627a618 b1a0b488 1b4b19b4 71310802
		fd16c115 4a55c5bf 5a3d2c2f daa98c2a
		31d295c2 d2bb16d1 eabb7f47 225c789f
		14c547f4 daab8ecf 0db82bd7 855f9991
[32;22m[INFO]  [39;1msnarkJS[0m: Response Hash:
		30016c7a c3c525c8 3ed9740d 60627788
		cf703c74 6c81dedb 85501856 570cb3cd
		7fe9493c cb7fdcff 17260115 eda5eccd
		c2e75002 3c27921e 60dd6ce0 0e19f51c
[32;22m[INFO]  [39;1msnarkJS[0m: Powers Of tau file OK!
[32;22m[INFO]  [39;1msnarkJS[0m: -----------------------------------------------------
[32;22m[INFO]  [39;1msnarkJS[0m: Contribution #1: First contribution
[32;22m[INFO]  [39;1msnarkJS[0m: Next Challenge: 
		30016c7a c3c525c8 3ed9740d 60627788
		cf703c74 6c81dedb 85501856 570cb3cd
		7fe9493c cb7fdcff 17260115 eda5eccd
		c2e75002 3c27921e 60dd6ce0 0e19f51c
[32;22m[INFO]  [39;1msnarkJS[0m: Response Hash:
		72dfcc0e 60c1db98 83ab5ceb fcc8fd5d
		186681ef 55ff5cd9 0d67d523 07187985
		508f3786 0aaf4cf6 608b6b32 921886bb
		ff68c062 7ae47cc6 463cc894 288f9529
[32;22m[INFO]  [39;1msnarkJS[0m: Response Hash:
		0d8118d8 d038768c 26c94392 51627e2a
		19293bf0 f18cf95c 7642d2f8 d736e739
		668138aa f900709e edb1b050 2a7577ab
		e16644ee 80313b09 a7f05c62 1980083f
[32;22m[INFO]  [39;1msnarkJS[0m: -----------------------------------------------------
[32;22m[INFO]  [39;1msnarkJS[0m: Powers of Tau Ok!
