[32;22m[INFO]  [39;1msnarkJS[0m: Reading r1cs
[32;22m[INFO]  [39;1msnarkJS[0m: Reading tauG1
[32;22m[INFO]  [39;1msnarkJS[0m: Reading tauG2
[32;22m[INFO]  [39;1msnarkJS[0m: Reading alphatauG1
[32;22m[INFO]  [39;1msnarkJS[0m: Reading betatauG1
[32;22m[INFO]  [39;1msnarkJS[0m: Circuit hash: 
		a3324f07 2af3f775 adb8b8cb 6d266ab8
		018e53cc d064be89 7e2c1aa4 05f44fa3
		ebcbf8e8 f4783c14 fa668415 28d36680
		4cc4e996 1319f116 d1133ed5 e82e4d34
[32;22m[INFO]  [39;1msnarkJS[0m: Circuit Hash: 
		a3324f07 2af3f775 adb8b8cb 6d266ab8
		018e53cc d064be89 7e2c1aa4 05f44fa3
		ebcbf8e8 f4783c14 fa668415 28d36680
		4cc4e996 1319f116 d1133ed5 e82e4d34
[32;22m[INFO]  [39;1msnarkJS[0m: -------------------------
[32;22m[INFO]  [39;1msnarkJS[0m: contribution #4 Final Beacon phase2:
		699c35b1 2b3bc4ca 3c10b7eb 8fa17db5
		93499b4d 700d2120 eb972e9e 0d947ea2
		2638ecba c7d2d135 280f69c9 77f5bec6
		3f9e2e23 f898b332 8c662e23 57cb0fde
[32;22m[INFO]  [39;1msnarkJS[0m: Beacon generator: 0102030405060708090a0b0c0d0e0f101112131515161718191a1b1c1d1e1f
[32;22m[INFO]  [39;1msnarkJS[0m: Beacon iterations Exp: 10
[32;22m[INFO]  [39;1msnarkJS[0m: -------------------------
[32;22m[INFO]  [39;1msnarkJS[0m: contribution #3 Third contribution:
		7f602446 4146749e 1ba7c02e 80bc8ba1
		ca7f0536 b07d9af2 c62b605c 75e92708
		eb68dc09 5e0da0df e11fe811 c9d8c039
		8e113d1a 5cd9077d 51822d5f 51cf2748
[32;22m[INFO]  [39;1msnarkJS[0m: -------------------------
[32;22m[INFO]  [39;1msnarkJS[0m: contribution #2 2nd Contributor:
		6602cdc5 19a48883 4dd28cc8 bee6887a
		a328c262 e787627d 696db21d e3ad5554
		9b01e954 f5bdb343 45f65c33 22329ec3
		3277b6f2 863aad47 21021180 188bfd39
[32;22m[INFO]  [39;1msnarkJS[0m: -------------------------
[32;22m[INFO]  [39;1msnarkJS[0m: contribution #1 1st Contributor:
		3966a5a0 9a33518d ca7c6a38 22590d44
		639fc947 78266e98 80fdfe62 073eae45
		4bf1aabe 68f423a3 c482d80d 924128c7
		8d14315c abd2118d 72c3ba1c d16bf67f
[32;22m[INFO]  [39;1msnarkJS[0m: -------------------------
[32;22m[INFO]  [39;1msnarkJS[0m: ZKey Ok!
