# cmd : snarkjs zkey verify circuit.r1cs pot8_final.ptau circuit_final.zkey
# cwd : /work/bench-out/20260813_144351/circuits/1

[32;22m[INFO]  [39;1msnarkJS[0m: Reading r1cs
[32;22m[INFO]  [39;1msnarkJS[0m: Reading tauG1
[32;22m[INFO]  [39;1msnarkJS[0m: Reading tauG2
[32;22m[INFO]  [39;1msnarkJS[0m: Reading alphatauG1
[32;22m[INFO]  [39;1msnarkJS[0m: Reading betatauG1
[32;22m[INFO]  [39;1msnarkJS[0m: Circuit hash: 
		4a92ad32 2e4e1845 ed9c5c6f 1ac18439
		cf1a0d15 31980b9b d540206f 28c2b0cc
		30b171cc 68ae121b a3446af7 23408032
		734d759b 3d196543 369cfb86 c59ad6bd
[32;22m[INFO]  [39;1msnarkJS[0m: Circuit Hash: 
		4a92ad32 2e4e1845 ed9c5c6f 1ac18439
		cf1a0d15 31980b9b d540206f 28c2b0cc
		30b171cc 68ae121b a3446af7 23408032
		734d759b 3d196543 369cfb86 c59ad6bd
[32;22m[INFO]  [39;1msnarkJS[0m: -------------------------
[32;22m[INFO]  [39;1msnarkJS[0m: contribution #4 Final Beacon phase2:
		dddd9b43 872a851a b6c59135 f0286907
		75d2df91 21d5b544 dd9e1c8d 5e9a14c2
		fd96a926 ee1227ff d70d74b8 dc33c173
		a67a5987 91ea8b88 a5a45238 5ed1497b
[32;22m[INFO]  [39;1msnarkJS[0m: Beacon generator: 0102030405060708090a0b0c0d0e0f101112131515161718191a1b1c1d1e1f
[32;22m[INFO]  [39;1msnarkJS[0m: Beacon iterations Exp: 10
[32;22m[INFO]  [39;1msnarkJS[0m: -------------------------
[32;22m[INFO]  [39;1msnarkJS[0m: contribution #3 Third contribution:
		6fd80b9e c2d306a9 b057e719 4c955658
		1bbb103f b1e7b3d3 e04a46d5 4aea9873
		455272ef b77eb2c9 599dd34d fbbf6f03
		fb468481 1da8a029 8520a608 b8ed200d
[32;22m[INFO]  [39;1msnarkJS[0m: -------------------------
[32;22m[INFO]  [39;1msnarkJS[0m: contribution #2 2nd Contributor:
		8da1ee6f 6ab482bb 33d4a861 78055cdf
		1b37634d 61187d50 3d3d9136 6544cad6
		0c5f7e50 b55f33fb c8f50e29 0ca739ac
		3c543919 dde5b495 33be0527 e792eb65
[32;22m[INFO]  [39;1msnarkJS[0m: -------------------------
[32;22m[INFO]  [39;1msnarkJS[0m: contribution #1 1st Contributor:
		5c67ce24 b64a6c4c c6b9f2ec 02c73a4e
		2cb3e4d1 026207da da6c0c06 d65ef5a5
		68e4a023 d44a5297 8d5cf4d9 a751882f
		76a36e48 ad56b9fa e5b58ba8 a6307a69
[32;22m[INFO]  [39;1msnarkJS[0m: -------------------------
[32;22m[INFO]  [39;1msnarkJS[0m: ZKey Ok!
