# cmd : snarkjs powersoftau contribute pot9_0000.ptau pot9_0001.ptau --name="First contribution" -v -e="some random text"
# cwd : /work/bench-out/20260813_144351/circuits/2

[36;22m[DEBUG] [39;1msnarkJS[0m: Calculating First Challenge Hash
[36;22m[DEBUG] [39;1msnarkJS[0m: Calculate Initial Hash: tauG1
[36;22m[DEBUG] [39;1msnarkJS[0m: Calculate Initial Hash: tauG2
[36;22m[DEBUG] [39;1msnarkJS[0m: Calculate Initial Hash: alphaTauG1
[36;22m[DEBUG] [39;1msnarkJS[0m: Calculate Initial Hash: betaTauG1
[36;22m[DEBUG] [39;1msnarkJS[0m: processing: tauG1: 0/1023
[36;22m[DEBUG] [39;1msnarkJS[0m: processing: tauG2: 0/512
[36;22m[DEBUG] [39;1msnarkJS[0m: processing: alphaTauG1: 0/512
[36;22m[DEBUG] [39;1msnarkJS[0m: processing: betaTauG1: 0/512
[36;22m[DEBUG] [39;1msnarkJS[0m: processing: betaTauG2: 0/1
[32;22m[INFO]  [39;1msnarkJS[0m: Contribution Response Hash imported: 
		98e31af2 fbf93990 cb5b0afb 949685c3
		a8bcc296 cd45f15f 81e42836 6702dfe9
		977623f4 d620dcdd 8906251a 8d4f0776
		7f2c1eec 660c9b17 c0bc063e c9af8cbe
[32;22m[INFO]  [39;1msnarkJS[0m: Next Challenge Hash: 
		24712698 9bbfe763 a07f64a3 11520cb6
		83e792c7 e33b226f d347216b 460bd324
		f04325be 461e9244 0475e2d4 95f8a459
		72bff904 ff014233 2144aa7c 4ab670c0
