# cmd : snarkjs powersoftau verify pot9_final.ptau
# cwd : /work/bench-out/20260813_144351/circuits/2

[32;22m[INFO]  [39;1msnarkJS[0m: Powers Of tau file OK!
[32;22m[INFO]  [39;1msnarkJS[0m: Next challenge hash: 
		99e998c6 dda332cd e9afffdf f8267779
		d50bbff8 5cfe2858 47390576 74c6f79f
		af63fad7 c1ba9edb 05606342 dc5a0526
		34192845 62f75491 5fd52942 0dff6653
[32;22m[INFO]  [39;1msnarkJS[0m: -----------------------------------------------------
[32;22m[INFO]  [39;1msnarkJS[0m: Contribution #4: Final Beacon
[32;22m[INFO]  [39;1msnarkJS[0m: Next Challenge: 
		99e998c6 dda332cd e9afffdf f8267779
		d50bbff8 5cfe2858 47390576 74c6f79f
		af63fad7 c1ba9edb 05606342 dc5a0526
		34192845 62f75491 5fd52942 0dff6653
[32;22m[INFO]  [39;1msnarkJS[0m: Response Hash:
		32c91b52 f92f7439 7b1c72d8 52a4c3b4
		bddc44d0 08f9a408 60146cdd 1d307e99
		7c704e02 16c31dc0 fe62e747 0c8ad151
		4290d16f c68b609b da63fb9c 8ee76cc4
[32;22m[INFO]  [39;1msnarkJS[0m: Response Hash:
		f48668a9 3e328ee0 e64f3ae8 25260121
		16819a1f 8d383731 e058b329 a4783f5b
		10544d64 139da6b9 f2589d7c 4b7f1c72
		cc0b1cf2 522e4962 80daacf2 78424d21
[32;22m[INFO]  [39;1msnarkJS[0m: Beacon generator: 0102030405060708090a0b0c0d0e0f101112131015161718191a1b1c1d1e1f
[32;22m[INFO]  [39;1msnarkJS[0m: Beacon iterations Exp: 10
[32;22m[INFO]  [39;1msnarkJS[0m: Powers Of tau file OK!
[32;22m[INFO]  [39;1msnarkJS[0m: -----------------------------------------------------
[32;22m[INFO]  [39;1msnarkJS[0m: Contribution #3: Third contribution
[32;22m[INFO]  [39;1msnarkJS[0m: Next Challenge: 
		f48668a9 3e328ee0 e64f3ae8 25260121
		16819a1f 8d383731 e058b329 a4783f5b
		10544d64 139da6b9 f2589d7c 4b7f1c72
		cc0b1cf2 522e4962 80daacf2 78424d21
[32;22m[INFO]  [39;1msnarkJS[0m: Response Hash:
		d1fb4b08 92af38db d819ea6c 0355bcf0
		ee254cce 1221debd 63fa1005 8e208628
		b3662c02 37c58b2e 1f96122c 044adc33
		e353d4bb 5fe26447 954cfc12 66bba0a3
[32;22m[INFO]  [39;1msnarkJS[0m: Response Hash:
		7b4427e0 db5c4335 0c7f5c93 ec678e71
		11f6efaa a400c37e 2a5768dc 4dee31b1
		94b0bc72 0f21b764 1c9807d3 707557c7
		0ae223d5 c26e56a6 af2c378a 7eb0c2d7
[32;22m[INFO]  [39;1msnarkJS[0m: Powers Of tau file OK!
[32;22m[INFO]  [39;1msnarkJS[0m: -----------------------------------------------------
[32;22m[INFO]  [39;1msnarkJS[0m: Contribution #2: Second contribution
[32;22m[INFO]  [39;1msnarkJS[0m: Next Challenge: 
		7b4427e0 db5c4335 0c7f5c93 ec678e71
		11f6efaa a400c37e 2a5768dc 4dee31b1
		94b0bc72 0f21b764 1c9807d3 707557c7
		0ae223d5 c26e56a6 af2c378a 7eb0c2d7
[32;22m[INFO]  [39;1msnarkJS[0m: Response Hash:
		58955a8a 08e3a316 e0637976 6c8c4be5
		f2a794c6 cbe2d772 509723f6 2e9168bb
		6b5ec865 904ae0dd b0ac9d73 4d902236
		5398c067 9a148df0 78497093 01eafe63
[32;22m[INFO]  [39;1msnarkJS[0m: Response Hash:
		24712698 9bbfe763 a07f64a3 11520cb6
		83e792c7 e33b226f d347216b 460bd324
		f04325be 461e9244 0475e2d4 95f8a459
		72bff904 ff014233 2144aa7c 4ab670c0
[32;22m[INFO]  [39;1msnarkJS[0m: Powers Of tau file OK!
[32;22m[INFO]  [39;1msnarkJS[0m: -----------------------------------------------------
[32;22m[INFO]  [39;1msnarkJS[0m: Contribution #1: First contribution
[32;22m[INFO]  [39;1msnarkJS[0m: Next Challenge: 
		24712698 9bbfe763 a07f64a3 11520cb6
		83e792c7 e33b226f d347216b 460bd324
		f04325be 461e9244 0475e2d4 95f8a459
		72bff904 ff014233 2144aa7c 4ab670c0
[32;22m[INFO]  [39;1msnarkJS[0m: Response Hash:
		98e31af2 fbf93990 cb5b0afb 949685c3
		a8bcc296 cd45f15f 81e42836 6702dfe9
		977623f4 d620dcdd 8906251a 8d4f0776
		7f2c1eec 660c9b17 c0bc063e c9af8cbe
[32;22m[INFO]  [39;1msnarkJS[0m: Response Hash:
		0d8118d8 d038768c 26c94392 51627e2a
		19293bf0 f18cf95c 7642d2f8 d736e739
		668138aa f900709e edb1b050 2a7577ab
		e16644ee 80313b09 a7f05c62 1980083f
[32;22m[INFO]  [39;1msnarkJS[0m: -----------------------------------------------------
[32;22m[INFO]  [39;1msnarkJS[0m: Powers of Tau Ok!
