# cmd : snarkjs powersoftau contribute pot10_0000.ptau pot10_0001.ptau --name="First contribution" -v -e="some random text"
# cwd : /work/bench-out/20260813_144351/circuits/4

[36;22m[DEBUG] [39;1msnarkJS[0m: Calculating First Challenge Hash
[36;22m[DEBUG] [39;1msnarkJS[0m: Calculate Initial Hash: tauG1
[36;22m[DEBUG] [39;1msnarkJS[0m: Calculate Initial Hash: tauG2
[36;22m[DEBUG] [39;1msnarkJS[0m: Calculate Initial Hash: alphaTauG1
[36;22m[DEBUG] [39;1msnarkJS[0m: Calculate Initial Hash: betaTauG1
[36;22m[DEBUG] [39;1msnarkJS[0m: processing: tauG1: 0/2047
[36;22m[DEBUG] [39;1msnarkJS[0m: processing: tauG2: 0/1024
[36;22m[DEBUG] [39;1msnarkJS[0m: processing: alphaTauG1: 0/1024
[36;22m[DEBUG] [39;1msnarkJS[0m: processing: betaTauG1: 0/1024
[36;22m[DEBUG] [39;1msnarkJS[0m: processing: betaTauG2: 0/1
[32;22m[INFO]  [39;1msnarkJS[0m: Contribution Response Hash imported: 
		269577f0 fa3a0a0e 684fd103 bc2fba44
		9e9c3fcc 054778f6 bef4cfb8 3c8d312c
		3f3d6cff 3c6ea0f1 abff5265 de9e0d26
		37668790 eb002cd9 21d8d7e0 4450b5b0
[32;22m[INFO]  [39;1msnarkJS[0m: Next Challenge Hash: 
		a29ae0e6 139941f7 fa02ab21 e81e298c
		1bed0a5c fd58f47b c6a4316a df72262f
		0b7fc0b1 8692fdcd 13b38494 eb279422
		8f6c9f2b 4f7b5778 03350b29 acaf3ce8
