# cmd : snarkjs powersoftau contribute pot18_0000.ptau pot18_0001.ptau --name="First contribution" -v -e="some random text"
# cwd : /home/r24barbi/bench-out/20260825_120620/circuits/1024

[36;22m[DEBUG] [39;1msnarkJS[0m: Calculating First Challenge Hash
[36;22m[DEBUG] [39;1msnarkJS[0m: Calculate Initial Hash: tauG1
[36;22m[DEBUG] [39;1msnarkJS[0m: Initial hash: 0
[36;22m[DEBUG] [39;1msnarkJS[0m: Calculate Initial Hash: tauG2
[36;22m[DEBUG] [39;1msnarkJS[0m: Calculate Initial Hash: alphaTauG1
[36;22m[DEBUG] [39;1msnarkJS[0m: Calculate Initial Hash: betaTauG1
[36;22m[DEBUG] [39;1msnarkJS[0m: processing: tauG1: 0/524287
[36;22m[DEBUG] [39;1msnarkJS[0m: processing: tauG1: 16384/524287
[36;22m[DEBUG] [39;1msnarkJS[0m: processing: tauG1: 32768/524287
[36;22m[DEBUG] [39;1msnarkJS[0m: processing: tauG1: 49152/524287
[36;22m[DEBUG] [39;1msnarkJS[0m: processing: tauG1: 65536/524287
[36;22m[DEBUG] [39;1msnarkJS[0m: processing: tauG1: 81920/524287
[36;22m[DEBUG] [39;1msnarkJS[0m: processing: tauG1: 98304/524287
[36;22m[DEBUG] [39;1msnarkJS[0m: processing: tauG1: 114688/524287
[36;22m[DEBUG] [39;1msnarkJS[0m: processing: tauG1: 131072/524287
[36;22m[DEBUG] [39;1msnarkJS[0m: processing: tauG1: 147456/524287
[36;22m[DEBUG] [39;1msnarkJS[0m: processing: tauG1: 163840/524287
[36;22m[DEBUG] [39;1msnarkJS[0m: processing: tauG1: 180224/524287
[36;22m[DEBUG] [39;1msnarkJS[0m: processing: tauG1: 196608/524287
[36;22m[DEBUG] [39;1msnarkJS[0m: processing: tauG1: 212992/524287
[36;22m[DEBUG] [39;1msnarkJS[0m: processing: tauG1: 229376/524287
[36;22m[DEBUG] [39;1msnarkJS[0m: processing: tauG1: 245760/524287
[36;22m[DEBUG] [39;1msnarkJS[0m: processing: tauG1: 262144/524287
[36;22m[DEBUG] [39;1msnarkJS[0m: processing: tauG1: 278528/524287
[36;22m[DEBUG] [39;1msnarkJS[0m: processing: tauG1: 294912/524287
[36;22m[DEBUG] [39;1msnarkJS[0m: processing: tauG1: 311296/524287
[36;22m[DEBUG] [39;1msnarkJS[0m: processing: tauG1: 327680/524287
[36;22m[DEBUG] [39;1msnarkJS[0m: processing: tauG1: 344064/524287
[36;22m[DEBUG] [39;1msnarkJS[0m: processing: tauG1: 360448/524287
[36;22m[DEBUG] [39;1msnarkJS[0m: processing: tauG1: 376832/524287
[36;22m[DEBUG] [39;1msnarkJS[0m: processing: tauG1: 393216/524287
[36;22m[DEBUG] [39;1msnarkJS[0m: processing: tauG1: 409600/524287
[36;22m[DEBUG] [39;1msnarkJS[0m: processing: tauG1: 425984/524287
[36;22m[DEBUG] [39;1msnarkJS[0m: processing: tauG1: 442368/524287
[36;22m[DEBUG] [39;1msnarkJS[0m: processing: tauG1: 458752/524287
[36;22m[DEBUG] [39;1msnarkJS[0m: processing: tauG1: 475136/524287
[36;22m[DEBUG] [39;1msnarkJS[0m: processing: tauG1: 491520/524287
[36;22m[DEBUG] [39;1msnarkJS[0m: processing: tauG1: 507904/524287
[36;22m[DEBUG] [39;1msnarkJS[0m: processing: tauG2: 0/262144
[36;22m[DEBUG] [39;1msnarkJS[0m: processing: tauG2: 8192/262144
[36;22m[DEBUG] [39;1msnarkJS[0m: processing: tauG2: 16384/262144
[36;22m[DEBUG] [39;1msnarkJS[0m: processing: tauG2: 24576/262144
[36;22m[DEBUG] [39;1msnarkJS[0m: processing: tauG2: 32768/262144
[36;22m[DEBUG] [39;1msnarkJS[0m: processing: tauG2: 40960/262144
[36;22m[DEBUG] [39;1msnarkJS[0m: processing: tauG2: 49152/262144
[36;22m[DEBUG] [39;1msnarkJS[0m: processing: tauG2: 57344/262144
[36;22m[DEBUG] [39;1msnarkJS[0m: processing: tauG2: 65536/262144
[36;22m[DEBUG] [39;1msnarkJS[0m: processing: tauG2: 73728/262144
[36;22m[DEBUG] [39;1msnarkJS[0m: processing: tauG2: 81920/262144
[36;22m[DEBUG] [39;1msnarkJS[0m: processing: tauG2: 90112/262144
[36;22m[DEBUG] [39;1msnarkJS[0m: processing: tauG2: 98304/262144
[36;22m[DEBUG] [39;1msnarkJS[0m: processing: tauG2: 106496/262144
[36;22m[DEBUG] [39;1msnarkJS[0m: processing: tauG2: 114688/262144
[36;22m[DEBUG] [39;1msnarkJS[0m: processing: tauG2: 122880/262144
[36;22m[DEBUG] [39;1msnarkJS[0m: processing: tauG2: 131072/262144
[36;22m[DEBUG] [39;1msnarkJS[0m: processing: tauG2: 139264/262144
[36;22m[DEBUG] [39;1msnarkJS[0m: processing: tauG2: 147456/262144
[36;22m[DEBUG] [39;1msnarkJS[0m: processing: tauG2: 155648/262144
[36;22m[DEBUG] [39;1msnarkJS[0m: processing: tauG2: 163840/262144
[36;22m[DEBUG] [39;1msnarkJS[0m: processing: tauG2: 172032/262144
[36;22m[DEBUG] [39;1msnarkJS[0m: processing: tauG2: 180224/262144
[36;22m[DEBUG] [39;1msnarkJS[0m: processing: tauG2: 188416/262144
[36;22m[DEBUG] [39;1msnarkJS[0m: processing: tauG2: 196608/262144
[36;22m[DEBUG] [39;1msnarkJS[0m: processing: tauG2: 204800/262144
[36;22m[DEBUG] [39;1msnarkJS[0m: processing: tauG2: 212992/262144
[36;22m[DEBUG] [39;1msnarkJS[0m: processing: tauG2: 221184/262144
[36;22m[DEBUG] [39;1msnarkJS[0m: processing: tauG2: 229376/262144
[36;22m[DEBUG] [39;1msnarkJS[0m: processing: tauG2: 237568/262144
[36;22m[DEBUG] [39;1msnarkJS[0m: processing: tauG2: 245760/262144
[36;22m[DEBUG] [39;1msnarkJS[0m: processing: tauG2: 253952/262144
[36;22m[DEBUG] [39;1msnarkJS[0m: processing: alphaTauG1: 0/262144
[36;22m[DEBUG] [39;1msnarkJS[0m: processing: alphaTauG1: 16384/262144
[36;22m[DEBUG] [39;1msnarkJS[0m: processing: alphaTauG1: 32768/262144
[36;22m[DEBUG] [39;1msnarkJS[0m: processing: alphaTauG1: 49152/262144
[36;22m[DEBUG] [39;1msnarkJS[0m: processing: alphaTauG1: 65536/262144
[36;22m[DEBUG] [39;1msnarkJS[0m: processing: alphaTauG1: 81920/262144
[36;22m[DEBUG] [39;1msnarkJS[0m: processing: alphaTauG1: 98304/262144
[36;22m[DEBUG] [39;1msnarkJS[0m: processing: alphaTauG1: 114688/262144
[36;22m[DEBUG] [39;1msnarkJS[0m: processing: alphaTauG1: 131072/262144
[36;22m[DEBUG] [39;1msnarkJS[0m: processing: alphaTauG1: 147456/262144
[36;22m[DEBUG] [39;1msnarkJS[0m: processing: alphaTauG1: 163840/262144
[36;22m[DEBUG] [39;1msnarkJS[0m: processing: alphaTauG1: 180224/262144
[36;22m[DEBUG] [39;1msnarkJS[0m: processing: alphaTauG1: 196608/262144
[36;22m[DEBUG] [39;1msnarkJS[0m: processing: alphaTauG1: 212992/262144
[36;22m[DEBUG] [39;1msnarkJS[0m: processing: alphaTauG1: 229376/262144
[36;22m[DEBUG] [39;1msnarkJS[0m: processing: alphaTauG1: 245760/262144
[36;22m[DEBUG] [39;1msnarkJS[0m: processing: betaTauG1: 0/262144
[36;22m[DEBUG] [39;1msnarkJS[0m: processing: betaTauG1: 16384/262144
[36;22m[DEBUG] [39;1msnarkJS[0m: processing: betaTauG1: 32768/262144
[36;22m[DEBUG] [39;1msnarkJS[0m: processing: betaTauG1: 49152/262144
[36;22m[DEBUG] [39;1msnarkJS[0m: processing: betaTauG1: 65536/262144
[36;22m[DEBUG] [39;1msnarkJS[0m: processing: betaTauG1: 81920/262144
[36;22m[DEBUG] [39;1msnarkJS[0m: processing: betaTauG1: 98304/262144
[36;22m[DEBUG] [39;1msnarkJS[0m: processing: betaTauG1: 114688/262144
[36;22m[DEBUG] [39;1msnarkJS[0m: processing: betaTauG1: 131072/262144
[36;22m[DEBUG] [39;1msnarkJS[0m: processing: betaTauG1: 147456/262144
[36;22m[DEBUG] [39;1msnarkJS[0m: processing: betaTauG1: 163840/262144
[36;22m[DEBUG] [39;1msnarkJS[0m: processing: betaTauG1: 180224/262144
[36;22m[DEBUG] [39;1msnarkJS[0m: processing: betaTauG1: 196608/262144
[36;22m[DEBUG] [39;1msnarkJS[0m: processing: betaTauG1: 212992/262144
[36;22m[DEBUG] [39;1msnarkJS[0m: processing: betaTauG1: 229376/262144
[36;22m[DEBUG] [39;1msnarkJS[0m: processing: betaTauG1: 245760/262144
[36;22m[DEBUG] [39;1msnarkJS[0m: processing: betaTauG2: 0/1
[32;22m[INFO]  [39;1msnarkJS[0m: Contribution Response Hash imported: 
		49cb7d46 48f8df7e 6fae233e 2c0077b2
		139e6844 22eb8119 0fde9520 79aa0f65
		f3b09f52 ae0d3631 099f834c 2204261d
		3dbfe909 71a1c4dd c8087425 52f7a002
[36;22m[DEBUG] [39;1msnarkJS[0m: Hashing tauG1: 262144
[36;22m[DEBUG] [39;1msnarkJS[0m: Hashing tauG2: 131072
[32;22m[INFO]  [39;1msnarkJS[0m: Next Challenge Hash: 
		5429806d 69d38b33 7e15fd29 3e4336b9
		bb512cc6 7451f02c 622f1ff3 5e0efe7f
		5be07d3c c93b37ff 9e3a6ec7 3644bcf6
		6c2dfc7e 68b57af9 fa61bd23 954a553a
