# cmd : snarkjs powersoftau new bn128 18 pot18_0000.ptau -v
# cwd : /home/r24barbi/bench-out/20260825_120620/circuits/1024

[36;22m[DEBUG] [39;1msnarkJS[0m: tauG1: 100000
[36;22m[DEBUG] [39;1msnarkJS[0m: tauG1: 200000
[36;22m[DEBUG] [39;1msnarkJS[0m: tauG1: 300000
[36;22m[DEBUG] [39;1msnarkJS[0m: tauG1: 400000
[36;22m[DEBUG] [39;1msnarkJS[0m: tauG1: 500000
[36;22m[DEBUG] [39;1msnarkJS[0m: tauG2: 100000
[36;22m[DEBUG] [39;1msnarkJS[0m: tauG2: 200000
[36;22m[DEBUG] [39;1msnarkJS[0m: alphaTauG1: 100000
[36;22m[DEBUG] [39;1msnarkJS[0m: alphaTauG1: 200000
[36;22m[DEBUG] [39;1msnarkJS[0m: betaTauG1: 100000
[36;22m[DEBUG] [39;1msnarkJS[0m: betaTauG1: 200000
[36;22m[DEBUG] [39;1msnarkJS[0m: Calculating First Challenge Hash
[36;22m[DEBUG] [39;1msnarkJS[0m: Calculate Initial Hash: tauG1
[36;22m[DEBUG] [39;1msnarkJS[0m: Initial hash: 0
[36;22m[DEBUG] [39;1msnarkJS[0m: Calculate Initial Hash: tauG2
[36;22m[DEBUG] [39;1msnarkJS[0m: Calculate Initial Hash: alphaTauG1
[36;22m[DEBUG] [39;1msnarkJS[0m: Calculate Initial Hash: betaTauG1
[36;22m[DEBUG] [39;1msnarkJS[0m: Blank Contribution Hash:
		786a02f7 42015903 c6c6fd85 2552d272
		912f4740 e1584761 8a86e217 f71f5419
		d25e1031 afee5853 13896444 934eb04b
		903a685b 1448b755 d56f701a fe9be2ce
[32;22m[INFO]  [39;1msnarkJS[0m: First Contribution Hash:
		c3f90307 1060d928 2ea4d31e f85d9dbd
		05f865de db78cb13 8f740796 091ffcd5
		d61ca255 535fffd7 df21669f 04534057
		a3985a51 f0de7909 ed950d69 9f0e57bd
