# cmd : snarkjs powersoftau contribute pot15_0001.ptau pot15_0002.ptau --name="Second contribution" -v -e="some random text"
# cwd : /home/r24barbi/bench-out/20260825_120620/circuits/128

[36;22m[DEBUG] [39;1msnarkJS[0m: processing: tauG1: 0/65535
[36;22m[DEBUG] [39;1msnarkJS[0m: processing: tauG1: 16384/65535
[36;22m[DEBUG] [39;1msnarkJS[0m: processing: tauG1: 32768/65535
[36;22m[DEBUG] [39;1msnarkJS[0m: processing: tauG1: 49152/65535
[36;22m[DEBUG] [39;1msnarkJS[0m: processing: tauG2: 0/32768
[36;22m[DEBUG] [39;1msnarkJS[0m: processing: tauG2: 8192/32768
[36;22m[DEBUG] [39;1msnarkJS[0m: processing: tauG2: 16384/32768
[36;22m[DEBUG] [39;1msnarkJS[0m: processing: tauG2: 24576/32768
[36;22m[DEBUG] [39;1msnarkJS[0m: processing: alphaTauG1: 0/32768
[36;22m[DEBUG] [39;1msnarkJS[0m: processing: alphaTauG1: 16384/32768
[36;22m[DEBUG] [39;1msnarkJS[0m: processing: betaTauG1: 0/32768
[36;22m[DEBUG] [39;1msnarkJS[0m: processing: betaTauG1: 16384/32768
[36;22m[DEBUG] [39;1msnarkJS[0m: processing: betaTauG2: 0/1
[32;22m[INFO]  [39;1msnarkJS[0m: Contribution Response Hash imported: 
		393e2ac9 4e64ca52 ffdc0768 e0d004cf
		de91f210 46205b22 428d9ac6 943c5d99
		c787d209 6a1834f1 295325e5 ccd0b05e
		2c049a3e 06f78d84 5a0e0037 0f843946
[32;22m[INFO]  [39;1msnarkJS[0m: Next Challenge Hash: 
		b04ef565 24bfe178 5130d85a aec886a6
		1c48fc52 94105414 5bba7a32 fb245693
		b26705db ec355806 9d6ea266 8fa82eab
		940d2858 feac8cf9 479b3861 486d899a
