# cmd : snarkjs powersoftau contribute pot8_0000.ptau pot8_0001.ptau --name="First contribution" -v -e="some random text"
# cwd : /home/r24barbi/bench-out/20260825_120620/circuits/1

[36;22m[DEBUG] [39;1msnarkJS[0m: Calculating First Challenge Hash
[36;22m[DEBUG] [39;1msnarkJS[0m: Calculate Initial Hash: tauG1
[36;22m[DEBUG] [39;1msnarkJS[0m: Calculate Initial Hash: tauG2
[36;22m[DEBUG] [39;1msnarkJS[0m: Calculate Initial Hash: alphaTauG1
[36;22m[DEBUG] [39;1msnarkJS[0m: Calculate Initial Hash: betaTauG1
[36;22m[DEBUG] [39;1msnarkJS[0m: processing: tauG1: 0/511
[36;22m[DEBUG] [39;1msnarkJS[0m: processing: tauG2: 0/256
[36;22m[DEBUG] [39;1msnarkJS[0m: processing: alphaTauG1: 0/256
[36;22m[DEBUG] [39;1msnarkJS[0m: processing: betaTauG1: 0/256
[36;22m[DEBUG] [39;1msnarkJS[0m: processing: betaTauG2: 0/1
[32;22m[INFO]  [39;1msnarkJS[0m: Contribution Response Hash imported: 
		096bcb17 febfae88 8152c79d c3b1d90b
		32a40b42 20386c26 224a5226 87ee79ed
		dd4f2caa 3edf2108 62a78066 28bc7c05
		6ed11fe4 253cb045 3fb0e624 3c49d1f3
[32;22m[INFO]  [39;1msnarkJS[0m: Next Challenge Hash: 
		a70eb595 eac6b9e5 6fdf302b fbb1c9e5
		71eee64d 2052165c ecef3a1a 2dbf1765
		096ccd5d 27812a4a 771f2636 d56db2ea
		9249ce4d 1472cd14 813a3105 c9227f60
