# cmd : snarkjs powersoftau contribute pot19_0001.ptau pot19_0002.ptau --name="Second contribution" -v -e="some random text"
# cwd : /home/r24barbi/bench-out/20260825_120620/circuits/2048

[36;22m[DEBUG] [39;1msnarkJS[0m: processing: tauG1: 0/1048575
[36;22m[DEBUG] [39;1msnarkJS[0m: processing: tauG1: 16384/1048575
[36;22m[DEBUG] [39;1msnarkJS[0m: processing: tauG1: 32768/1048575
[36;22m[DEBUG] [39;1msnarkJS[0m: processing: tauG1: 49152/1048575
[36;22m[DEBUG] [39;1msnarkJS[0m: processing: tauG1: 65536/1048575
[36;22m[DEBUG] [39;1msnarkJS[0m: processing: tauG1: 81920/1048575
[36;22m[DEBUG] [39;1msnarkJS[0m: processing: tauG1: 98304/1048575
[36;22m[DEBUG] [39;1msnarkJS[0m: processing: tauG1: 114688/1048575
[36;22m[DEBUG] [39;1msnarkJS[0m: processing: tauG1: 131072/1048575
[36;22m[DEBUG] [39;1msnarkJS[0m: processing: tauG1: 147456/1048575
[36;22m[DEBUG] [39;1msnarkJS[0m: processing: tauG1: 163840/1048575
[36;22m[DEBUG] [39;1msnarkJS[0m: processing: tauG1: 180224/1048575
[36;22m[DEBUG] [39;1msnarkJS[0m: processing: tauG1: 196608/1048575
[36;22m[DEBUG] [39;1msnarkJS[0m: processing: tauG1: 212992/1048575
[36;22m[DEBUG] [39;1msnarkJS[0m: processing: tauG1: 229376/1048575
[36;22m[DEBUG] [39;1msnarkJS[0m: processing: tauG1: 245760/1048575
[36;22m[DEBUG] [39;1msnarkJS[0m: processing: tauG1: 262144/1048575
[36;22m[DEBUG] [39;1msnarkJS[0m: processing: tauG1: 278528/1048575
[36;22m[DEBUG] [39;1msnarkJS[0m: processing: tauG1: 294912/1048575
[36;22m[DEBUG] [39;1msnarkJS[0m: processing: tauG1: 311296/1048575
[36;22m[DEBUG] [39;1msnarkJS[0m: processing: tauG1: 327680/1048575
[36;22m[DEBUG] [39;1msnarkJS[0m: processing: tauG1: 344064/1048575
[36;22m[DEBUG] [39;1msnarkJS[0m: processing: tauG1: 360448/1048575
[36;22m[DEBUG] [39;1msnarkJS[0m: processing: tauG1: 376832/1048575
[36;22m[DEBUG] [39;1msnarkJS[0m: processing: tauG1: 393216/1048575
[36;22m[DEBUG] [39;1msnarkJS[0m: processing: tauG1: 409600/1048575
[36;22m[DEBUG] [39;1msnarkJS[0m: processing: tauG1: 425984/1048575
[36;22m[DEBUG] [39;1msnarkJS[0m: processing: tauG1: 442368/1048575
[36;22m[DEBUG] [39;1msnarkJS[0m: processing: tauG1: 458752/1048575
[36;22m[DEBUG] [39;1msnarkJS[0m: processing: tauG1: 475136/1048575
[36;22m[DEBUG] [39;1msnarkJS[0m: processing: tauG1: 491520/1048575
[36;22m[DEBUG] [39;1msnarkJS[0m: processing: tauG1: 507904/1048575
[36;22m[DEBUG] [39;1msnarkJS[0m: processing: tauG1: 524288/1048575
[36;22m[DEBUG] [39;1msnarkJS[0m: processing: tauG1: 540672/1048575
[36;22m[DEBUG] [39;1msnarkJS[0m: processing: tauG1: 557056/1048575
[36;22m[DEBUG] [39;1msnarkJS[0m: processing: tauG1: 573440/1048575
[36;22m[DEBUG] [39;1msnarkJS[0m: processing: tauG1: 589824/1048575
[36;22m[DEBUG] [39;1msnarkJS[0m: processing: tauG1: 606208/1048575
[36;22m[DEBUG] [39;1msnarkJS[0m: processing: tauG1: 622592/1048575
[36;22m[DEBUG] [39;1msnarkJS[0m: processing: tauG1: 638976/1048575
[36;22m[DEBUG] [39;1msnarkJS[0m: processing: tauG1: 655360/1048575
[36;22m[DEBUG] [39;1msnarkJS[0m: processing: tauG1: 671744/1048575
[36;22m[DEBUG] [39;1msnarkJS[0m: processing: tauG1: 688128/1048575
[36;22m[DEBUG] [39;1msnarkJS[0m: processing: tauG1: 704512/1048575
[36;22m[DEBUG] [39;1msnarkJS[0m: processing: tauG1: 720896/1048575
[36;22m[DEBUG] [39;1msnarkJS[0m: processing: tauG1: 737280/1048575
[36;22m[DEBUG] [39;1msnarkJS[0m: processing: tauG1: 753664/1048575
[36;22m[DEBUG] [39;1msnarkJS[0m: processing: tauG1: 770048/1048575
[36;22m[DEBUG] [39;1msnarkJS[0m: processing: tauG1: 786432/1048575
[36;22m[DEBUG] [39;1msnarkJS[0m: processing: tauG1: 802816/1048575
[36;22m[DEBUG] [39;1msnarkJS[0m: processing: tauG1: 819200/1048575
[36;22m[DEBUG] [39;1msnarkJS[0m: processing: tauG1: 835584/1048575
[36;22m[DEBUG] [39;1msnarkJS[0m: processing: tauG1: 851968/1048575
[36;22m[DEBUG] [39;1msnarkJS[0m: processing: tauG1: 868352/1048575
[36;22m[DEBUG] [39;1msnarkJS[0m: processing: tauG1: 884736/1048575
[36;22m[DEBUG] [39;1msnarkJS[0m: processing: tauG1: 901120/1048575
[36;22m[DEBUG] [39;1msnarkJS[0m: processing: tauG1: 917504/1048575
[36;22m[DEBUG] [39;1msnarkJS[0m: processing: tauG1: 933888/1048575
[36;22m[DEBUG] [39;1msnarkJS[0m: processing: tauG1: 950272/1048575
[36;22m[DEBUG] [39;1msnarkJS[0m: processing: tauG1: 966656/1048575
[36;22m[DEBUG] [39;1msnarkJS[0m: processing: tauG1: 983040/1048575
[36;22m[DEBUG] [39;1msnarkJS[0m: processing: tauG1: 999424/1048575
[36;22m[DEBUG] [39;1msnarkJS[0m: processing: tauG1: 1015808/1048575
[36;22m[DEBUG] [39;1msnarkJS[0m: processing: tauG1: 1032192/1048575
[36;22m[DEBUG] [39;1msnarkJS[0m: processing: tauG2: 0/524288
[36;22m[DEBUG] [39;1msnarkJS[0m: processing: tauG2: 8192/524288
[36;22m[DEBUG] [39;1msnarkJS[0m: processing: tauG2: 16384/524288
[36;22m[DEBUG] [39;1msnarkJS[0m: processing: tauG2: 24576/524288
[36;22m[DEBUG] [39;1msnarkJS[0m: processing: tauG2: 32768/524288
[36;22m[DEBUG] [39;1msnarkJS[0m: processing: tauG2: 40960/524288
[36;22m[DEBUG] [39;1msnarkJS[0m: processing: tauG2: 49152/524288
[36;22m[DEBUG] [39;1msnarkJS[0m: processing: tauG2: 57344/524288
[36;22m[DEBUG] [39;1msnarkJS[0m: processing: tauG2: 65536/524288
[36;22m[DEBUG] [39;1msnarkJS[0m: processing: tauG2: 73728/524288
[36;22m[DEBUG] [39;1msnarkJS[0m: processing: tauG2: 81920/524288
[36;22m[DEBUG] [39;1msnarkJS[0m: processing: tauG2: 90112/524288
[36;22m[DEBUG] [39;1msnarkJS[0m: processing: tauG2: 98304/524288
[36;22m[DEBUG] [39;1msnarkJS[0m: processing: tauG2: 106496/524288
[36;22m[DEBUG] [39;1msnarkJS[0m: processing: tauG2: 114688/524288
[36;22m[DEBUG] [39;1msnarkJS[0m: processing: tauG2: 122880/524288
[36;22m[DEBUG] [39;1msnarkJS[0m: processing: tauG2: 131072/524288
[36;22m[DEBUG] [39;1msnarkJS[0m: processing: tauG2: 139264/524288
[36;22m[DEBUG] [39;1msnarkJS[0m: processing: tauG2: 147456/524288
[36;22m[DEBUG] [39;1msnarkJS[0m: processing: tauG2: 155648/524288
[36;22m[DEBUG] [39;1msnarkJS[0m: processing: tauG2: 163840/524288
[36;22m[DEBUG] [39;1msnarkJS[0m: processing: tauG2: 172032/524288
[36;22m[DEBUG] [39;1msnarkJS[0m: processing: tauG2: 180224/524288
[36;22m[DEBUG] [39;1msnarkJS[0m: processing: tauG2: 188416/524288
[36;22m[DEBUG] [39;1msnarkJS[0m: processing: tauG2: 196608/524288
[36;22m[DEBUG] [39;1msnarkJS[0m: processing: tauG2: 204800/524288
[36;22m[DEBUG] [39;1msnarkJS[0m: processing: tauG2: 212992/524288
[36;22m[DEBUG] [39;1msnarkJS[0m: processing: tauG2: 221184/524288
[36;22m[DEBUG] [39;1msnarkJS[0m: processing: tauG2: 229376/524288
[36;22m[DEBUG] [39;1msnarkJS[0m: processing: tauG2: 237568/524288
[36;22m[DEBUG] [39;1msnarkJS[0m: processing: tauG2: 245760/524288
[36;22m[DEBUG] [39;1msnarkJS[0m: processing: tauG2: 253952/524288
[36;22m[DEBUG] [39;1msnarkJS[0m: processing: tauG2: 262144/524288
[36;22m[DEBUG] [39;1msnarkJS[0m: processing: tauG2: 270336/524288
[36;22m[DEBUG] [39;1msnarkJS[0m: processing: tauG2: 278528/524288
[36;22m[DEBUG] [39;1msnarkJS[0m: processing: tauG2: 286720/524288
[36;22m[DEBUG] [39;1msnarkJS[0m: processing: tauG2: 294912/524288
[36;22m[DEBUG] [39;1msnarkJS[0m: processing: tauG2: 303104/524288
[36;22m[DEBUG] [39;1msnarkJS[0m: processing: tauG2: 311296/524288
[36;22m[DEBUG] [39;1msnarkJS[0m: processing: tauG2: 319488/524288
[36;22m[DEBUG] [39;1msnarkJS[0m: processing: tauG2: 327680/524288
[36;22m[DEBUG] [39;1msnarkJS[0m: processing: tauG2: 335872/524288
[36;22m[DEBUG] [39;1msnarkJS[0m: processing: tauG2: 344064/524288
[36;22m[DEBUG] [39;1msnarkJS[0m: processing: tauG2: 352256/524288
[36;22m[DEBUG] [39;1msnarkJS[0m: processing: tauG2: 360448/524288
[36;22m[DEBUG] [39;1msnarkJS[0m: processing: tauG2: 368640/524288
[36;22m[DEBUG] [39;1msnarkJS[0m: processing: tauG2: 376832/524288
[36;22m[DEBUG] [39;1msnarkJS[0m: processing: tauG2: 385024/524288
[36;22m[DEBUG] [39;1msnarkJS[0m: processing: tauG2: 393216/524288
[36;22m[DEBUG] [39;1msnarkJS[0m: processing: tauG2: 401408/524288
[36;22m[DEBUG] [39;1msnarkJS[0m: processing: tauG2: 409600/524288
[36;22m[DEBUG] [39;1msnarkJS[0m: processing: tauG2: 417792/524288
[36;22m[DEBUG] [39;1msnarkJS[0m: processing: tauG2: 425984/524288
[36;22m[DEBUG] [39;1msnarkJS[0m: processing: tauG2: 434176/524288
[36;22m[DEBUG] [39;1msnarkJS[0m: processing: tauG2: 442368/524288
[36;22m[DEBUG] [39;1msnarkJS[0m: processing: tauG2: 450560/524288
[36;22m[DEBUG] [39;1msnarkJS[0m: processing: tauG2: 458752/524288
[36;22m[DEBUG] [39;1msnarkJS[0m: processing: tauG2: 466944/524288
[36;22m[DEBUG] [39;1msnarkJS[0m: processing: tauG2: 475136/524288
[36;22m[DEBUG] [39;1msnarkJS[0m: processing: tauG2: 483328/524288
[36;22m[DEBUG] [39;1msnarkJS[0m: processing: tauG2: 491520/524288
[36;22m[DEBUG] [39;1msnarkJS[0m: processing: tauG2: 499712/524288
[36;22m[DEBUG] [39;1msnarkJS[0m: processing: tauG2: 507904/524288
[36;22m[DEBUG] [39;1msnarkJS[0m: processing: tauG2: 516096/524288
[36;22m[DEBUG] [39;1msnarkJS[0m: processing: alphaTauG1: 0/524288
[36;22m[DEBUG] [39;1msnarkJS[0m: processing: alphaTauG1: 16384/524288
[36;22m[DEBUG] [39;1msnarkJS[0m: processing: alphaTauG1: 32768/524288
[36;22m[DEBUG] [39;1msnarkJS[0m: processing: alphaTauG1: 49152/524288
[36;22m[DEBUG] [39;1msnarkJS[0m: processing: alphaTauG1: 65536/524288
[36;22m[DEBUG] [39;1msnarkJS[0m: processing: alphaTauG1: 81920/524288
[36;22m[DEBUG] [39;1msnarkJS[0m: processing: alphaTauG1: 98304/524288
[36;22m[DEBUG] [39;1msnarkJS[0m: processing: alphaTauG1: 114688/524288
[36;22m[DEBUG] [39;1msnarkJS[0m: processing: alphaTauG1: 131072/524288
[36;22m[DEBUG] [39;1msnarkJS[0m: processing: alphaTauG1: 147456/524288
[36;22m[DEBUG] [39;1msnarkJS[0m: processing: alphaTauG1: 163840/524288
[36;22m[DEBUG] [39;1msnarkJS[0m: processing: alphaTauG1: 180224/524288
[36;22m[DEBUG] [39;1msnarkJS[0m: processing: alphaTauG1: 196608/524288
[36;22m[DEBUG] [39;1msnarkJS[0m: processing: alphaTauG1: 212992/524288
[36;22m[DEBUG] [39;1msnarkJS[0m: processing: alphaTauG1: 229376/524288
[36;22m[DEBUG] [39;1msnarkJS[0m: processing: alphaTauG1: 245760/524288
[36;22m[DEBUG] [39;1msnarkJS[0m: processing: alphaTauG1: 262144/524288
[36;22m[DEBUG] [39;1msnarkJS[0m: processing: alphaTauG1: 278528/524288
[36;22m[DEBUG] [39;1msnarkJS[0m: processing: alphaTauG1: 294912/524288
[36;22m[DEBUG] [39;1msnarkJS[0m: processing: alphaTauG1: 311296/524288
[36;22m[DEBUG] [39;1msnarkJS[0m: processing: alphaTauG1: 327680/524288
[36;22m[DEBUG] [39;1msnarkJS[0m: processing: alphaTauG1: 344064/524288
[36;22m[DEBUG] [39;1msnarkJS[0m: processing: alphaTauG1: 360448/524288
[36;22m[DEBUG] [39;1msnarkJS[0m: processing: alphaTauG1: 376832/524288
[36;22m[DEBUG] [39;1msnarkJS[0m: processing: alphaTauG1: 393216/524288
[36;22m[DEBUG] [39;1msnarkJS[0m: processing: alphaTauG1: 409600/524288
[36;22m[DEBUG] [39;1msnarkJS[0m: processing: alphaTauG1: 425984/524288
[36;22m[DEBUG] [39;1msnarkJS[0m: processing: alphaTauG1: 442368/524288
[36;22m[DEBUG] [39;1msnarkJS[0m: processing: alphaTauG1: 458752/524288
[36;22m[DEBUG] [39;1msnarkJS[0m: processing: alphaTauG1: 475136/524288
[36;22m[DEBUG] [39;1msnarkJS[0m: processing: alphaTauG1: 491520/524288
[36;22m[DEBUG] [39;1msnarkJS[0m: processing: alphaTauG1: 507904/524288
[36;22m[DEBUG] [39;1msnarkJS[0m: processing: betaTauG1: 0/524288
[36;22m[DEBUG] [39;1msnarkJS[0m: processing: betaTauG1: 16384/524288
[36;22m[DEBUG] [39;1msnarkJS[0m: processing: betaTauG1: 32768/524288
[36;22m[DEBUG] [39;1msnarkJS[0m: processing: betaTauG1: 49152/524288
[36;22m[DEBUG] [39;1msnarkJS[0m: processing: betaTauG1: 65536/524288
[36;22m[DEBUG] [39;1msnarkJS[0m: processing: betaTauG1: 81920/524288
[36;22m[DEBUG] [39;1msnarkJS[0m: processing: betaTauG1: 98304/524288
[36;22m[DEBUG] [39;1msnarkJS[0m: processing: betaTauG1: 114688/524288
[36;22m[DEBUG] [39;1msnarkJS[0m: processing: betaTauG1: 131072/524288
[36;22m[DEBUG] [39;1msnarkJS[0m: processing: betaTauG1: 147456/524288
[36;22m[DEBUG] [39;1msnarkJS[0m: processing: betaTauG1: 163840/524288
[36;22m[DEBUG] [39;1msnarkJS[0m: processing: betaTauG1: 180224/524288
[36;22m[DEBUG] [39;1msnarkJS[0m: processing: betaTauG1: 196608/524288
[36;22m[DEBUG] [39;1msnarkJS[0m: processing: betaTauG1: 212992/524288
[36;22m[DEBUG] [39;1msnarkJS[0m: processing: betaTauG1: 229376/524288
[36;22m[DEBUG] [39;1msnarkJS[0m: processing: betaTauG1: 245760/524288
[36;22m[DEBUG] [39;1msnarkJS[0m: processing: betaTauG1: 262144/524288
[36;22m[DEBUG] [39;1msnarkJS[0m: processing: betaTauG1: 278528/524288
[36;22m[DEBUG] [39;1msnarkJS[0m: processing: betaTauG1: 294912/524288
[36;22m[DEBUG] [39;1msnarkJS[0m: processing: betaTauG1: 311296/524288
[36;22m[DEBUG] [39;1msnarkJS[0m: processing: betaTauG1: 327680/524288
[36;22m[DEBUG] [39;1msnarkJS[0m: processing: betaTauG1: 344064/524288
[36;22m[DEBUG] [39;1msnarkJS[0m: processing: betaTauG1: 360448/524288
[36;22m[DEBUG] [39;1msnarkJS[0m: processing: betaTauG1: 376832/524288
[36;22m[DEBUG] [39;1msnarkJS[0m: processing: betaTauG1: 393216/524288
[36;22m[DEBUG] [39;1msnarkJS[0m: processing: betaTauG1: 409600/524288
[36;22m[DEBUG] [39;1msnarkJS[0m: processing: betaTauG1: 425984/524288
[36;22m[DEBUG] [39;1msnarkJS[0m: processing: betaTauG1: 442368/524288
[36;22m[DEBUG] [39;1msnarkJS[0m: processing: betaTauG1: 458752/524288
[36;22m[DEBUG] [39;1msnarkJS[0m: processing: betaTauG1: 475136/524288
[36;22m[DEBUG] [39;1msnarkJS[0m: processing: betaTauG1: 491520/524288
[36;22m[DEBUG] [39;1msnarkJS[0m: processing: betaTauG1: 507904/524288
[36;22m[DEBUG] [39;1msnarkJS[0m: processing: betaTauG2: 0/1
[32;22m[INFO]  [39;1msnarkJS[0m: Contribution Response Hash imported: 
		29602b64 8e194cee 4fd8cda9 7b513d0a
		6d5472d4 786ec4b8 fc7c8fdd c248e2c4
		bcededb0 92603e21 1fd90b34 19852a8d
		d05ec72d 73d3d481 32f8c932 49de0bb4
[36;22m[DEBUG] [39;1msnarkJS[0m: Hashing tauG1: 262144
[36;22m[DEBUG] [39;1msnarkJS[0m: Hashing tauG1: 524288
[36;22m[DEBUG] [39;1msnarkJS[0m: Hashing tauG1: 786432
[36;22m[DEBUG] [39;1msnarkJS[0m: Hashing tauG2: 131072
[36;22m[DEBUG] [39;1msnarkJS[0m: Hashing tauG2: 262144
[36;22m[DEBUG] [39;1msnarkJS[0m: Hashing tauG2: 393216
[36;22m[DEBUG] [39;1msnarkJS[0m: Hashing alphaTauG1: 262144
[36;22m[DEBUG] [39;1msnarkJS[0m: Hashing betaTauG1: 262144
[32;22m[INFO]  [39;1msnarkJS[0m: Next Challenge Hash: 
		a8a82375 6f7a3c47 31670732 88057ed4
		df722ad2 4f77ba92 1c854d66 fc115a91
		15394f86 cb642958 d69fb263 98c5593d
		f2148485 b81c9545 7a546cec 724538a0
