# cmd : snarkjs powersoftau new bn128 19 pot19_0000.ptau -v
# cwd : /home/r24barbi/bench-out/20260825_120620/circuits/2048

[36;22m[DEBUG] [39;1msnarkJS[0m: tauG1: 100000
[36;22m[DEBUG] [39;1msnarkJS[0m: tauG1: 200000
[36;22m[DEBUG] [39;1msnarkJS[0m: tauG1: 300000
[36;22m[DEBUG] [39;1msnarkJS[0m: tauG1: 400000
[36;22m[DEBUG] [39;1msnarkJS[0m: tauG1: 500000
[36;22m[DEBUG] [39;1msnarkJS[0m: tauG1: 600000
[36;22m[DEBUG] [39;1msnarkJS[0m: tauG1: 700000
[36;22m[DEBUG] [39;1msnarkJS[0m: tauG1: 800000
[36;22m[DEBUG] [39;1msnarkJS[0m: tauG1: 900000
[36;22m[DEBUG] [39;1msnarkJS[0m: tauG1: 1000000
[36;22m[DEBUG] [39;1msnarkJS[0m: tauG2: 100000
[36;22m[DEBUG] [39;1msnarkJS[0m: tauG2: 200000
[36;22m[DEBUG] [39;1msnarkJS[0m: tauG2: 300000
[36;22m[DEBUG] [39;1msnarkJS[0m: tauG2: 400000
[36;22m[DEBUG] [39;1msnarkJS[0m: tauG2: 500000
[36;22m[DEBUG] [39;1msnarkJS[0m: alphaTauG1: 100000
[36;22m[DEBUG] [39;1msnarkJS[0m: alphaTauG1: 200000
[36;22m[DEBUG] [39;1msnarkJS[0m: alphaTauG1: 300000
[36;22m[DEBUG] [39;1msnarkJS[0m: alphaTauG1: 400000
[36;22m[DEBUG] [39;1msnarkJS[0m: alphaTauG1: 500000
[36;22m[DEBUG] [39;1msnarkJS[0m: betaTauG1: 100000
[36;22m[DEBUG] [39;1msnarkJS[0m: betaTauG1: 200000
[36;22m[DEBUG] [39;1msnarkJS[0m: betaTauG1: 300000
[36;22m[DEBUG] [39;1msnarkJS[0m: betaTauG1: 400000
[36;22m[DEBUG] [39;1msnarkJS[0m: betaTauG1: 500000
[36;22m[DEBUG] [39;1msnarkJS[0m: Calculating First Challenge Hash
[36;22m[DEBUG] [39;1msnarkJS[0m: Calculate Initial Hash: tauG1
[36;22m[DEBUG] [39;1msnarkJS[0m: Initial hash: 0
[36;22m[DEBUG] [39;1msnarkJS[0m: Initial hash: 341000
[36;22m[DEBUG] [39;1msnarkJS[0m: Initial hash: 682000
[36;22m[DEBUG] [39;1msnarkJS[0m: Calculate Initial Hash: tauG2
[36;22m[DEBUG] [39;1msnarkJS[0m: Initial hash: 0
[36;22m[DEBUG] [39;1msnarkJS[0m: Calculate Initial Hash: alphaTauG1
[36;22m[DEBUG] [39;1msnarkJS[0m: Initial hash: 0
[36;22m[DEBUG] [39;1msnarkJS[0m: Calculate Initial Hash: betaTauG1
[36;22m[DEBUG] [39;1msnarkJS[0m: Initial hash: 0
[36;22m[DEBUG] [39;1msnarkJS[0m: Blank Contribution Hash:
		786a02f7 42015903 c6c6fd85 2552d272
		912f4740 e1584761 8a86e217 f71f5419
		d25e1031 afee5853 13896444 934eb04b
		903a685b 1448b755 d56f701a fe9be2ce
[32;22m[INFO]  [39;1msnarkJS[0m: First Contribution Hash:
		96006053 1a46ce79 80c117ba df032684
		e3adc788 66b7bf7b 26b34cb1 165df31d
		8ffdf7de 6dd3e902 839afe45 1da673ad
		cea5259f d968b713 5b867bad 2760ceb2
