# cmd : snarkjs zkey contribute circuit_0000.zkey circuit_0001.zkey --name="1st Contributor" -v -e="some random text"
# cwd : /home/r24barbi/bench-out/20260825_120620/circuits/2048

[36;22m[DEBUG] [39;1msnarkJS[0m: Applying key: L Section: 0/325630
[36;22m[DEBUG] [39;1msnarkJS[0m: Applying key: L Section: 65536/325630
[36;22m[DEBUG] [39;1msnarkJS[0m: Applying key: L Section: 131072/325630
[36;22m[DEBUG] [39;1msnarkJS[0m: Applying key: L Section: 196608/325630
[36;22m[DEBUG] [39;1msnarkJS[0m: Applying key: L Section: 262144/325630
[36;22m[DEBUG] [39;1msnarkJS[0m: Applying key: H Section: 0/524288
[36;22m[DEBUG] [39;1msnarkJS[0m: Applying key: H Section: 65536/524288
[36;22m[DEBUG] [39;1msnarkJS[0m: Applying key: H Section: 131072/524288
[36;22m[DEBUG] [39;1msnarkJS[0m: Applying key: H Section: 196608/524288
[36;22m[DEBUG] [39;1msnarkJS[0m: Applying key: H Section: 262144/524288
[36;22m[DEBUG] [39;1msnarkJS[0m: Applying key: H Section: 327680/524288
[36;22m[DEBUG] [39;1msnarkJS[0m: Applying key: H Section: 393216/524288
[36;22m[DEBUG] [39;1msnarkJS[0m: Applying key: H Section: 458752/524288
[32;22m[INFO]  [39;1msnarkJS[0m: Circuit Hash: 
		037e913b a780cfe9 ce8515f6 0f2dd551
		4b6878ff f2f0e2ac 302729c9 1917e29c
		ba78fe33 cc4fdb95 f5f86da4 2dc1a461
		21659860 2175fa5b 1188fca8 854351ac
[32;22m[INFO]  [39;1msnarkJS[0m: Contribution Hash: 
		a6d0c883 3d24ed7d 03bb03d4 f387d03f
		3fc3a068 dd52bcf2 95c1185a 7df1eb0d
		3a4c2450 e5ecf6fd 25d57878 a8100e33
		13e0dd21 8d7b7a83 55623ff3 3a007935
