# cmd : snarkjs powersoftau contribute pot9_0000.ptau pot9_0001.ptau --name="First contribution" -v -e="some random text"
# cwd : /home/r24barbi/bench-out/20260825_120620/circuits/2

[36;22m[DEBUG] [39;1msnarkJS[0m: Calculating First Challenge Hash
[36;22m[DEBUG] [39;1msnarkJS[0m: Calculate Initial Hash: tauG1
[36;22m[DEBUG] [39;1msnarkJS[0m: Calculate Initial Hash: tauG2
[36;22m[DEBUG] [39;1msnarkJS[0m: Calculate Initial Hash: alphaTauG1
[36;22m[DEBUG] [39;1msnarkJS[0m: Calculate Initial Hash: betaTauG1
[36;22m[DEBUG] [39;1msnarkJS[0m: processing: tauG1: 0/1023
[36;22m[DEBUG] [39;1msnarkJS[0m: processing: tauG2: 0/512
[36;22m[DEBUG] [39;1msnarkJS[0m: processing: alphaTauG1: 0/512
[36;22m[DEBUG] [39;1msnarkJS[0m: processing: betaTauG1: 0/512
[36;22m[DEBUG] [39;1msnarkJS[0m: processing: betaTauG2: 0/1
[32;22m[INFO]  [39;1msnarkJS[0m: Contribution Response Hash imported: 
		add672d6 c85322dd 47f60807 1deda8db
		80c24647 61bd8cae 2d982d08 cb77409f
		f766ceab d9383788 6600d148 777f4c50
		3e22fa92 e106e13d 710184f8 3e887033
[32;22m[INFO]  [39;1msnarkJS[0m: Next Challenge Hash: 
		02dc45a5 fa21e843 fcfb4ba4 966438ad
		bfb521bd 46634f62 9b4f1c7d daa811f8
		512e508c d28c2e87 92fa8966 3d4132fd
		65e87570 9ba1b85e 741fd80e 5255638f
