# cmd : snarkjs powersoftau contribute pot20_0001.ptau pot20_0002.ptau --name="Second contribution" -v -e="some random text"
# cwd : /home/r24barbi/bench-out/20260825_120620/circuits/4096

[36;22m[DEBUG] [39;1msnarkJS[0m: processing: tauG1: 0/2097151
[36;22m[DEBUG] [39;1msnarkJS[0m: processing: tauG1: 16384/2097151
[36;22m[DEBUG] [39;1msnarkJS[0m: processing: tauG1: 32768/2097151
[36;22m[DEBUG] [39;1msnarkJS[0m: processing: tauG1: 49152/2097151
[36;22m[DEBUG] [39;1msnarkJS[0m: processing: tauG1: 65536/2097151
[36;22m[DEBUG] [39;1msnarkJS[0m: processing: tauG1: 81920/2097151
[36;22m[DEBUG] [39;1msnarkJS[0m: processing: tauG1: 98304/2097151
[36;22m[DEBUG] [39;1msnarkJS[0m: processing: tauG1: 114688/2097151
[36;22m[DEBUG] [39;1msnarkJS[0m: processing: tauG1: 131072/2097151
[36;22m[DEBUG] [39;1msnarkJS[0m: processing: tauG1: 147456/2097151
[36;22m[DEBUG] [39;1msnarkJS[0m: processing: tauG1: 163840/2097151
[36;22m[DEBUG] [39;1msnarkJS[0m: processing: tauG1: 180224/2097151
[36;22m[DEBUG] [39;1msnarkJS[0m: processing: tauG1: 196608/2097151
[36;22m[DEBUG] [39;1msnarkJS[0m: processing: tauG1: 212992/2097151
[36;22m[DEBUG] [39;1msnarkJS[0m: processing: tauG1: 229376/2097151
[36;22m[DEBUG] [39;1msnarkJS[0m: processing: tauG1: 245760/2097151
[36;22m[DEBUG] [39;1msnarkJS[0m: processing: tauG1: 262144/2097151
[36;22m[DEBUG] [39;1msnarkJS[0m: processing: tauG1: 278528/2097151
[36;22m[DEBUG] [39;1msnarkJS[0m: processing: tauG1: 294912/2097151
[36;22m[DEBUG] [39;1msnarkJS[0m: processing: tauG1: 311296/2097151
[36;22m[DEBUG] [39;1msnarkJS[0m: processing: tauG1: 327680/2097151
[36;22m[DEBUG] [39;1msnarkJS[0m: processing: tauG1: 344064/2097151
[36;22m[DEBUG] [39;1msnarkJS[0m: processing: tauG1: 360448/2097151
[36;22m[DEBUG] [39;1msnarkJS[0m: processing: tauG1: 376832/2097151
[36;22m[DEBUG] [39;1msnarkJS[0m: processing: tauG1: 393216/2097151
[36;22m[DEBUG] [39;1msnarkJS[0m: processing: tauG1: 409600/2097151
[36;22m[DEBUG] [39;1msnarkJS[0m: processing: tauG1: 425984/2097151
[36;22m[DEBUG] [39;1msnarkJS[0m: processing: tauG1: 442368/2097151
[36;22m[DEBUG] [39;1msnarkJS[0m: processing: tauG1: 458752/2097151
[36;22m[DEBUG] [39;1msnarkJS[0m: processing: tauG1: 475136/2097151
[36;22m[DEBUG] [39;1msnarkJS[0m: processing: tauG1: 491520/2097151
[36;22m[DEBUG] [39;1msnarkJS[0m: processing: tauG1: 507904/2097151
[36;22m[DEBUG] [39;1msnarkJS[0m: processing: tauG1: 524288/2097151
[36;22m[DEBUG] [39;1msnarkJS[0m: processing: tauG1: 540672/2097151
[36;22m[DEBUG] [39;1msnarkJS[0m: processing: tauG1: 557056/2097151
[36;22m[DEBUG] [39;1msnarkJS[0m: processing: tauG1: 573440/2097151
[36;22m[DEBUG] [39;1msnarkJS[0m: processing: tauG1: 589824/2097151
[36;22m[DEBUG] [39;1msnarkJS[0m: processing: tauG1: 606208/2097151
[36;22m[DEBUG] [39;1msnarkJS[0m: processing: tauG1: 622592/2097151
[36;22m[DEBUG] [39;1msnarkJS[0m: processing: tauG1: 638976/2097151
[36;22m[DEBUG] [39;1msnarkJS[0m: processing: tauG1: 655360/2097151
[36;22m[DEBUG] [39;1msnarkJS[0m: processing: tauG1: 671744/2097151
[36;22m[DEBUG] [39;1msnarkJS[0m: processing: tauG1: 688128/2097151
[36;22m[DEBUG] [39;1msnarkJS[0m: processing: tauG1: 704512/2097151
[36;22m[DEBUG] [39;1msnarkJS[0m: processing: tauG1: 720896/2097151
[36;22m[DEBUG] [39;1msnarkJS[0m: processing: tauG1: 737280/2097151
[36;22m[DEBUG] [39;1msnarkJS[0m: processing: tauG1: 753664/2097151
[36;22m[DEBUG] [39;1msnarkJS[0m: processing: tauG1: 770048/2097151
[36;22m[DEBUG] [39;1msnarkJS[0m: processing: tauG1: 786432/2097151
[36;22m[DEBUG] [39;1msnarkJS[0m: processing: tauG1: 802816/2097151
[36;22m[DEBUG] [39;1msnarkJS[0m: processing: tauG1: 819200/2097151
[36;22m[DEBUG] [39;1msnarkJS[0m: processing: tauG1: 835584/2097151
[36;22m[DEBUG] [39;1msnarkJS[0m: processing: tauG1: 851968/2097151
[36;22m[DEBUG] [39;1msnarkJS[0m: processing: tauG1: 868352/2097151
[36;22m[DEBUG] [39;1msnarkJS[0m: processing: tauG1: 884736/2097151
[36;22m[DEBUG] [39;1msnarkJS[0m: processing: tauG1: 901120/2097151
[36;22m[DEBUG] [39;1msnarkJS[0m: processing: tauG1: 917504/2097151
[36;22m[DEBUG] [39;1msnarkJS[0m: processing: tauG1: 933888/2097151
[36;22m[DEBUG] [39;1msnarkJS[0m: processing: tauG1: 950272/2097151
[36;22m[DEBUG] [39;1msnarkJS[0m: processing: tauG1: 966656/2097151
[36;22m[DEBUG] [39;1msnarkJS[0m: processing: tauG1: 983040/2097151
[36;22m[DEBUG] [39;1msnarkJS[0m: processing: tauG1: 999424/2097151
[36;22m[DEBUG] [39;1msnarkJS[0m: processing: tauG1: 1015808/2097151
[36;22m[DEBUG] [39;1msnarkJS[0m: processing: tauG1: 1032192/2097151
[36;22m[DEBUG] [39;1msnarkJS[0m: processing: tauG1: 1048576/2097151
[36;22m[DEBUG] [39;1msnarkJS[0m: processing: tauG1: 1064960/2097151
[36;22m[DEBUG] [39;1msnarkJS[0m: processing: tauG1: 1081344/2097151
[36;22m[DEBUG] [39;1msnarkJS[0m: processing: tauG1: 1097728/2097151
[36;22m[DEBUG] [39;1msnarkJS[0m: processing: tauG1: 1114112/2097151
[36;22m[DEBUG] [39;1msnarkJS[0m: processing: tauG1: 1130496/2097151
[36;22m[DEBUG] [39;1msnarkJS[0m: processing: tauG1: 1146880/2097151
[36;22m[DEBUG] [39;1msnarkJS[0m: processing: tauG1: 1163264/2097151
[36;22m[DEBUG] [39;1msnarkJS[0m: processing: tauG1: 1179648/2097151
[36;22m[DEBUG] [39;1msnarkJS[0m: processing: tauG1: 1196032/2097151
[36;22m[DEBUG] [39;1msnarkJS[0m: processing: tauG1: 1212416/2097151
[36;22m[DEBUG] [39;1msnarkJS[0m: processing: tauG1: 1228800/2097151
[36;22m[DEBUG] [39;1msnarkJS[0m: processing: tauG1: 1245184/2097151
[36;22m[DEBUG] [39;1msnarkJS[0m: processing: tauG1: 1261568/2097151
[36;22m[DEBUG] [39;1msnarkJS[0m: processing: tauG1: 1277952/2097151
[36;22m[DEBUG] [39;1msnarkJS[0m: processing: tauG1: 1294336/2097151
[36;22m[DEBUG] [39;1msnarkJS[0m: processing: tauG1: 1310720/2097151
[36;22m[DEBUG] [39;1msnarkJS[0m: processing: tauG1: 1327104/2097151
[36;22m[DEBUG] [39;1msnarkJS[0m: processing: tauG1: 1343488/2097151
[36;22m[DEBUG] [39;1msnarkJS[0m: processing: tauG1: 1359872/2097151
[36;22m[DEBUG] [39;1msnarkJS[0m: processing: tauG1: 1376256/2097151
[36;22m[DEBUG] [39;1msnarkJS[0m: processing: tauG1: 1392640/2097151
[36;22m[DEBUG] [39;1msnarkJS[0m: processing: tauG1: 1409024/2097151
[36;22m[DEBUG] [39;1msnarkJS[0m: processing: tauG1: 1425408/2097151
[36;22m[DEBUG] [39;1msnarkJS[0m: processing: tauG1: 1441792/2097151
[36;22m[DEBUG] [39;1msnarkJS[0m: processing: tauG1: 1458176/2097151
[36;22m[DEBUG] [39;1msnarkJS[0m: processing: tauG1: 1474560/2097151
[36;22m[DEBUG] [39;1msnarkJS[0m: processing: tauG1: 1490944/2097151
[36;22m[DEBUG] [39;1msnarkJS[0m: processing: tauG1: 1507328/2097151
[36;22m[DEBUG] [39;1msnarkJS[0m: processing: tauG1: 1523712/2097151
[36;22m[DEBUG] [39;1msnarkJS[0m: processing: tauG1: 1540096/2097151
[36;22m[DEBUG] [39;1msnarkJS[0m: processing: tauG1: 1556480/2097151
[36;22m[DEBUG] [39;1msnarkJS[0m: processing: tauG1: 1572864/2097151
[36;22m[DEBUG] [39;1msnarkJS[0m: processing: tauG1: 1589248/2097151
[36;22m[DEBUG] [39;1msnarkJS[0m: processing: tauG1: 1605632/2097151
[36;22m[DEBUG] [39;1msnarkJS[0m: processing: tauG1: 1622016/2097151
[36;22m[DEBUG] [39;1msnarkJS[0m: processing: tauG1: 1638400/2097151
[36;22m[DEBUG] [39;1msnarkJS[0m: processing: tauG1: 1654784/2097151
[36;22m[DEBUG] [39;1msnarkJS[0m: processing: tauG1: 1671168/2097151
[36;22m[DEBUG] [39;1msnarkJS[0m: processing: tauG1: 1687552/2097151
[36;22m[DEBUG] [39;1msnarkJS[0m: processing: tauG1: 1703936/2097151
[36;22m[DEBUG] [39;1msnarkJS[0m: processing: tauG1: 1720320/2097151
[36;22m[DEBUG] [39;1msnarkJS[0m: processing: tauG1: 1736704/2097151
[36;22m[DEBUG] [39;1msnarkJS[0m: processing: tauG1: 1753088/2097151
[36;22m[DEBUG] [39;1msnarkJS[0m: processing: tauG1: 1769472/2097151
[36;22m[DEBUG] [39;1msnarkJS[0m: processing: tauG1: 1785856/2097151
[36;22m[DEBUG] [39;1msnarkJS[0m: processing: tauG1: 1802240/2097151
[36;22m[DEBUG] [39;1msnarkJS[0m: processing: tauG1: 1818624/2097151
[36;22m[DEBUG] [39;1msnarkJS[0m: processing: tauG1: 1835008/2097151
[36;22m[DEBUG] [39;1msnarkJS[0m: processing: tauG1: 1851392/2097151
[36;22m[DEBUG] [39;1msnarkJS[0m: processing: tauG1: 1867776/2097151
[36;22m[DEBUG] [39;1msnarkJS[0m: processing: tauG1: 1884160/2097151
[36;22m[DEBUG] [39;1msnarkJS[0m: processing: tauG1: 1900544/2097151
[36;22m[DEBUG] [39;1msnarkJS[0m: processing: tauG1: 1916928/2097151
[36;22m[DEBUG] [39;1msnarkJS[0m: processing: tauG1: 1933312/2097151
[36;22m[DEBUG] [39;1msnarkJS[0m: processing: tauG1: 1949696/2097151
[36;22m[DEBUG] [39;1msnarkJS[0m: processing: tauG1: 1966080/2097151
[36;22m[DEBUG] [39;1msnarkJS[0m: processing: tauG1: 1982464/2097151
[36;22m[DEBUG] [39;1msnarkJS[0m: processing: tauG1: 1998848/2097151
[36;22m[DEBUG] [39;1msnarkJS[0m: processing: tauG1: 2015232/2097151
[36;22m[DEBUG] [39;1msnarkJS[0m: processing: tauG1: 2031616/2097151
[36;22m[DEBUG] [39;1msnarkJS[0m: processing: tauG1: 2048000/2097151
[36;22m[DEBUG] [39;1msnarkJS[0m: processing: tauG1: 2064384/2097151
[36;22m[DEBUG] [39;1msnarkJS[0m: processing: tauG1: 2080768/2097151
[36;22m[DEBUG] [39;1msnarkJS[0m: processing: tauG2: 0/1048576
[36;22m[DEBUG] [39;1msnarkJS[0m: processing: tauG2: 8192/1048576
[36;22m[DEBUG] [39;1msnarkJS[0m: processing: tauG2: 16384/1048576
[36;22m[DEBUG] [39;1msnarkJS[0m: processing: tauG2: 24576/1048576
[36;22m[DEBUG] [39;1msnarkJS[0m: processing: tauG2: 32768/1048576
[36;22m[DEBUG] [39;1msnarkJS[0m: processing: tauG2: 40960/1048576
[36;22m[DEBUG] [39;1msnarkJS[0m: processing: tauG2: 49152/1048576
[36;22m[DEBUG] [39;1msnarkJS[0m: processing: tauG2: 57344/1048576
[36;22m[DEBUG] [39;1msnarkJS[0m: processing: tauG2: 65536/1048576
[36;22m[DEBUG] [39;1msnarkJS[0m: processing: tauG2: 73728/1048576
[36;22m[DEBUG] [39;1msnarkJS[0m: processing: tauG2: 81920/1048576
[36;22m[DEBUG] [39;1msnarkJS[0m: processing: tauG2: 90112/1048576
[36;22m[DEBUG] [39;1msnarkJS[0m: processing: tauG2: 98304/1048576
[36;22m[DEBUG] [39;1msnarkJS[0m: processing: tauG2: 106496/1048576
[36;22m[DEBUG] [39;1msnarkJS[0m: processing: tauG2: 114688/1048576
[36;22m[DEBUG] [39;1msnarkJS[0m: processing: tauG2: 122880/1048576
[36;22m[DEBUG] [39;1msnarkJS[0m: processing: tauG2: 131072/1048576
[36;22m[DEBUG] [39;1msnarkJS[0m: processing: tauG2: 139264/1048576
[36;22m[DEBUG] [39;1msnarkJS[0m: processing: tauG2: 147456/1048576
[36;22m[DEBUG] [39;1msnarkJS[0m: processing: tauG2: 155648/1048576
[36;22m[DEBUG] [39;1msnarkJS[0m: processing: tauG2: 163840/1048576
[36;22m[DEBUG] [39;1msnarkJS[0m: processing: tauG2: 172032/1048576
[36;22m[DEBUG] [39;1msnarkJS[0m: processing: tauG2: 180224/1048576
[36;22m[DEBUG] [39;1msnarkJS[0m: processing: tauG2: 188416/1048576
[36;22m[DEBUG] [39;1msnarkJS[0m: processing: tauG2: 196608/1048576
[36;22m[DEBUG] [39;1msnarkJS[0m: processing: tauG2: 204800/1048576
[36;22m[DEBUG] [39;1msnarkJS[0m: processing: tauG2: 212992/1048576
[36;22m[DEBUG] [39;1msnarkJS[0m: processing: tauG2: 221184/1048576
[36;22m[DEBUG] [39;1msnarkJS[0m: processing: tauG2: 229376/1048576
[36;22m[DEBUG] [39;1msnarkJS[0m: processing: tauG2: 237568/1048576
[36;22m[DEBUG] [39;1msnarkJS[0m: processing: tauG2: 245760/1048576
[36;22m[DEBUG] [39;1msnarkJS[0m: processing: tauG2: 253952/1048576
[36;22m[DEBUG] [39;1msnarkJS[0m: processing: tauG2: 262144/1048576
[36;22m[DEBUG] [39;1msnarkJS[0m: processing: tauG2: 270336/1048576
[36;22m[DEBUG] [39;1msnarkJS[0m: processing: tauG2: 278528/1048576
[36;22m[DEBUG] [39;1msnarkJS[0m: processing: tauG2: 286720/1048576
[36;22m[DEBUG] [39;1msnarkJS[0m: processing: tauG2: 294912/1048576
[36;22m[DEBUG] [39;1msnarkJS[0m: processing: tauG2: 303104/1048576
[36;22m[DEBUG] [39;1msnarkJS[0m: processing: tauG2: 311296/1048576
[36;22m[DEBUG] [39;1msnarkJS[0m: processing: tauG2: 319488/1048576
[36;22m[DEBUG] [39;1msnarkJS[0m: processing: tauG2: 327680/1048576
[36;22m[DEBUG] [39;1msnarkJS[0m: processing: tauG2: 335872/1048576
[36;22m[DEBUG] [39;1msnarkJS[0m: processing: tauG2: 344064/1048576
[36;22m[DEBUG] [39;1msnarkJS[0m: processing: tauG2: 352256/1048576
[36;22m[DEBUG] [39;1msnarkJS[0m: processing: tauG2: 360448/1048576
[36;22m[DEBUG] [39;1msnarkJS[0m: processing: tauG2: 368640/1048576
[36;22m[DEBUG] [39;1msnarkJS[0m: processing: tauG2: 376832/1048576
[36;22m[DEBUG] [39;1msnarkJS[0m: processing: tauG2: 385024/1048576
[36;22m[DEBUG] [39;1msnarkJS[0m: processing: tauG2: 393216/1048576
[36;22m[DEBUG] [39;1msnarkJS[0m: processing: tauG2: 401408/1048576
[36;22m[DEBUG] [39;1msnarkJS[0m: processing: tauG2: 409600/1048576
[36;22m[DEBUG] [39;1msnarkJS[0m: processing: tauG2: 417792/1048576
[36;22m[DEBUG] [39;1msnarkJS[0m: processing: tauG2: 425984/1048576
[36;22m[DEBUG] [39;1msnarkJS[0m: processing: tauG2: 434176/1048576
[36;22m[DEBUG] [39;1msnarkJS[0m: processing: tauG2: 442368/1048576
[36;22m[DEBUG] [39;1msnarkJS[0m: processing: tauG2: 450560/1048576
[36;22m[DEBUG] [39;1msnarkJS[0m: processing: tauG2: 458752/1048576
[36;22m[DEBUG] [39;1msnarkJS[0m: processing: tauG2: 466944/1048576
[36;22m[DEBUG] [39;1msnarkJS[0m: processing: tauG2: 475136/1048576
[36;22m[DEBUG] [39;1msnarkJS[0m: processing: tauG2: 483328/1048576
[36;22m[DEBUG] [39;1msnarkJS[0m: processing: tauG2: 491520/1048576
[36;22m[DEBUG] [39;1msnarkJS[0m: processing: tauG2: 499712/1048576
[36;22m[DEBUG] [39;1msnarkJS[0m: processing: tauG2: 507904/1048576
[36;22m[DEBUG] [39;1msnarkJS[0m: processing: tauG2: 516096/1048576
[36;22m[DEBUG] [39;1msnarkJS[0m: processing: tauG2: 524288/1048576
[36;22m[DEBUG] [39;1msnarkJS[0m: processing: tauG2: 532480/1048576
[36;22m[DEBUG] [39;1msnarkJS[0m: processing: tauG2: 540672/1048576
[36;22m[DEBUG] [39;1msnarkJS[0m: processing: tauG2: 548864/1048576
[36;22m[DEBUG] [39;1msnarkJS[0m: processing: tauG2: 557056/1048576
[36;22m[DEBUG] [39;1msnarkJS[0m: processing: tauG2: 565248/1048576
[36;22m[DEBUG] [39;1msnarkJS[0m: processing: tauG2: 573440/1048576
[36;22m[DEBUG] [39;1msnarkJS[0m: processing: tauG2: 581632/1048576
[36;22m[DEBUG] [39;1msnarkJS[0m: processing: tauG2: 589824/1048576
[36;22m[DEBUG] [39;1msnarkJS[0m: processing: tauG2: 598016/1048576
[36;22m[DEBUG] [39;1msnarkJS[0m: processing: tauG2: 606208/1048576
[36;22m[DEBUG] [39;1msnarkJS[0m: processing: tauG2: 614400/1048576
[36;22m[DEBUG] [39;1msnarkJS[0m: processing: tauG2: 622592/1048576
[36;22m[DEBUG] [39;1msnarkJS[0m: processing: tauG2: 630784/1048576
[36;22m[DEBUG] [39;1msnarkJS[0m: processing: tauG2: 638976/1048576
[36;22m[DEBUG] [39;1msnarkJS[0m: processing: tauG2: 647168/1048576
[36;22m[DEBUG] [39;1msnarkJS[0m: processing: tauG2: 655360/1048576
[36;22m[DEBUG] [39;1msnarkJS[0m: processing: tauG2: 663552/1048576
[36;22m[DEBUG] [39;1msnarkJS[0m: processing: tauG2: 671744/1048576
[36;22m[DEBUG] [39;1msnarkJS[0m: processing: tauG2: 679936/1048576
[36;22m[DEBUG] [39;1msnarkJS[0m: processing: tauG2: 688128/1048576
[36;22m[DEBUG] [39;1msnarkJS[0m: processing: tauG2: 696320/1048576
[36;22m[DEBUG] [39;1msnarkJS[0m: processing: tauG2: 704512/1048576
[36;22m[DEBUG] [39;1msnarkJS[0m: processing: tauG2: 712704/1048576
[36;22m[DEBUG] [39;1msnarkJS[0m: processing: tauG2: 720896/1048576
[36;22m[DEBUG] [39;1msnarkJS[0m: processing: tauG2: 729088/1048576
[36;22m[DEBUG] [39;1msnarkJS[0m: processing: tauG2: 737280/1048576
[36;22m[DEBUG] [39;1msnarkJS[0m: processing: tauG2: 745472/1048576
[36;22m[DEBUG] [39;1msnarkJS[0m: processing: tauG2: 753664/1048576
[36;22m[DEBUG] [39;1msnarkJS[0m: processing: tauG2: 761856/1048576
[36;22m[DEBUG] [39;1msnarkJS[0m: processing: tauG2: 770048/1048576
[36;22m[DEBUG] [39;1msnarkJS[0m: processing: tauG2: 778240/1048576
[36;22m[DEBUG] [39;1msnarkJS[0m: processing: tauG2: 786432/1048576
[36;22m[DEBUG] [39;1msnarkJS[0m: processing: tauG2: 794624/1048576
[36;22m[DEBUG] [39;1msnarkJS[0m: processing: tauG2: 802816/1048576
[36;22m[DEBUG] [39;1msnarkJS[0m: processing: tauG2: 811008/1048576
[36;22m[DEBUG] [39;1msnarkJS[0m: processing: tauG2: 819200/1048576
[36;22m[DEBUG] [39;1msnarkJS[0m: processing: tauG2: 827392/1048576
[36;22m[DEBUG] [39;1msnarkJS[0m: processing: tauG2: 835584/1048576
[36;22m[DEBUG] [39;1msnarkJS[0m: processing: tauG2: 843776/1048576
[36;22m[DEBUG] [39;1msnarkJS[0m: processing: tauG2: 851968/1048576
[36;22m[DEBUG] [39;1msnarkJS[0m: processing: tauG2: 860160/1048576
[36;22m[DEBUG] [39;1msnarkJS[0m: processing: tauG2: 868352/1048576
[36;22m[DEBUG] [39;1msnarkJS[0m: processing: tauG2: 876544/1048576
[36;22m[DEBUG] [39;1msnarkJS[0m: processing: tauG2: 884736/1048576
[36;22m[DEBUG] [39;1msnarkJS[0m: processing: tauG2: 892928/1048576
[36;22m[DEBUG] [39;1msnarkJS[0m: processing: tauG2: 901120/1048576
[36;22m[DEBUG] [39;1msnarkJS[0m: processing: tauG2: 909312/1048576
[36;22m[DEBUG] [39;1msnarkJS[0m: processing: tauG2: 917504/1048576
[36;22m[DEBUG] [39;1msnarkJS[0m: processing: tauG2: 925696/1048576
[36;22m[DEBUG] [39;1msnarkJS[0m: processing: tauG2: 933888/1048576
[36;22m[DEBUG] [39;1msnarkJS[0m: processing: tauG2: 942080/1048576
[36;22m[DEBUG] [39;1msnarkJS[0m: processing: tauG2: 950272/1048576
[36;22m[DEBUG] [39;1msnarkJS[0m: processing: tauG2: 958464/1048576
[36;22m[DEBUG] [39;1msnarkJS[0m: processing: tauG2: 966656/1048576
[36;22m[DEBUG] [39;1msnarkJS[0m: processing: tauG2: 974848/1048576
[36;22m[DEBUG] [39;1msnarkJS[0m: processing: tauG2: 983040/1048576
[36;22m[DEBUG] [39;1msnarkJS[0m: processing: tauG2: 991232/1048576
[36;22m[DEBUG] [39;1msnarkJS[0m: processing: tauG2: 999424/1048576
[36;22m[DEBUG] [39;1msnarkJS[0m: processing: tauG2: 1007616/1048576
[36;22m[DEBUG] [39;1msnarkJS[0m: processing: tauG2: 1015808/1048576
[36;22m[DEBUG] [39;1msnarkJS[0m: processing: tauG2: 1024000/1048576
[36;22m[DEBUG] [39;1msnarkJS[0m: processing: tauG2: 1032192/1048576
[36;22m[DEBUG] [39;1msnarkJS[0m: processing: tauG2: 1040384/1048576
[36;22m[DEBUG] [39;1msnarkJS[0m: processing: alphaTauG1: 0/1048576
[36;22m[DEBUG] [39;1msnarkJS[0m: processing: alphaTauG1: 16384/1048576
[36;22m[DEBUG] [39;1msnarkJS[0m: processing: alphaTauG1: 32768/1048576
[36;22m[DEBUG] [39;1msnarkJS[0m: processing: alphaTauG1: 49152/1048576
[36;22m[DEBUG] [39;1msnarkJS[0m: processing: alphaTauG1: 65536/1048576
[36;22m[DEBUG] [39;1msnarkJS[0m: processing: alphaTauG1: 81920/1048576
[36;22m[DEBUG] [39;1msnarkJS[0m: processing: alphaTauG1: 98304/1048576
[36;22m[DEBUG] [39;1msnarkJS[0m: processing: alphaTauG1: 114688/1048576
[36;22m[DEBUG] [39;1msnarkJS[0m: processing: alphaTauG1: 131072/1048576
[36;22m[DEBUG] [39;1msnarkJS[0m: processing: alphaTauG1: 147456/1048576
[36;22m[DEBUG] [39;1msnarkJS[0m: processing: alphaTauG1: 163840/1048576
[36;22m[DEBUG] [39;1msnarkJS[0m: processing: alphaTauG1: 180224/1048576
[36;22m[DEBUG] [39;1msnarkJS[0m: processing: alphaTauG1: 196608/1048576
[36;22m[DEBUG] [39;1msnarkJS[0m: processing: alphaTauG1: 212992/1048576
[36;22m[DEBUG] [39;1msnarkJS[0m: processing: alphaTauG1: 229376/1048576
[36;22m[DEBUG] [39;1msnarkJS[0m: processing: alphaTauG1: 245760/1048576
[36;22m[DEBUG] [39;1msnarkJS[0m: processing: alphaTauG1: 262144/1048576
[36;22m[DEBUG] [39;1msnarkJS[0m: processing: alphaTauG1: 278528/1048576
[36;22m[DEBUG] [39;1msnarkJS[0m: processing: alphaTauG1: 294912/1048576
[36;22m[DEBUG] [39;1msnarkJS[0m: processing: alphaTauG1: 311296/1048576
[36;22m[DEBUG] [39;1msnarkJS[0m: processing: alphaTauG1: 327680/1048576
[36;22m[DEBUG] [39;1msnarkJS[0m: processing: alphaTauG1: 344064/1048576
[36;22m[DEBUG] [39;1msnarkJS[0m: processing: alphaTauG1: 360448/1048576
[36;22m[DEBUG] [39;1msnarkJS[0m: processing: alphaTauG1: 376832/1048576
[36;22m[DEBUG] [39;1msnarkJS[0m: processing: alphaTauG1: 393216/1048576
[36;22m[DEBUG] [39;1msnarkJS[0m: processing: alphaTauG1: 409600/1048576
[36;22m[DEBUG] [39;1msnarkJS[0m: processing: alphaTauG1: 425984/1048576
[36;22m[DEBUG] [39;1msnarkJS[0m: processing: alphaTauG1: 442368/1048576
[36;22m[DEBUG] [39;1msnarkJS[0m: processing: alphaTauG1: 458752/1048576
[36;22m[DEBUG] [39;1msnarkJS[0m: processing: alphaTauG1: 475136/1048576
[36;22m[DEBUG] [39;1msnarkJS[0m: processing: alphaTauG1: 491520/1048576
[36;22m[DEBUG] [39;1msnarkJS[0m: processing: alphaTauG1: 507904/1048576
[36;22m[DEBUG] [39;1msnarkJS[0m: processing: alphaTauG1: 524288/1048576
[36;22m[DEBUG] [39;1msnarkJS[0m: processing: alphaTauG1: 540672/1048576
[36;22m[DEBUG] [39;1msnarkJS[0m: processing: alphaTauG1: 557056/1048576
[36;22m[DEBUG] [39;1msnarkJS[0m: processing: alphaTauG1: 573440/1048576
[36;22m[DEBUG] [39;1msnarkJS[0m: processing: alphaTauG1: 589824/1048576
[36;22m[DEBUG] [39;1msnarkJS[0m: processing: alphaTauG1: 606208/1048576
[36;22m[DEBUG] [39;1msnarkJS[0m: processing: alphaTauG1: 622592/1048576
[36;22m[DEBUG] [39;1msnarkJS[0m: processing: alphaTauG1: 638976/1048576
[36;22m[DEBUG] [39;1msnarkJS[0m: processing: alphaTauG1: 655360/1048576
[36;22m[DEBUG] [39;1msnarkJS[0m: processing: alphaTauG1: 671744/1048576
[36;22m[DEBUG] [39;1msnarkJS[0m: processing: alphaTauG1: 688128/1048576
[36;22m[DEBUG] [39;1msnarkJS[0m: processing: alphaTauG1: 704512/1048576
[36;22m[DEBUG] [39;1msnarkJS[0m: processing: alphaTauG1: 720896/1048576
[36;22m[DEBUG] [39;1msnarkJS[0m: processing: alphaTauG1: 737280/1048576
[36;22m[DEBUG] [39;1msnarkJS[0m: processing: alphaTauG1: 753664/1048576
[36;22m[DEBUG] [39;1msnarkJS[0m: processing: alphaTauG1: 770048/1048576
[36;22m[DEBUG] [39;1msnarkJS[0m: processing: alphaTauG1: 786432/1048576
[36;22m[DEBUG] [39;1msnarkJS[0m: processing: alphaTauG1: 802816/1048576
[36;22m[DEBUG] [39;1msnarkJS[0m: processing: alphaTauG1: 819200/1048576
[36;22m[DEBUG] [39;1msnarkJS[0m: processing: alphaTauG1: 835584/1048576
[36;22m[DEBUG] [39;1msnarkJS[0m: processing: alphaTauG1: 851968/1048576
[36;22m[DEBUG] [39;1msnarkJS[0m: processing: alphaTauG1: 868352/1048576
[36;22m[DEBUG] [39;1msnarkJS[0m: processing: alphaTauG1: 884736/1048576
[36;22m[DEBUG] [39;1msnarkJS[0m: processing: alphaTauG1: 901120/1048576
[36;22m[DEBUG] [39;1msnarkJS[0m: processing: alphaTauG1: 917504/1048576
[36;22m[DEBUG] [39;1msnarkJS[0m: processing: alphaTauG1: 933888/1048576
[36;22m[DEBUG] [39;1msnarkJS[0m: processing: alphaTauG1: 950272/1048576
[36;22m[DEBUG] [39;1msnarkJS[0m: processing: alphaTauG1: 966656/1048576
[36;22m[DEBUG] [39;1msnarkJS[0m: processing: alphaTauG1: 983040/1048576
[36;22m[DEBUG] [39;1msnarkJS[0m: processing: alphaTauG1: 999424/1048576
[36;22m[DEBUG] [39;1msnarkJS[0m: processing: alphaTauG1: 1015808/1048576
[36;22m[DEBUG] [39;1msnarkJS[0m: processing: alphaTauG1: 1032192/1048576
[36;22m[DEBUG] [39;1msnarkJS[0m: processing: betaTauG1: 0/1048576
[36;22m[DEBUG] [39;1msnarkJS[0m: processing: betaTauG1: 16384/1048576
[36;22m[DEBUG] [39;1msnarkJS[0m: processing: betaTauG1: 32768/1048576
[36;22m[DEBUG] [39;1msnarkJS[0m: processing: betaTauG1: 49152/1048576
[36;22m[DEBUG] [39;1msnarkJS[0m: processing: betaTauG1: 65536/1048576
[36;22m[DEBUG] [39;1msnarkJS[0m: processing: betaTauG1: 81920/1048576
[36;22m[DEBUG] [39;1msnarkJS[0m: processing: betaTauG1: 98304/1048576
[36;22m[DEBUG] [39;1msnarkJS[0m: processing: betaTauG1: 114688/1048576
[36;22m[DEBUG] [39;1msnarkJS[0m: processing: betaTauG1: 131072/1048576
[36;22m[DEBUG] [39;1msnarkJS[0m: processing: betaTauG1: 147456/1048576
[36;22m[DEBUG] [39;1msnarkJS[0m: processing: betaTauG1: 163840/1048576
[36;22m[DEBUG] [39;1msnarkJS[0m: processing: betaTauG1: 180224/1048576
[36;22m[DEBUG] [39;1msnarkJS[0m: processing: betaTauG1: 196608/1048576
[36;22m[DEBUG] [39;1msnarkJS[0m: processing: betaTauG1: 212992/1048576
[36;22m[DEBUG] [39;1msnarkJS[0m: processing: betaTauG1: 229376/1048576
[36;22m[DEBUG] [39;1msnarkJS[0m: processing: betaTauG1: 245760/1048576
[36;22m[DEBUG] [39;1msnarkJS[0m: processing: betaTauG1: 262144/1048576
[36;22m[DEBUG] [39;1msnarkJS[0m: processing: betaTauG1: 278528/1048576
[36;22m[DEBUG] [39;1msnarkJS[0m: processing: betaTauG1: 294912/1048576
[36;22m[DEBUG] [39;1msnarkJS[0m: processing: betaTauG1: 311296/1048576
[36;22m[DEBUG] [39;1msnarkJS[0m: processing: betaTauG1: 327680/1048576
[36;22m[DEBUG] [39;1msnarkJS[0m: processing: betaTauG1: 344064/1048576
[36;22m[DEBUG] [39;1msnarkJS[0m: processing: betaTauG1: 360448/1048576
[36;22m[DEBUG] [39;1msnarkJS[0m: processing: betaTauG1: 376832/1048576
[36;22m[DEBUG] [39;1msnarkJS[0m: processing: betaTauG1: 393216/1048576
[36;22m[DEBUG] [39;1msnarkJS[0m: processing: betaTauG1: 409600/1048576
[36;22m[DEBUG] [39;1msnarkJS[0m: processing: betaTauG1: 425984/1048576
[36;22m[DEBUG] [39;1msnarkJS[0m: processing: betaTauG1: 442368/1048576
[36;22m[DEBUG] [39;1msnarkJS[0m: processing: betaTauG1: 458752/1048576
[36;22m[DEBUG] [39;1msnarkJS[0m: processing: betaTauG1: 475136/1048576
[36;22m[DEBUG] [39;1msnarkJS[0m: processing: betaTauG1: 491520/1048576
[36;22m[DEBUG] [39;1msnarkJS[0m: processing: betaTauG1: 507904/1048576
[36;22m[DEBUG] [39;1msnarkJS[0m: processing: betaTauG1: 524288/1048576
[36;22m[DEBUG] [39;1msnarkJS[0m: processing: betaTauG1: 540672/1048576
[36;22m[DEBUG] [39;1msnarkJS[0m: processing: betaTauG1: 557056/1048576
[36;22m[DEBUG] [39;1msnarkJS[0m: processing: betaTauG1: 573440/1048576
[36;22m[DEBUG] [39;1msnarkJS[0m: processing: betaTauG1: 589824/1048576
[36;22m[DEBUG] [39;1msnarkJS[0m: processing: betaTauG1: 606208/1048576
[36;22m[DEBUG] [39;1msnarkJS[0m: processing: betaTauG1: 622592/1048576
[36;22m[DEBUG] [39;1msnarkJS[0m: processing: betaTauG1: 638976/1048576
[36;22m[DEBUG] [39;1msnarkJS[0m: processing: betaTauG1: 655360/1048576
[36;22m[DEBUG] [39;1msnarkJS[0m: processing: betaTauG1: 671744/1048576
[36;22m[DEBUG] [39;1msnarkJS[0m: processing: betaTauG1: 688128/1048576
[36;22m[DEBUG] [39;1msnarkJS[0m: processing: betaTauG1: 704512/1048576
[36;22m[DEBUG] [39;1msnarkJS[0m: processing: betaTauG1: 720896/1048576
[36;22m[DEBUG] [39;1msnarkJS[0m: processing: betaTauG1: 737280/1048576
[36;22m[DEBUG] [39;1msnarkJS[0m: processing: betaTauG1: 753664/1048576
[36;22m[DEBUG] [39;1msnarkJS[0m: processing: betaTauG1: 770048/1048576
[36;22m[DEBUG] [39;1msnarkJS[0m: processing: betaTauG1: 786432/1048576
[36;22m[DEBUG] [39;1msnarkJS[0m: processing: betaTauG1: 802816/1048576
[36;22m[DEBUG] [39;1msnarkJS[0m: processing: betaTauG1: 819200/1048576
[36;22m[DEBUG] [39;1msnarkJS[0m: processing: betaTauG1: 835584/1048576
[36;22m[DEBUG] [39;1msnarkJS[0m: processing: betaTauG1: 851968/1048576
[36;22m[DEBUG] [39;1msnarkJS[0m: processing: betaTauG1: 868352/1048576
[36;22m[DEBUG] [39;1msnarkJS[0m: processing: betaTauG1: 884736/1048576
[36;22m[DEBUG] [39;1msnarkJS[0m: processing: betaTauG1: 901120/1048576
[36;22m[DEBUG] [39;1msnarkJS[0m: processing: betaTauG1: 917504/1048576
[36;22m[DEBUG] [39;1msnarkJS[0m: processing: betaTauG1: 933888/1048576
[36;22m[DEBUG] [39;1msnarkJS[0m: processing: betaTauG1: 950272/1048576
[36;22m[DEBUG] [39;1msnarkJS[0m: processing: betaTauG1: 966656/1048576
[36;22m[DEBUG] [39;1msnarkJS[0m: processing: betaTauG1: 983040/1048576
[36;22m[DEBUG] [39;1msnarkJS[0m: processing: betaTauG1: 999424/1048576
[36;22m[DEBUG] [39;1msnarkJS[0m: processing: betaTauG1: 1015808/1048576
[36;22m[DEBUG] [39;1msnarkJS[0m: processing: betaTauG1: 1032192/1048576
[36;22m[DEBUG] [39;1msnarkJS[0m: processing: betaTauG2: 0/1
[32;22m[INFO]  [39;1msnarkJS[0m: Contribution Response Hash imported: 
		856e26a1 6644ea67 21c17bc9 e6871b67
		cdc03f19 53e804c4 3e76ea09 4bcbc25e
		26c66617 0ced2be2 8cb2f18c 36c60c90
		d2aabb5f c7ee6390 2353bc68 34c80325
[36;22m[DEBUG] [39;1msnarkJS[0m: Hashing tauG1: 262144
[36;22m[DEBUG] [39;1msnarkJS[0m: Hashing tauG1: 524288
[36;22m[DEBUG] [39;1msnarkJS[0m: Hashing tauG1: 786432
[36;22m[DEBUG] [39;1msnarkJS[0m: Hashing tauG1: 1048576
[36;22m[DEBUG] [39;1msnarkJS[0m: Hashing tauG1: 1310720
[36;22m[DEBUG] [39;1msnarkJS[0m: Hashing tauG1: 1572864
[36;22m[DEBUG] [39;1msnarkJS[0m: Hashing tauG1: 1835008
[36;22m[DEBUG] [39;1msnarkJS[0m: Hashing tauG2: 131072
[36;22m[DEBUG] [39;1msnarkJS[0m: Hashing tauG2: 262144
[36;22m[DEBUG] [39;1msnarkJS[0m: Hashing tauG2: 393216
[36;22m[DEBUG] [39;1msnarkJS[0m: Hashing tauG2: 524288
[36;22m[DEBUG] [39;1msnarkJS[0m: Hashing tauG2: 655360
[36;22m[DEBUG] [39;1msnarkJS[0m: Hashing tauG2: 786432
[36;22m[DEBUG] [39;1msnarkJS[0m: Hashing tauG2: 917504
[36;22m[DEBUG] [39;1msnarkJS[0m: Hashing alphaTauG1: 262144
[36;22m[DEBUG] [39;1msnarkJS[0m: Hashing alphaTauG1: 524288
[36;22m[DEBUG] [39;1msnarkJS[0m: Hashing alphaTauG1: 786432
[36;22m[DEBUG] [39;1msnarkJS[0m: Hashing betaTauG1: 262144
[36;22m[DEBUG] [39;1msnarkJS[0m: Hashing betaTauG1: 524288
[36;22m[DEBUG] [39;1msnarkJS[0m: Hashing betaTauG1: 786432
[32;22m[INFO]  [39;1msnarkJS[0m: Next Challenge Hash: 
		6612cd37 e569a27e 71e5461b 783cf586
		ec9c71f3 f7578495 551984d4 11177ae9
		692130ca 83a75a65 0f4234d4 3d34613e
		746dc40d 547ceb23 5ff14d19 f5bf6bc3
