# cmd : snarkjs zkey contribute circuit_0000.zkey circuit_0001.zkey --name="1st Contributor" -v -e="some random text"
# cwd : /home/r24barbi/bench-out/20260825_120620/circuits/4096

[36;22m[DEBUG] [39;1msnarkJS[0m: Applying key: L Section: 0/651262
[36;22m[DEBUG] [39;1msnarkJS[0m: Applying key: L Section: 65536/651262
[36;22m[DEBUG] [39;1msnarkJS[0m: Applying key: L Section: 131072/651262
[36;22m[DEBUG] [39;1msnarkJS[0m: Applying key: L Section: 196608/651262
[36;22m[DEBUG] [39;1msnarkJS[0m: Applying key: L Section: 262144/651262
[36;22m[DEBUG] [39;1msnarkJS[0m: Applying key: L Section: 327680/651262
[36;22m[DEBUG] [39;1msnarkJS[0m: Applying key: L Section: 393216/651262
[36;22m[DEBUG] [39;1msnarkJS[0m: Applying key: L Section: 458752/651262
[36;22m[DEBUG] [39;1msnarkJS[0m: Applying key: L Section: 524288/651262
[36;22m[DEBUG] [39;1msnarkJS[0m: Applying key: L Section: 589824/651262
[36;22m[DEBUG] [39;1msnarkJS[0m: Applying key: H Section: 0/1048576
[36;22m[DEBUG] [39;1msnarkJS[0m: Applying key: H Section: 65536/1048576
[36;22m[DEBUG] [39;1msnarkJS[0m: Applying key: H Section: 131072/1048576
[36;22m[DEBUG] [39;1msnarkJS[0m: Applying key: H Section: 196608/1048576
[36;22m[DEBUG] [39;1msnarkJS[0m: Applying key: H Section: 262144/1048576
[36;22m[DEBUG] [39;1msnarkJS[0m: Applying key: H Section: 327680/1048576
[36;22m[DEBUG] [39;1msnarkJS[0m: Applying key: H Section: 393216/1048576
[36;22m[DEBUG] [39;1msnarkJS[0m: Applying key: H Section: 458752/1048576
[36;22m[DEBUG] [39;1msnarkJS[0m: Applying key: H Section: 524288/1048576
[36;22m[DEBUG] [39;1msnarkJS[0m: Applying key: H Section: 589824/1048576
[36;22m[DEBUG] [39;1msnarkJS[0m: Applying key: H Section: 655360/1048576
[36;22m[DEBUG] [39;1msnarkJS[0m: Applying key: H Section: 720896/1048576
[36;22m[DEBUG] [39;1msnarkJS[0m: Applying key: H Section: 786432/1048576
[36;22m[DEBUG] [39;1msnarkJS[0m: Applying key: H Section: 851968/1048576
[36;22m[DEBUG] [39;1msnarkJS[0m: Applying key: H Section: 917504/1048576
[36;22m[DEBUG] [39;1msnarkJS[0m: Applying key: H Section: 983040/1048576
[32;22m[INFO]  [39;1msnarkJS[0m: Circuit Hash: 
		b6ce90c0 2de60a81 f07bd1fe 3ee1fdf0
		0800fa62 1059ddbb d128f1fb 3cd958e3
		2d73ea76 f635a3fc cca5a326 9736023e
		535df228 b0983c6e 38816b5e 869649cb
[32;22m[INFO]  [39;1msnarkJS[0m: Contribution Hash: 
		3940e6d5 9280b350 cc805d93 2caee51f
		2a12b15b 76ec60eb 9d38c22e 30da4117
		f117d15d d3a8d1ee 2a50f4d5 36d786aa
		7389165a a138f177 cabee547 8739666c
