# cmd : snarkjs powersoftau contribute pot10_0000.ptau pot10_0001.ptau --name="First contribution" -v -e="some random text"
# cwd : /home/r24barbi/bench-out/20260825_120620/circuits/4

[36;22m[DEBUG] [39;1msnarkJS[0m: Calculating First Challenge Hash
[36;22m[DEBUG] [39;1msnarkJS[0m: Calculate Initial Hash: tauG1
[36;22m[DEBUG] [39;1msnarkJS[0m: Calculate Initial Hash: tauG2
[36;22m[DEBUG] [39;1msnarkJS[0m: Calculate Initial Hash: alphaTauG1
[36;22m[DEBUG] [39;1msnarkJS[0m: Calculate Initial Hash: betaTauG1
[36;22m[DEBUG] [39;1msnarkJS[0m: processing: tauG1: 0/2047
[36;22m[DEBUG] [39;1msnarkJS[0m: processing: tauG2: 0/1024
[36;22m[DEBUG] [39;1msnarkJS[0m: processing: alphaTauG1: 0/1024
[36;22m[DEBUG] [39;1msnarkJS[0m: processing: betaTauG1: 0/1024
[36;22m[DEBUG] [39;1msnarkJS[0m: processing: betaTauG2: 0/1
[32;22m[INFO]  [39;1msnarkJS[0m: Contribution Response Hash imported: 
		c60a542d 4606b43b 0ebaffdc 33d3a037
		393684e5 3992e78d e4055761 578ad6e8
		940cc277 58ed2a02 a0d34afd 2ed72223
		d3c54e97 2d9d70fa bde73edd 7580b673
[32;22m[INFO]  [39;1msnarkJS[0m: Next Challenge Hash: 
		5bb8c1eb 14fec8be 07746662 f9668d1f
		d7dcfa41 56932555 4abb46c8 0ec89f79
		a34e5e6b eff03016 5628bf46 00f6272a
		1a8041ff 9076c15a 5f10c1b4 0874cef4
