# cmd : snarkjs powersoftau verify pot10_final.ptau
# cwd : /home/r24barbi/bench-out/20260825_120620/circuits/4

[32;22m[INFO]  [39;1msnarkJS[0m: Powers Of tau file OK!
[32;22m[INFO]  [39;1msnarkJS[0m: Next challenge hash: 
		6decf49e cd7d11ef ce3891ac e0b557d1
		e42ccf71 e13e6870 178f52f7 9fc263d1
		6a07bc9a 6918a756 0fb4d83a 23049750
		c98205df 6094539f 228ea8e6 7d6e40dd
[32;22m[INFO]  [39;1msnarkJS[0m: -----------------------------------------------------
[32;22m[INFO]  [39;1msnarkJS[0m: Contribution #4: Final Beacon
[32;22m[INFO]  [39;1msnarkJS[0m: Next Challenge: 
		6decf49e cd7d11ef ce3891ac e0b557d1
		e42ccf71 e13e6870 178f52f7 9fc263d1
		6a07bc9a 6918a756 0fb4d83a 23049750
		c98205df 6094539f 228ea8e6 7d6e40dd
[32;22m[INFO]  [39;1msnarkJS[0m: Response Hash:
		04a1b067 b02bbaa5 1b11ce2d e0f2b4f6
		6b90a96d a2bf3d8b 2c2ee34d 774d7926
		5d7b00cb 2b0baea4 120008dc 23031bb3
		158fcff4 b3a8b3af 0ebccef0 3783a1c6
[32;22m[INFO]  [39;1msnarkJS[0m: Response Hash:
		718a8319 7b90d81a 5f7034ab 423de773
		810069d0 2a7891e1 368d294e e4251740
		b8f90daa d3edfa88 376d0ccf aa3483b5
		bc4e89d2 efaef95a 4dbdb391 a92702e7
[32;22m[INFO]  [39;1msnarkJS[0m: Beacon generator: 0102030405060708090a0b0c0d0e0f101112131015161718191a1b1c1d1e1f
[32;22m[INFO]  [39;1msnarkJS[0m: Beacon iterations Exp: 10
[32;22m[INFO]  [39;1msnarkJS[0m: Powers Of tau file OK!
[32;22m[INFO]  [39;1msnarkJS[0m: -----------------------------------------------------
[32;22m[INFO]  [39;1msnarkJS[0m: Contribution #3: Third contribution
[32;22m[INFO]  [39;1msnarkJS[0m: Next Challenge: 
		718a8319 7b90d81a 5f7034ab 423de773
		810069d0 2a7891e1 368d294e e4251740
		b8f90daa d3edfa88 376d0ccf aa3483b5
		bc4e89d2 efaef95a 4dbdb391 a92702e7
[32;22m[INFO]  [39;1msnarkJS[0m: Response Hash:
		0ab6141c c9d17abb 6cd8f928 61b4ca12
		1e304173 98de1d86 51ac19f0 09b60a9e
		036c1e63 03158a44 5178a99f 70d95432
		0492a9bb 49d17d42 5b1844ce f2945156
[32;22m[INFO]  [39;1msnarkJS[0m: Response Hash:
		88be1818 caaf9969 1669c5a3 b4d943b2
		99078056 f77b6124 962a4370 871c196a
		6f39b93f b9a55b47 290a621d 1e65a391
		4bd8d1cf adc450fc 721967db 7d90f7a9
[32;22m[INFO]  [39;1msnarkJS[0m: Powers Of tau file OK!
[32;22m[INFO]  [39;1msnarkJS[0m: -----------------------------------------------------
[32;22m[INFO]  [39;1msnarkJS[0m: Contribution #2: Second contribution
[32;22m[INFO]  [39;1msnarkJS[0m: Next Challenge: 
		88be1818 caaf9969 1669c5a3 b4d943b2
		99078056 f77b6124 962a4370 871c196a
		6f39b93f b9a55b47 290a621d 1e65a391
		4bd8d1cf adc450fc 721967db 7d90f7a9
[32;22m[INFO]  [39;1msnarkJS[0m: Response Hash:
		62bdd9fd 201c458e c5233c71 5d59e76c
		601adbbf e2fc1e45 34da4fa2 8baba037
		bdf96385 5901bcf1 3a8777bc 67551e58
		fdf7462f 76a60c39 4f415a8b a0b84c9f
[32;22m[INFO]  [39;1msnarkJS[0m: Response Hash:
		5bb8c1eb 14fec8be 07746662 f9668d1f
		d7dcfa41 56932555 4abb46c8 0ec89f79
		a34e5e6b eff03016 5628bf46 00f6272a
		1a8041ff 9076c15a 5f10c1b4 0874cef4
[32;22m[INFO]  [39;1msnarkJS[0m: Powers Of tau file OK!
[32;22m[INFO]  [39;1msnarkJS[0m: -----------------------------------------------------
[32;22m[INFO]  [39;1msnarkJS[0m: Contribution #1: First contribution
[32;22m[INFO]  [39;1msnarkJS[0m: Next Challenge: 
		5bb8c1eb 14fec8be 07746662 f9668d1f
		d7dcfa41 56932555 4abb46c8 0ec89f79
		a34e5e6b eff03016 5628bf46 00f6272a
		1a8041ff 9076c15a 5f10c1b4 0874cef4
[32;22m[INFO]  [39;1msnarkJS[0m: Response Hash:
		c60a542d 4606b43b 0ebaffdc 33d3a037
		393684e5 3992e78d e4055761 578ad6e8
		940cc277 58ed2a02 a0d34afd 2ed72223
		d3c54e97 2d9d70fa bde73edd 7580b673
[32;22m[INFO]  [39;1msnarkJS[0m: Response Hash:
		95f0b449 9e50f8da 383b0d74 c174c169
		8bdffe1b 35066754 005889a1 47849bbf
		8d64ff6c 989bd89a 4736b569 a99a1c83
		a50dc181 e9fe1d4d 23d1888a 98b3157e
[32;22m[INFO]  [39;1msnarkJS[0m: -----------------------------------------------------
[32;22m[INFO]  [39;1msnarkJS[0m: Powers of Tau Ok!
