# cmd : snarkjs powersoftau contribute pot17_0001.ptau pot17_0002.ptau --name="Second contribution" -v -e="some random text"
# cwd : /home/r24barbi/bench-out/20260825_120620/circuits/512

[36;22m[DEBUG] [39;1msnarkJS[0m: processing: tauG1: 0/262143
[36;22m[DEBUG] [39;1msnarkJS[0m: processing: tauG1: 16384/262143
[36;22m[DEBUG] [39;1msnarkJS[0m: processing: tauG1: 32768/262143
[36;22m[DEBUG] [39;1msnarkJS[0m: processing: tauG1: 49152/262143
[36;22m[DEBUG] [39;1msnarkJS[0m: processing: tauG1: 65536/262143
[36;22m[DEBUG] [39;1msnarkJS[0m: processing: tauG1: 81920/262143
[36;22m[DEBUG] [39;1msnarkJS[0m: processing: tauG1: 98304/262143
[36;22m[DEBUG] [39;1msnarkJS[0m: processing: tauG1: 114688/262143
[36;22m[DEBUG] [39;1msnarkJS[0m: processing: tauG1: 131072/262143
[36;22m[DEBUG] [39;1msnarkJS[0m: processing: tauG1: 147456/262143
[36;22m[DEBUG] [39;1msnarkJS[0m: processing: tauG1: 163840/262143
[36;22m[DEBUG] [39;1msnarkJS[0m: processing: tauG1: 180224/262143
[36;22m[DEBUG] [39;1msnarkJS[0m: processing: tauG1: 196608/262143
[36;22m[DEBUG] [39;1msnarkJS[0m: processing: tauG1: 212992/262143
[36;22m[DEBUG] [39;1msnarkJS[0m: processing: tauG1: 229376/262143
[36;22m[DEBUG] [39;1msnarkJS[0m: processing: tauG1: 245760/262143
[36;22m[DEBUG] [39;1msnarkJS[0m: processing: tauG2: 0/131072
[36;22m[DEBUG] [39;1msnarkJS[0m: processing: tauG2: 8192/131072
[36;22m[DEBUG] [39;1msnarkJS[0m: processing: tauG2: 16384/131072
[36;22m[DEBUG] [39;1msnarkJS[0m: processing: tauG2: 24576/131072
[36;22m[DEBUG] [39;1msnarkJS[0m: processing: tauG2: 32768/131072
[36;22m[DEBUG] [39;1msnarkJS[0m: processing: tauG2: 40960/131072
[36;22m[DEBUG] [39;1msnarkJS[0m: processing: tauG2: 49152/131072
[36;22m[DEBUG] [39;1msnarkJS[0m: processing: tauG2: 57344/131072
[36;22m[DEBUG] [39;1msnarkJS[0m: processing: tauG2: 65536/131072
[36;22m[DEBUG] [39;1msnarkJS[0m: processing: tauG2: 73728/131072
[36;22m[DEBUG] [39;1msnarkJS[0m: processing: tauG2: 81920/131072
[36;22m[DEBUG] [39;1msnarkJS[0m: processing: tauG2: 90112/131072
[36;22m[DEBUG] [39;1msnarkJS[0m: processing: tauG2: 98304/131072
[36;22m[DEBUG] [39;1msnarkJS[0m: processing: tauG2: 106496/131072
[36;22m[DEBUG] [39;1msnarkJS[0m: processing: tauG2: 114688/131072
[36;22m[DEBUG] [39;1msnarkJS[0m: processing: tauG2: 122880/131072
[36;22m[DEBUG] [39;1msnarkJS[0m: processing: alphaTauG1: 0/131072
[36;22m[DEBUG] [39;1msnarkJS[0m: processing: alphaTauG1: 16384/131072
[36;22m[DEBUG] [39;1msnarkJS[0m: processing: alphaTauG1: 32768/131072
[36;22m[DEBUG] [39;1msnarkJS[0m: processing: alphaTauG1: 49152/131072
[36;22m[DEBUG] [39;1msnarkJS[0m: processing: alphaTauG1: 65536/131072
[36;22m[DEBUG] [39;1msnarkJS[0m: processing: alphaTauG1: 81920/131072
[36;22m[DEBUG] [39;1msnarkJS[0m: processing: alphaTauG1: 98304/131072
[36;22m[DEBUG] [39;1msnarkJS[0m: processing: alphaTauG1: 114688/131072
[36;22m[DEBUG] [39;1msnarkJS[0m: processing: betaTauG1: 0/131072
[36;22m[DEBUG] [39;1msnarkJS[0m: processing: betaTauG1: 16384/131072
[36;22m[DEBUG] [39;1msnarkJS[0m: processing: betaTauG1: 32768/131072
[36;22m[DEBUG] [39;1msnarkJS[0m: processing: betaTauG1: 49152/131072
[36;22m[DEBUG] [39;1msnarkJS[0m: processing: betaTauG1: 65536/131072
[36;22m[DEBUG] [39;1msnarkJS[0m: processing: betaTauG1: 81920/131072
[36;22m[DEBUG] [39;1msnarkJS[0m: processing: betaTauG1: 98304/131072
[36;22m[DEBUG] [39;1msnarkJS[0m: processing: betaTauG1: 114688/131072
[36;22m[DEBUG] [39;1msnarkJS[0m: processing: betaTauG2: 0/1
[32;22m[INFO]  [39;1msnarkJS[0m: Contribution Response Hash imported: 
		9560c2d2 010f6604 2a0ea7ac 035806f3
		3ac7b6ec da19beb7 d48dc1d4 d7556fcc
		e01ecb93 d29f534a e500c819 d46411cc
		27d85cc2 65b16639 d41a5c8c b64cdbbc
[32;22m[INFO]  [39;1msnarkJS[0m: Next Challenge Hash: 
		92b489b7 e413cc3e c0ab1e6e 5b38bce1
		f04c81ae 2e65e08b e129dc1c fc88154b
		bad2d261 3f7dc54c 696dc2db 287d9948
		6bdc25eb e266a96a a1cdc122 50ebba66
