# cmd : snarkjs powersoftau contribute pot17_0000.ptau pot17_0001.ptau --name="First contribution" -v -e="some random text"
# cwd : /home/r24barbi/bench-out/20260825_120620/circuits/512

[36;22m[DEBUG] [39;1msnarkJS[0m: Calculating First Challenge Hash
[36;22m[DEBUG] [39;1msnarkJS[0m: Calculate Initial Hash: tauG1
[36;22m[DEBUG] [39;1msnarkJS[0m: Calculate Initial Hash: tauG2
[36;22m[DEBUG] [39;1msnarkJS[0m: Calculate Initial Hash: alphaTauG1
[36;22m[DEBUG] [39;1msnarkJS[0m: Calculate Initial Hash: betaTauG1
[36;22m[DEBUG] [39;1msnarkJS[0m: processing: tauG1: 0/262143
[36;22m[DEBUG] [39;1msnarkJS[0m: processing: tauG1: 16384/262143
[36;22m[DEBUG] [39;1msnarkJS[0m: processing: tauG1: 32768/262143
[36;22m[DEBUG] [39;1msnarkJS[0m: processing: tauG1: 49152/262143
[36;22m[DEBUG] [39;1msnarkJS[0m: processing: tauG1: 65536/262143
[36;22m[DEBUG] [39;1msnarkJS[0m: processing: tauG1: 81920/262143
[36;22m[DEBUG] [39;1msnarkJS[0m: processing: tauG1: 98304/262143
[36;22m[DEBUG] [39;1msnarkJS[0m: processing: tauG1: 114688/262143
[36;22m[DEBUG] [39;1msnarkJS[0m: processing: tauG1: 131072/262143
[36;22m[DEBUG] [39;1msnarkJS[0m: processing: tauG1: 147456/262143
[36;22m[DEBUG] [39;1msnarkJS[0m: processing: tauG1: 163840/262143
[36;22m[DEBUG] [39;1msnarkJS[0m: processing: tauG1: 180224/262143
[36;22m[DEBUG] [39;1msnarkJS[0m: processing: tauG1: 196608/262143
[36;22m[DEBUG] [39;1msnarkJS[0m: processing: tauG1: 212992/262143
[36;22m[DEBUG] [39;1msnarkJS[0m: processing: tauG1: 229376/262143
[36;22m[DEBUG] [39;1msnarkJS[0m: processing: tauG1: 245760/262143
[36;22m[DEBUG] [39;1msnarkJS[0m: processing: tauG2: 0/131072
[36;22m[DEBUG] [39;1msnarkJS[0m: processing: tauG2: 8192/131072
[36;22m[DEBUG] [39;1msnarkJS[0m: processing: tauG2: 16384/131072
[36;22m[DEBUG] [39;1msnarkJS[0m: processing: tauG2: 24576/131072
[36;22m[DEBUG] [39;1msnarkJS[0m: processing: tauG2: 32768/131072
[36;22m[DEBUG] [39;1msnarkJS[0m: processing: tauG2: 40960/131072
[36;22m[DEBUG] [39;1msnarkJS[0m: processing: tauG2: 49152/131072
[36;22m[DEBUG] [39;1msnarkJS[0m: processing: tauG2: 57344/131072
[36;22m[DEBUG] [39;1msnarkJS[0m: processing: tauG2: 65536/131072
[36;22m[DEBUG] [39;1msnarkJS[0m: processing: tauG2: 73728/131072
[36;22m[DEBUG] [39;1msnarkJS[0m: processing: tauG2: 81920/131072
[36;22m[DEBUG] [39;1msnarkJS[0m: processing: tauG2: 90112/131072
[36;22m[DEBUG] [39;1msnarkJS[0m: processing: tauG2: 98304/131072
[36;22m[DEBUG] [39;1msnarkJS[0m: processing: tauG2: 106496/131072
[36;22m[DEBUG] [39;1msnarkJS[0m: processing: tauG2: 114688/131072
[36;22m[DEBUG] [39;1msnarkJS[0m: processing: tauG2: 122880/131072
[36;22m[DEBUG] [39;1msnarkJS[0m: processing: alphaTauG1: 0/131072
[36;22m[DEBUG] [39;1msnarkJS[0m: processing: alphaTauG1: 16384/131072
[36;22m[DEBUG] [39;1msnarkJS[0m: processing: alphaTauG1: 32768/131072
[36;22m[DEBUG] [39;1msnarkJS[0m: processing: alphaTauG1: 49152/131072
[36;22m[DEBUG] [39;1msnarkJS[0m: processing: alphaTauG1: 65536/131072
[36;22m[DEBUG] [39;1msnarkJS[0m: processing: alphaTauG1: 81920/131072
[36;22m[DEBUG] [39;1msnarkJS[0m: processing: alphaTauG1: 98304/131072
[36;22m[DEBUG] [39;1msnarkJS[0m: processing: alphaTauG1: 114688/131072
[36;22m[DEBUG] [39;1msnarkJS[0m: processing: betaTauG1: 0/131072
[36;22m[DEBUG] [39;1msnarkJS[0m: processing: betaTauG1: 16384/131072
[36;22m[DEBUG] [39;1msnarkJS[0m: processing: betaTauG1: 32768/131072
[36;22m[DEBUG] [39;1msnarkJS[0m: processing: betaTauG1: 49152/131072
[36;22m[DEBUG] [39;1msnarkJS[0m: processing: betaTauG1: 65536/131072
[36;22m[DEBUG] [39;1msnarkJS[0m: processing: betaTauG1: 81920/131072
[36;22m[DEBUG] [39;1msnarkJS[0m: processing: betaTauG1: 98304/131072
[36;22m[DEBUG] [39;1msnarkJS[0m: processing: betaTauG1: 114688/131072
[36;22m[DEBUG] [39;1msnarkJS[0m: processing: betaTauG2: 0/1
[32;22m[INFO]  [39;1msnarkJS[0m: Contribution Response Hash imported: 
		9f363067 2b85e2a9 773e6d2a d4d96997
		51edc3d2 52556ff2 2c95e9d6 73e365be
		de172860 768f702f a707ce55 def6556f
		14d7af98 06352360 68241703 1528c487
[32;22m[INFO]  [39;1msnarkJS[0m: Next Challenge Hash: 
		7d04e9e9 b0116089 8919cadd 3bd16b17
		780a8745 ae2dbfcc 20a4411c c8ebcc29
		7d0440a8 273e2df3 a3db5810 8978d017
		66766636 613be43b 236f6752 391f8f1b
