# cmd : snarkjs powersoftau contribute pot14_0000.ptau pot14_0001.ptau --name="First contribution" -v -e="some random text"
# cwd : /home/r24barbi/bench-out/20260825_120620/circuits/64

[36;22m[DEBUG] [39;1msnarkJS[0m: Calculating First Challenge Hash
[36;22m[DEBUG] [39;1msnarkJS[0m: Calculate Initial Hash: tauG1
[36;22m[DEBUG] [39;1msnarkJS[0m: Calculate Initial Hash: tauG2
[36;22m[DEBUG] [39;1msnarkJS[0m: Calculate Initial Hash: alphaTauG1
[36;22m[DEBUG] [39;1msnarkJS[0m: Calculate Initial Hash: betaTauG1
[36;22m[DEBUG] [39;1msnarkJS[0m: processing: tauG1: 0/32767
[36;22m[DEBUG] [39;1msnarkJS[0m: processing: tauG1: 16384/32767
[36;22m[DEBUG] [39;1msnarkJS[0m: processing: tauG2: 0/16384
[36;22m[DEBUG] [39;1msnarkJS[0m: processing: tauG2: 8192/16384
[36;22m[DEBUG] [39;1msnarkJS[0m: processing: alphaTauG1: 0/16384
[36;22m[DEBUG] [39;1msnarkJS[0m: processing: betaTauG1: 0/16384
[36;22m[DEBUG] [39;1msnarkJS[0m: processing: betaTauG2: 0/1
[32;22m[INFO]  [39;1msnarkJS[0m: Contribution Response Hash imported: 
		548a844c e36ea4b0 968c90a4 008e152c
		3aee8b2f 86a4aab4 83282797 74d2d216
		a4eb8530 143267fb 0b18326b b72b9628
		cb691eb7 4142b8f6 a4e1f319 c560fa7d
[32;22m[INFO]  [39;1msnarkJS[0m: Next Challenge Hash: 
		8ce180d2 f6a2e8d1 017880f8 2c4c452c
		beecfce0 90d0aed8 9d98baf2 e94d0c42
		f564818a 376af306 17b90a61 85927e41
		f9a98530 8223b0a6 bf761534 35e3140e
