# cmd : snarkjs zkey verify circuit.r1cs pot21_final.ptau circuit_final.zkey
# cwd : /home/r24barbi/bench-out/20260825_120620/circuits/8192

[32;22m[INFO]  [39;1msnarkJS[0m: Reading r1cs
[32;22m[INFO]  [39;1msnarkJS[0m: Reading tauG1
[32;22m[INFO]  [39;1msnarkJS[0m: Reading tauG2
[32;22m[INFO]  [39;1msnarkJS[0m: Reading alphatauG1
[32;22m[INFO]  [39;1msnarkJS[0m: Reading betatauG1
[32;22m[INFO]  [39;1msnarkJS[0m: Circuit hash: 
		7b58f295 23ff9021 95c2bc37 ed1d7f63
		6d7160c0 362ad71d 0d14eebe 49b1d7d7
		db439069 0a1dac5d 92a5b602 0336c35b
		59453757 44a1c01e 840875bd 930807ec
[32;22m[INFO]  [39;1msnarkJS[0m: Circuit Hash: 
		7b58f295 23ff9021 95c2bc37 ed1d7f63
		6d7160c0 362ad71d 0d14eebe 49b1d7d7
		db439069 0a1dac5d 92a5b602 0336c35b
		59453757 44a1c01e 840875bd 930807ec
[32;22m[INFO]  [39;1msnarkJS[0m: -------------------------
[32;22m[INFO]  [39;1msnarkJS[0m: contribution #4 Final Beacon phase2:
		6affcb2c 89e0b54a b84be43f 3f96057d
		6a30fa7c 7fb6d3e6 8c26fdae 35074795
		8744f12e 881f9335 b7d14b38 8a99cb59
		52762964 ac2cff55 f1b0008a dbf23b64
[32;22m[INFO]  [39;1msnarkJS[0m: Beacon generator: 0102030405060708090a0b0c0d0e0f101112131515161718191a1b1c1d1e1f
[32;22m[INFO]  [39;1msnarkJS[0m: Beacon iterations Exp: 10
[32;22m[INFO]  [39;1msnarkJS[0m: -------------------------
[32;22m[INFO]  [39;1msnarkJS[0m: contribution #3 Third contribution:
		9168f9e6 39e4d213 ab001ed9 987607fa
		a68c571a c937c350 70018baf 9ade379a
		c6a5c6a7 47554259 08668546 49d876a0
		cb2c55b3 6bec1449 cf22037e 4752b11f
[32;22m[INFO]  [39;1msnarkJS[0m: -------------------------
[32;22m[INFO]  [39;1msnarkJS[0m: contribution #2 2nd Contributor:
		35aaba37 a76cbada e87a93f8 df93a846
		0bdf6d1b 34742ac1 939d4673 9d9393a2
		4edbe062 201b98a5 bbcd3450 61361931
		93516d14 d7129227 2565dcdc 759cadd3
[32;22m[INFO]  [39;1msnarkJS[0m: -------------------------
[32;22m[INFO]  [39;1msnarkJS[0m: contribution #1 1st Contributor:
		9c74f514 fc073ba7 7973eeec 66491193
		5a306558 1d693ec9 472f4482 927dbe0b
		f8b86063 f98fa3f2 860f1eaa a94e9ae9
		d40942ee cb319860 2bbfbce2 2fd6383f
[32;22m[INFO]  [39;1msnarkJS[0m: -------------------------
[32;22m[INFO]  [39;1msnarkJS[0m: ZKey Ok!
