# cmd : snarkjs powersoftau contribute pot21_0000.ptau pot21_0001.ptau --name="First contribution" -v -e="some random text"
# cwd : /home/r24barbi/bench-out/20260825_120620/circuits/8192

[36;22m[DEBUG] [39;1msnarkJS[0m: Calculating First Challenge Hash
[36;22m[DEBUG] [39;1msnarkJS[0m: Calculate Initial Hash: tauG1
[36;22m[DEBUG] [39;1msnarkJS[0m: Initial hash: 0
[36;22m[DEBUG] [39;1msnarkJS[0m: Initial hash: 341000
[36;22m[DEBUG] [39;1msnarkJS[0m: Initial hash: 682000
[36;22m[DEBUG] [39;1msnarkJS[0m: Initial hash: 1023000
[36;22m[DEBUG] [39;1msnarkJS[0m: Initial hash: 1364000
[36;22m[DEBUG] [39;1msnarkJS[0m: Initial hash: 1705000
[36;22m[DEBUG] [39;1msnarkJS[0m: Initial hash: 2046000
[36;22m[DEBUG] [39;1msnarkJS[0m: Initial hash: 2387000
[36;22m[DEBUG] [39;1msnarkJS[0m: Initial hash: 2728000
[36;22m[DEBUG] [39;1msnarkJS[0m: Initial hash: 3069000
[36;22m[DEBUG] [39;1msnarkJS[0m: Initial hash: 3410000
[36;22m[DEBUG] [39;1msnarkJS[0m: Initial hash: 3751000
[36;22m[DEBUG] [39;1msnarkJS[0m: Calculate Initial Hash: tauG2
[36;22m[DEBUG] [39;1msnarkJS[0m: Initial hash: 0
[36;22m[DEBUG] [39;1msnarkJS[0m: Initial hash: 341000
[36;22m[DEBUG] [39;1msnarkJS[0m: Initial hash: 682000
[36;22m[DEBUG] [39;1msnarkJS[0m: Initial hash: 1023000
[36;22m[DEBUG] [39;1msnarkJS[0m: Initial hash: 1364000
[36;22m[DEBUG] [39;1msnarkJS[0m: Initial hash: 1705000
[36;22m[DEBUG] [39;1msnarkJS[0m: Calculate Initial Hash: alphaTauG1
[36;22m[DEBUG] [39;1msnarkJS[0m: Initial hash: 0
[36;22m[DEBUG] [39;1msnarkJS[0m: Initial hash: 341000
[36;22m[DEBUG] [39;1msnarkJS[0m: Initial hash: 682000
[36;22m[DEBUG] [39;1msnarkJS[0m: Initial hash: 1023000
[36;22m[DEBUG] [39;1msnarkJS[0m: Initial hash: 1364000
[36;22m[DEBUG] [39;1msnarkJS[0m: Initial hash: 1705000
[36;22m[DEBUG] [39;1msnarkJS[0m: Calculate Initial Hash: betaTauG1
[36;22m[DEBUG] [39;1msnarkJS[0m: Initial hash: 0
[36;22m[DEBUG] [39;1msnarkJS[0m: Initial hash: 341000
[36;22m[DEBUG] [39;1msnarkJS[0m: Initial hash: 682000
[36;22m[DEBUG] [39;1msnarkJS[0m: Initial hash: 1023000
[36;22m[DEBUG] [39;1msnarkJS[0m: Initial hash: 1364000
[36;22m[DEBUG] [39;1msnarkJS[0m: Initial hash: 1705000
[36;22m[DEBUG] [39;1msnarkJS[0m: processing: tauG1: 0/4194303
[36;22m[DEBUG] [39;1msnarkJS[0m: processing: tauG1: 16384/4194303
[36;22m[DEBUG] [39;1msnarkJS[0m: processing: tauG1: 32768/4194303
[36;22m[DEBUG] [39;1msnarkJS[0m: processing: tauG1: 49152/4194303
[36;22m[DEBUG] [39;1msnarkJS[0m: processing: tauG1: 65536/4194303
[36;22m[DEBUG] [39;1msnarkJS[0m: processing: tauG1: 81920/4194303
[36;22m[DEBUG] [39;1msnarkJS[0m: processing: tauG1: 98304/4194303
[36;22m[DEBUG] [39;1msnarkJS[0m: processing: tauG1: 114688/4194303
[36;22m[DEBUG] [39;1msnarkJS[0m: processing: tauG1: 131072/4194303
[36;22m[DEBUG] [39;1msnarkJS[0m: processing: tauG1: 147456/4194303
[36;22m[DEBUG] [39;1msnarkJS[0m: processing: tauG1: 163840/4194303
[36;22m[DEBUG] [39;1msnarkJS[0m: processing: tauG1: 180224/4194303
[36;22m[DEBUG] [39;1msnarkJS[0m: processing: tauG1: 196608/4194303
[36;22m[DEBUG] [39;1msnarkJS[0m: processing: tauG1: 212992/4194303
[36;22m[DEBUG] [39;1msnarkJS[0m: processing: tauG1: 229376/4194303
[36;22m[DEBUG] [39;1msnarkJS[0m: processing: tauG1: 245760/4194303
[36;22m[DEBUG] [39;1msnarkJS[0m: processing: tauG1: 262144/4194303
[36;22m[DEBUG] [39;1msnarkJS[0m: processing: tauG1: 278528/4194303
[36;22m[DEBUG] [39;1msnarkJS[0m: processing: tauG1: 294912/4194303
[36;22m[DEBUG] [39;1msnarkJS[0m: processing: tauG1: 311296/4194303
[36;22m[DEBUG] [39;1msnarkJS[0m: processing: tauG1: 327680/4194303
[36;22m[DEBUG] [39;1msnarkJS[0m: processing: tauG1: 344064/4194303
[36;22m[DEBUG] [39;1msnarkJS[0m: processing: tauG1: 360448/4194303
[36;22m[DEBUG] [39;1msnarkJS[0m: processing: tauG1: 376832/4194303
[36;22m[DEBUG] [39;1msnarkJS[0m: processing: tauG1: 393216/4194303
[36;22m[DEBUG] [39;1msnarkJS[0m: processing: tauG1: 409600/4194303
[36;22m[DEBUG] [39;1msnarkJS[0m: processing: tauG1: 425984/4194303
[36;22m[DEBUG] [39;1msnarkJS[0m: processing: tauG1: 442368/4194303
[36;22m[DEBUG] [39;1msnarkJS[0m: processing: tauG1: 458752/4194303
[36;22m[DEBUG] [39;1msnarkJS[0m: processing: tauG1: 475136/4194303
[36;22m[DEBUG] [39;1msnarkJS[0m: processing: tauG1: 491520/4194303
[36;22m[DEBUG] [39;1msnarkJS[0m: processing: tauG1: 507904/4194303
[36;22m[DEBUG] [39;1msnarkJS[0m: processing: tauG1: 524288/4194303
[36;22m[DEBUG] [39;1msnarkJS[0m: processing: tauG1: 540672/4194303
[36;22m[DEBUG] [39;1msnarkJS[0m: processing: tauG1: 557056/4194303
[36;22m[DEBUG] [39;1msnarkJS[0m: processing: tauG1: 573440/4194303
[36;22m[DEBUG] [39;1msnarkJS[0m: processing: tauG1: 589824/4194303
[36;22m[DEBUG] [39;1msnarkJS[0m: processing: tauG1: 606208/4194303
[36;22m[DEBUG] [39;1msnarkJS[0m: processing: tauG1: 622592/4194303
[36;22m[DEBUG] [39;1msnarkJS[0m: processing: tauG1: 638976/4194303
[36;22m[DEBUG] [39;1msnarkJS[0m: processing: tauG1: 655360/4194303
[36;22m[DEBUG] [39;1msnarkJS[0m: processing: tauG1: 671744/4194303
[36;22m[DEBUG] [39;1msnarkJS[0m: processing: tauG1: 688128/4194303
[36;22m[DEBUG] [39;1msnarkJS[0m: processing: tauG1: 704512/4194303
[36;22m[DEBUG] [39;1msnarkJS[0m: processing: tauG1: 720896/4194303
[36;22m[DEBUG] [39;1msnarkJS[0m: processing: tauG1: 737280/4194303
[36;22m[DEBUG] [39;1msnarkJS[0m: processing: tauG1: 753664/4194303
[36;22m[DEBUG] [39;1msnarkJS[0m: processing: tauG1: 770048/4194303
[36;22m[DEBUG] [39;1msnarkJS[0m: processing: tauG1: 786432/4194303
[36;22m[DEBUG] [39;1msnarkJS[0m: processing: tauG1: 802816/4194303
[36;22m[DEBUG] [39;1msnarkJS[0m: processing: tauG1: 819200/4194303
[36;22m[DEBUG] [39;1msnarkJS[0m: processing: tauG1: 835584/4194303
[36;22m[DEBUG] [39;1msnarkJS[0m: processing: tauG1: 851968/4194303
[36;22m[DEBUG] [39;1msnarkJS[0m: processing: tauG1: 868352/4194303
[36;22m[DEBUG] [39;1msnarkJS[0m: processing: tauG1: 884736/4194303
[36;22m[DEBUG] [39;1msnarkJS[0m: processing: tauG1: 901120/4194303
[36;22m[DEBUG] [39;1msnarkJS[0m: processing: tauG1: 917504/4194303
[36;22m[DEBUG] [39;1msnarkJS[0m: processing: tauG1: 933888/4194303
[36;22m[DEBUG] [39;1msnarkJS[0m: processing: tauG1: 950272/4194303
[36;22m[DEBUG] [39;1msnarkJS[0m: processing: tauG1: 966656/4194303
[36;22m[DEBUG] [39;1msnarkJS[0m: processing: tauG1: 983040/4194303
[36;22m[DEBUG] [39;1msnarkJS[0m: processing: tauG1: 999424/4194303
[36;22m[DEBUG] [39;1msnarkJS[0m: processing: tauG1: 1015808/4194303
[36;22m[DEBUG] [39;1msnarkJS[0m: processing: tauG1: 1032192/4194303
[36;22m[DEBUG] [39;1msnarkJS[0m: processing: tauG1: 1048576/4194303
[36;22m[DEBUG] [39;1msnarkJS[0m: processing: tauG1: 1064960/4194303
[36;22m[DEBUG] [39;1msnarkJS[0m: processing: tauG1: 1081344/4194303
[36;22m[DEBUG] [39;1msnarkJS[0m: processing: tauG1: 1097728/4194303
[36;22m[DEBUG] [39;1msnarkJS[0m: processing: tauG1: 1114112/4194303
[36;22m[DEBUG] [39;1msnarkJS[0m: processing: tauG1: 1130496/4194303
[36;22m[DEBUG] [39;1msnarkJS[0m: processing: tauG1: 1146880/4194303
[36;22m[DEBUG] [39;1msnarkJS[0m: processing: tauG1: 1163264/4194303
[36;22m[DEBUG] [39;1msnarkJS[0m: processing: tauG1: 1179648/4194303
[36;22m[DEBUG] [39;1msnarkJS[0m: processing: tauG1: 1196032/4194303
[36;22m[DEBUG] [39;1msnarkJS[0m: processing: tauG1: 1212416/4194303
[36;22m[DEBUG] [39;1msnarkJS[0m: processing: tauG1: 1228800/4194303
[36;22m[DEBUG] [39;1msnarkJS[0m: processing: tauG1: 1245184/4194303
[36;22m[DEBUG] [39;1msnarkJS[0m: processing: tauG1: 1261568/4194303
[36;22m[DEBUG] [39;1msnarkJS[0m: processing: tauG1: 1277952/4194303
[36;22m[DEBUG] [39;1msnarkJS[0m: processing: tauG1: 1294336/4194303
[36;22m[DEBUG] [39;1msnarkJS[0m: processing: tauG1: 1310720/4194303
[36;22m[DEBUG] [39;1msnarkJS[0m: processing: tauG1: 1327104/4194303
[36;22m[DEBUG] [39;1msnarkJS[0m: processing: tauG1: 1343488/4194303
[36;22m[DEBUG] [39;1msnarkJS[0m: processing: tauG1: 1359872/4194303
[36;22m[DEBUG] [39;1msnarkJS[0m: processing: tauG1: 1376256/4194303
[36;22m[DEBUG] [39;1msnarkJS[0m: processing: tauG1: 1392640/4194303
[36;22m[DEBUG] [39;1msnarkJS[0m: processing: tauG1: 1409024/4194303
[36;22m[DEBUG] [39;1msnarkJS[0m: processing: tauG1: 1425408/4194303
[36;22m[DEBUG] [39;1msnarkJS[0m: processing: tauG1: 1441792/4194303
[36;22m[DEBUG] [39;1msnarkJS[0m: processing: tauG1: 1458176/4194303
[36;22m[DEBUG] [39;1msnarkJS[0m: processing: tauG1: 1474560/4194303
[36;22m[DEBUG] [39;1msnarkJS[0m: processing: tauG1: 1490944/4194303
[36;22m[DEBUG] [39;1msnarkJS[0m: processing: tauG1: 1507328/4194303
[36;22m[DEBUG] [39;1msnarkJS[0m: processing: tauG1: 1523712/4194303
[36;22m[DEBUG] [39;1msnarkJS[0m: processing: tauG1: 1540096/4194303
[36;22m[DEBUG] [39;1msnarkJS[0m: processing: tauG1: 1556480/4194303
[36;22m[DEBUG] [39;1msnarkJS[0m: processing: tauG1: 1572864/4194303
[36;22m[DEBUG] [39;1msnarkJS[0m: processing: tauG1: 1589248/4194303
[36;22m[DEBUG] [39;1msnarkJS[0m: processing: tauG1: 1605632/4194303
[36;22m[DEBUG] [39;1msnarkJS[0m: processing: tauG1: 1622016/4194303
[36;22m[DEBUG] [39;1msnarkJS[0m: processing: tauG1: 1638400/4194303
[36;22m[DEBUG] [39;1msnarkJS[0m: processing: tauG1: 1654784/4194303
[36;22m[DEBUG] [39;1msnarkJS[0m: processing: tauG1: 1671168/4194303
[36;22m[DEBUG] [39;1msnarkJS[0m: processing: tauG1: 1687552/4194303
[36;22m[DEBUG] [39;1msnarkJS[0m: processing: tauG1: 1703936/4194303
[36;22m[DEBUG] [39;1msnarkJS[0m: processing: tauG1: 1720320/4194303
[36;22m[DEBUG] [39;1msnarkJS[0m: processing: tauG1: 1736704/4194303
[36;22m[DEBUG] [39;1msnarkJS[0m: processing: tauG1: 1753088/4194303
[36;22m[DEBUG] [39;1msnarkJS[0m: processing: tauG1: 1769472/4194303
[36;22m[DEBUG] [39;1msnarkJS[0m: processing: tauG1: 1785856/4194303
[36;22m[DEBUG] [39;1msnarkJS[0m: processing: tauG1: 1802240/4194303
[36;22m[DEBUG] [39;1msnarkJS[0m: processing: tauG1: 1818624/4194303
[36;22m[DEBUG] [39;1msnarkJS[0m: processing: tauG1: 1835008/4194303
[36;22m[DEBUG] [39;1msnarkJS[0m: processing: tauG1: 1851392/4194303
[36;22m[DEBUG] [39;1msnarkJS[0m: processing: tauG1: 1867776/4194303
[36;22m[DEBUG] [39;1msnarkJS[0m: processing: tauG1: 1884160/4194303
[36;22m[DEBUG] [39;1msnarkJS[0m: processing: tauG1: 1900544/4194303
[36;22m[DEBUG] [39;1msnarkJS[0m: processing: tauG1: 1916928/4194303
[36;22m[DEBUG] [39;1msnarkJS[0m: processing: tauG1: 1933312/4194303
[36;22m[DEBUG] [39;1msnarkJS[0m: processing: tauG1: 1949696/4194303
[36;22m[DEBUG] [39;1msnarkJS[0m: processing: tauG1: 1966080/4194303
[36;22m[DEBUG] [39;1msnarkJS[0m: processing: tauG1: 1982464/4194303
[36;22m[DEBUG] [39;1msnarkJS[0m: processing: tauG1: 1998848/4194303
[36;22m[DEBUG] [39;1msnarkJS[0m: processing: tauG1: 2015232/4194303
[36;22m[DEBUG] [39;1msnarkJS[0m: processing: tauG1: 2031616/4194303
[36;22m[DEBUG] [39;1msnarkJS[0m: processing: tauG1: 2048000/4194303
[36;22m[DEBUG] [39;1msnarkJS[0m: processing: tauG1: 2064384/4194303
[36;22m[DEBUG] [39;1msnarkJS[0m: processing: tauG1: 2080768/4194303
[36;22m[DEBUG] [39;1msnarkJS[0m: processing: tauG1: 2097152/4194303
[36;22m[DEBUG] [39;1msnarkJS[0m: processing: tauG1: 2113536/4194303
[36;22m[DEBUG] [39;1msnarkJS[0m: processing: tauG1: 2129920/4194303
[36;22m[DEBUG] [39;1msnarkJS[0m: processing: tauG1: 2146304/4194303
[36;22m[DEBUG] [39;1msnarkJS[0m: processing: tauG1: 2162688/4194303
[36;22m[DEBUG] [39;1msnarkJS[0m: processing: tauG1: 2179072/4194303
[36;22m[DEBUG] [39;1msnarkJS[0m: processing: tauG1: 2195456/4194303
[36;22m[DEBUG] [39;1msnarkJS[0m: processing: tauG1: 2211840/4194303
[36;22m[DEBUG] [39;1msnarkJS[0m: processing: tauG1: 2228224/4194303
[36;22m[DEBUG] [39;1msnarkJS[0m: processing: tauG1: 2244608/4194303
[36;22m[DEBUG] [39;1msnarkJS[0m: processing: tauG1: 2260992/4194303
[36;22m[DEBUG] [39;1msnarkJS[0m: processing: tauG1: 2277376/4194303
[36;22m[DEBUG] [39;1msnarkJS[0m: processing: tauG1: 2293760/4194303
[36;22m[DEBUG] [39;1msnarkJS[0m: processing: tauG1: 2310144/4194303
[36;22m[DEBUG] [39;1msnarkJS[0m: processing: tauG1: 2326528/4194303
[36;22m[DEBUG] [39;1msnarkJS[0m: processing: tauG1: 2342912/4194303
[36;22m[DEBUG] [39;1msnarkJS[0m: processing: tauG1: 2359296/4194303
[36;22m[DEBUG] [39;1msnarkJS[0m: processing: tauG1: 2375680/4194303
[36;22m[DEBUG] [39;1msnarkJS[0m: processing: tauG1: 2392064/4194303
[36;22m[DEBUG] [39;1msnarkJS[0m: processing: tauG1: 2408448/4194303
[36;22m[DEBUG] [39;1msnarkJS[0m: processing: tauG1: 2424832/4194303
[36;22m[DEBUG] [39;1msnarkJS[0m: processing: tauG1: 2441216/4194303
[36;22m[DEBUG] [39;1msnarkJS[0m: processing: tauG1: 2457600/4194303
[36;22m[DEBUG] [39;1msnarkJS[0m: processing: tauG1: 2473984/4194303
[36;22m[DEBUG] [39;1msnarkJS[0m: processing: tauG1: 2490368/4194303
[36;22m[DEBUG] [39;1msnarkJS[0m: processing: tauG1: 2506752/4194303
[36;22m[DEBUG] [39;1msnarkJS[0m: processing: tauG1: 2523136/4194303
[36;22m[DEBUG] [39;1msnarkJS[0m: processing: tauG1: 2539520/4194303
[36;22m[DEBUG] [39;1msnarkJS[0m: processing: tauG1: 2555904/4194303
[36;22m[DEBUG] [39;1msnarkJS[0m: processing: tauG1: 2572288/4194303
[36;22m[DEBUG] [39;1msnarkJS[0m: processing: tauG1: 2588672/4194303
[36;22m[DEBUG] [39;1msnarkJS[0m: processing: tauG1: 2605056/4194303
[36;22m[DEBUG] [39;1msnarkJS[0m: processing: tauG1: 2621440/4194303
[36;22m[DEBUG] [39;1msnarkJS[0m: processing: tauG1: 2637824/4194303
[36;22m[DEBUG] [39;1msnarkJS[0m: processing: tauG1: 2654208/4194303
[36;22m[DEBUG] [39;1msnarkJS[0m: processing: tauG1: 2670592/4194303
[36;22m[DEBUG] [39;1msnarkJS[0m: processing: tauG1: 2686976/4194303
[36;22m[DEBUG] [39;1msnarkJS[0m: processing: tauG1: 2703360/4194303
[36;22m[DEBUG] [39;1msnarkJS[0m: processing: tauG1: 2719744/4194303
[36;22m[DEBUG] [39;1msnarkJS[0m: processing: tauG1: 2736128/4194303
[36;22m[DEBUG] [39;1msnarkJS[0m: processing: tauG1: 2752512/4194303
[36;22m[DEBUG] [39;1msnarkJS[0m: processing: tauG1: 2768896/4194303
[36;22m[DEBUG] [39;1msnarkJS[0m: processing: tauG1: 2785280/4194303
[36;22m[DEBUG] [39;1msnarkJS[0m: processing: tauG1: 2801664/4194303
[36;22m[DEBUG] [39;1msnarkJS[0m: processing: tauG1: 2818048/4194303
[36;22m[DEBUG] [39;1msnarkJS[0m: processing: tauG1: 2834432/4194303
[36;22m[DEBUG] [39;1msnarkJS[0m: processing: tauG1: 2850816/4194303
[36;22m[DEBUG] [39;1msnarkJS[0m: processing: tauG1: 2867200/4194303
[36;22m[DEBUG] [39;1msnarkJS[0m: processing: tauG1: 2883584/4194303
[36;22m[DEBUG] [39;1msnarkJS[0m: processing: tauG1: 2899968/4194303
[36;22m[DEBUG] [39;1msnarkJS[0m: processing: tauG1: 2916352/4194303
[36;22m[DEBUG] [39;1msnarkJS[0m: processing: tauG1: 2932736/4194303
[36;22m[DEBUG] [39;1msnarkJS[0m: processing: tauG1: 2949120/4194303
[36;22m[DEBUG] [39;1msnarkJS[0m: processing: tauG1: 2965504/4194303
[36;22m[DEBUG] [39;1msnarkJS[0m: processing: tauG1: 2981888/4194303
[36;22m[DEBUG] [39;1msnarkJS[0m: processing: tauG1: 2998272/4194303
[36;22m[DEBUG] [39;1msnarkJS[0m: processing: tauG1: 3014656/4194303
[36;22m[DEBUG] [39;1msnarkJS[0m: processing: tauG1: 3031040/4194303
[36;22m[DEBUG] [39;1msnarkJS[0m: processing: tauG1: 3047424/4194303
[36;22m[DEBUG] [39;1msnarkJS[0m: processing: tauG1: 3063808/4194303
[36;22m[DEBUG] [39;1msnarkJS[0m: processing: tauG1: 3080192/4194303
[36;22m[DEBUG] [39;1msnarkJS[0m: processing: tauG1: 3096576/4194303
[36;22m[DEBUG] [39;1msnarkJS[0m: processing: tauG1: 3112960/4194303
[36;22m[DEBUG] [39;1msnarkJS[0m: processing: tauG1: 3129344/4194303
[36;22m[DEBUG] [39;1msnarkJS[0m: processing: tauG1: 3145728/4194303
[36;22m[DEBUG] [39;1msnarkJS[0m: processing: tauG1: 3162112/4194303
[36;22m[DEBUG] [39;1msnarkJS[0m: processing: tauG1: 3178496/4194303
[36;22m[DEBUG] [39;1msnarkJS[0m: processing: tauG1: 3194880/4194303
[36;22m[DEBUG] [39;1msnarkJS[0m: processing: tauG1: 3211264/4194303
[36;22m[DEBUG] [39;1msnarkJS[0m: processing: tauG1: 3227648/4194303
[36;22m[DEBUG] [39;1msnarkJS[0m: processing: tauG1: 3244032/4194303
[36;22m[DEBUG] [39;1msnarkJS[0m: processing: tauG1: 3260416/4194303
[36;22m[DEBUG] [39;1msnarkJS[0m: processing: tauG1: 3276800/4194303
[36;22m[DEBUG] [39;1msnarkJS[0m: processing: tauG1: 3293184/4194303
[36;22m[DEBUG] [39;1msnarkJS[0m: processing: tauG1: 3309568/4194303
[36;22m[DEBUG] [39;1msnarkJS[0m: processing: tauG1: 3325952/4194303
[36;22m[DEBUG] [39;1msnarkJS[0m: processing: tauG1: 3342336/4194303
[36;22m[DEBUG] [39;1msnarkJS[0m: processing: tauG1: 3358720/4194303
[36;22m[DEBUG] [39;1msnarkJS[0m: processing: tauG1: 3375104/4194303
[36;22m[DEBUG] [39;1msnarkJS[0m: processing: tauG1: 3391488/4194303
[36;22m[DEBUG] [39;1msnarkJS[0m: processing: tauG1: 3407872/4194303
[36;22m[DEBUG] [39;1msnarkJS[0m: processing: tauG1: 3424256/4194303
[36;22m[DEBUG] [39;1msnarkJS[0m: processing: tauG1: 3440640/4194303
[36;22m[DEBUG] [39;1msnarkJS[0m: processing: tauG1: 3457024/4194303
[36;22m[DEBUG] [39;1msnarkJS[0m: processing: tauG1: 3473408/4194303
[36;22m[DEBUG] [39;1msnarkJS[0m: processing: tauG1: 3489792/4194303
[36;22m[DEBUG] [39;1msnarkJS[0m: processing: tauG1: 3506176/4194303
[36;22m[DEBUG] [39;1msnarkJS[0m: processing: tauG1: 3522560/4194303
[36;22m[DEBUG] [39;1msnarkJS[0m: processing: tauG1: 3538944/4194303
[36;22m[DEBUG] [39;1msnarkJS[0m: processing: tauG1: 3555328/4194303
[36;22m[DEBUG] [39;1msnarkJS[0m: processing: tauG1: 3571712/4194303
[36;22m[DEBUG] [39;1msnarkJS[0m: processing: tauG1: 3588096/4194303
[36;22m[DEBUG] [39;1msnarkJS[0m: processing: tauG1: 3604480/4194303
[36;22m[DEBUG] [39;1msnarkJS[0m: processing: tauG1: 3620864/4194303
[36;22m[DEBUG] [39;1msnarkJS[0m: processing: tauG1: 3637248/4194303
[36;22m[DEBUG] [39;1msnarkJS[0m: processing: tauG1: 3653632/4194303
[36;22m[DEBUG] [39;1msnarkJS[0m: processing: tauG1: 3670016/4194303
[36;22m[DEBUG] [39;1msnarkJS[0m: processing: tauG1: 3686400/4194303
[36;22m[DEBUG] [39;1msnarkJS[0m: processing: tauG1: 3702784/4194303
[36;22m[DEBUG] [39;1msnarkJS[0m: processing: tauG1: 3719168/4194303
[36;22m[DEBUG] [39;1msnarkJS[0m: processing: tauG1: 3735552/4194303
[36;22m[DEBUG] [39;1msnarkJS[0m: processing: tauG1: 3751936/4194303
[36;22m[DEBUG] [39;1msnarkJS[0m: processing: tauG1: 3768320/4194303
[36;22m[DEBUG] [39;1msnarkJS[0m: processing: tauG1: 3784704/4194303
[36;22m[DEBUG] [39;1msnarkJS[0m: processing: tauG1: 3801088/4194303
[36;22m[DEBUG] [39;1msnarkJS[0m: processing: tauG1: 3817472/4194303
[36;22m[DEBUG] [39;1msnarkJS[0m: processing: tauG1: 3833856/4194303
[36;22m[DEBUG] [39;1msnarkJS[0m: processing: tauG1: 3850240/4194303
[36;22m[DEBUG] [39;1msnarkJS[0m: processing: tauG1: 3866624/4194303
[36;22m[DEBUG] [39;1msnarkJS[0m: processing: tauG1: 3883008/4194303
[36;22m[DEBUG] [39;1msnarkJS[0m: processing: tauG1: 3899392/4194303
[36;22m[DEBUG] [39;1msnarkJS[0m: processing: tauG1: 3915776/4194303
[36;22m[DEBUG] [39;1msnarkJS[0m: processing: tauG1: 3932160/4194303
[36;22m[DEBUG] [39;1msnarkJS[0m: processing: tauG1: 3948544/4194303
[36;22m[DEBUG] [39;1msnarkJS[0m: processing: tauG1: 3964928/4194303
[36;22m[DEBUG] [39;1msnarkJS[0m: processing: tauG1: 3981312/4194303
[36;22m[DEBUG] [39;1msnarkJS[0m: processing: tauG1: 3997696/4194303
[36;22m[DEBUG] [39;1msnarkJS[0m: processing: tauG1: 4014080/4194303
[36;22m[DEBUG] [39;1msnarkJS[0m: processing: tauG1: 4030464/4194303
[36;22m[DEBUG] [39;1msnarkJS[0m: processing: tauG1: 4046848/4194303
[36;22m[DEBUG] [39;1msnarkJS[0m: processing: tauG1: 4063232/4194303
[36;22m[DEBUG] [39;1msnarkJS[0m: processing: tauG1: 4079616/4194303
[36;22m[DEBUG] [39;1msnarkJS[0m: processing: tauG1: 4096000/4194303
[36;22m[DEBUG] [39;1msnarkJS[0m: processing: tauG1: 4112384/4194303
[36;22m[DEBUG] [39;1msnarkJS[0m: processing: tauG1: 4128768/4194303
[36;22m[DEBUG] [39;1msnarkJS[0m: processing: tauG1: 4145152/4194303
[36;22m[DEBUG] [39;1msnarkJS[0m: processing: tauG1: 4161536/4194303
[36;22m[DEBUG] [39;1msnarkJS[0m: processing: tauG1: 4177920/4194303
[36;22m[DEBUG] [39;1msnarkJS[0m: processing: tauG2: 0/2097152
[36;22m[DEBUG] [39;1msnarkJS[0m: processing: tauG2: 8192/2097152
[36;22m[DEBUG] [39;1msnarkJS[0m: processing: tauG2: 16384/2097152
[36;22m[DEBUG] [39;1msnarkJS[0m: processing: tauG2: 24576/2097152
[36;22m[DEBUG] [39;1msnarkJS[0m: processing: tauG2: 32768/2097152
[36;22m[DEBUG] [39;1msnarkJS[0m: processing: tauG2: 40960/2097152
[36;22m[DEBUG] [39;1msnarkJS[0m: processing: tauG2: 49152/2097152
[36;22m[DEBUG] [39;1msnarkJS[0m: processing: tauG2: 57344/2097152
[36;22m[DEBUG] [39;1msnarkJS[0m: processing: tauG2: 65536/2097152
[36;22m[DEBUG] [39;1msnarkJS[0m: processing: tauG2: 73728/2097152
[36;22m[DEBUG] [39;1msnarkJS[0m: processing: tauG2: 81920/2097152
[36;22m[DEBUG] [39;1msnarkJS[0m: processing: tauG2: 90112/2097152
[36;22m[DEBUG] [39;1msnarkJS[0m: processing: tauG2: 98304/2097152
[36;22m[DEBUG] [39;1msnarkJS[0m: processing: tauG2: 106496/2097152
[36;22m[DEBUG] [39;1msnarkJS[0m: processing: tauG2: 114688/2097152
[36;22m[DEBUG] [39;1msnarkJS[0m: processing: tauG2: 122880/2097152
[36;22m[DEBUG] [39;1msnarkJS[0m: processing: tauG2: 131072/2097152
[36;22m[DEBUG] [39;1msnarkJS[0m: processing: tauG2: 139264/2097152
[36;22m[DEBUG] [39;1msnarkJS[0m: processing: tauG2: 147456/2097152
[36;22m[DEBUG] [39;1msnarkJS[0m: processing: tauG2: 155648/2097152
[36;22m[DEBUG] [39;1msnarkJS[0m: processing: tauG2: 163840/2097152
[36;22m[DEBUG] [39;1msnarkJS[0m: processing: tauG2: 172032/2097152
[36;22m[DEBUG] [39;1msnarkJS[0m: processing: tauG2: 180224/2097152
[36;22m[DEBUG] [39;1msnarkJS[0m: processing: tauG2: 188416/2097152
[36;22m[DEBUG] [39;1msnarkJS[0m: processing: tauG2: 196608/2097152
[36;22m[DEBUG] [39;1msnarkJS[0m: processing: tauG2: 204800/2097152
[36;22m[DEBUG] [39;1msnarkJS[0m: processing: tauG2: 212992/2097152
[36;22m[DEBUG] [39;1msnarkJS[0m: processing: tauG2: 221184/2097152
[36;22m[DEBUG] [39;1msnarkJS[0m: processing: tauG2: 229376/2097152
[36;22m[DEBUG] [39;1msnarkJS[0m: processing: tauG2: 237568/2097152
[36;22m[DEBUG] [39;1msnarkJS[0m: processing: tauG2: 245760/2097152
[36;22m[DEBUG] [39;1msnarkJS[0m: processing: tauG2: 253952/2097152
[36;22m[DEBUG] [39;1msnarkJS[0m: processing: tauG2: 262144/2097152
[36;22m[DEBUG] [39;1msnarkJS[0m: processing: tauG2: 270336/2097152
[36;22m[DEBUG] [39;1msnarkJS[0m: processing: tauG2: 278528/2097152
[36;22m[DEBUG] [39;1msnarkJS[0m: processing: tauG2: 286720/2097152
[36;22m[DEBUG] [39;1msnarkJS[0m: processing: tauG2: 294912/2097152
[36;22m[DEBUG] [39;1msnarkJS[0m: processing: tauG2: 303104/2097152
[36;22m[DEBUG] [39;1msnarkJS[0m: processing: tauG2: 311296/2097152
[36;22m[DEBUG] [39;1msnarkJS[0m: processing: tauG2: 319488/2097152
[36;22m[DEBUG] [39;1msnarkJS[0m: processing: tauG2: 327680/2097152
[36;22m[DEBUG] [39;1msnarkJS[0m: processing: tauG2: 335872/2097152
[36;22m[DEBUG] [39;1msnarkJS[0m: processing: tauG2: 344064/2097152
[36;22m[DEBUG] [39;1msnarkJS[0m: processing: tauG2: 352256/2097152
[36;22m[DEBUG] [39;1msnarkJS[0m: processing: tauG2: 360448/2097152
[36;22m[DEBUG] [39;1msnarkJS[0m: processing: tauG2: 368640/2097152
[36;22m[DEBUG] [39;1msnarkJS[0m: processing: tauG2: 376832/2097152
[36;22m[DEBUG] [39;1msnarkJS[0m: processing: tauG2: 385024/2097152
[36;22m[DEBUG] [39;1msnarkJS[0m: processing: tauG2: 393216/2097152
[36;22m[DEBUG] [39;1msnarkJS[0m: processing: tauG2: 401408/2097152
[36;22m[DEBUG] [39;1msnarkJS[0m: processing: tauG2: 409600/2097152
[36;22m[DEBUG] [39;1msnarkJS[0m: processing: tauG2: 417792/2097152
[36;22m[DEBUG] [39;1msnarkJS[0m: processing: tauG2: 425984/2097152
[36;22m[DEBUG] [39;1msnarkJS[0m: processing: tauG2: 434176/2097152
[36;22m[DEBUG] [39;1msnarkJS[0m: processing: tauG2: 442368/2097152
[36;22m[DEBUG] [39;1msnarkJS[0m: processing: tauG2: 450560/2097152
[36;22m[DEBUG] [39;1msnarkJS[0m: processing: tauG2: 458752/2097152
[36;22m[DEBUG] [39;1msnarkJS[0m: processing: tauG2: 466944/2097152
[36;22m[DEBUG] [39;1msnarkJS[0m: processing: tauG2: 475136/2097152
[36;22m[DEBUG] [39;1msnarkJS[0m: processing: tauG2: 483328/2097152
[36;22m[DEBUG] [39;1msnarkJS[0m: processing: tauG2: 491520/2097152
[36;22m[DEBUG] [39;1msnarkJS[0m: processing: tauG2: 499712/2097152
[36;22m[DEBUG] [39;1msnarkJS[0m: processing: tauG2: 507904/2097152
[36;22m[DEBUG] [39;1msnarkJS[0m: processing: tauG2: 516096/2097152
[36;22m[DEBUG] [39;1msnarkJS[0m: processing: tauG2: 524288/2097152
[36;22m[DEBUG] [39;1msnarkJS[0m: processing: tauG2: 532480/2097152
[36;22m[DEBUG] [39;1msnarkJS[0m: processing: tauG2: 540672/2097152
[36;22m[DEBUG] [39;1msnarkJS[0m: processing: tauG2: 548864/2097152
[36;22m[DEBUG] [39;1msnarkJS[0m: processing: tauG2: 557056/2097152
[36;22m[DEBUG] [39;1msnarkJS[0m: processing: tauG2: 565248/2097152
[36;22m[DEBUG] [39;1msnarkJS[0m: processing: tauG2: 573440/2097152
[36;22m[DEBUG] [39;1msnarkJS[0m: processing: tauG2: 581632/2097152
[36;22m[DEBUG] [39;1msnarkJS[0m: processing: tauG2: 589824/2097152
[36;22m[DEBUG] [39;1msnarkJS[0m: processing: tauG2: 598016/2097152
[36;22m[DEBUG] [39;1msnarkJS[0m: processing: tauG2: 606208/2097152
[36;22m[DEBUG] [39;1msnarkJS[0m: processing: tauG2: 614400/2097152
[36;22m[DEBUG] [39;1msnarkJS[0m: processing: tauG2: 622592/2097152
[36;22m[DEBUG] [39;1msnarkJS[0m: processing: tauG2: 630784/2097152
[36;22m[DEBUG] [39;1msnarkJS[0m: processing: tauG2: 638976/2097152
[36;22m[DEBUG] [39;1msnarkJS[0m: processing: tauG2: 647168/2097152
[36;22m[DEBUG] [39;1msnarkJS[0m: processing: tauG2: 655360/2097152
[36;22m[DEBUG] [39;1msnarkJS[0m: processing: tauG2: 663552/2097152
[36;22m[DEBUG] [39;1msnarkJS[0m: processing: tauG2: 671744/2097152
[36;22m[DEBUG] [39;1msnarkJS[0m: processing: tauG2: 679936/2097152
[36;22m[DEBUG] [39;1msnarkJS[0m: processing: tauG2: 688128/2097152
[36;22m[DEBUG] [39;1msnarkJS[0m: processing: tauG2: 696320/2097152
[36;22m[DEBUG] [39;1msnarkJS[0m: processing: tauG2: 704512/2097152
[36;22m[DEBUG] [39;1msnarkJS[0m: processing: tauG2: 712704/2097152
[36;22m[DEBUG] [39;1msnarkJS[0m: processing: tauG2: 720896/2097152
[36;22m[DEBUG] [39;1msnarkJS[0m: processing: tauG2: 729088/2097152
[36;22m[DEBUG] [39;1msnarkJS[0m: processing: tauG2: 737280/2097152
[36;22m[DEBUG] [39;1msnarkJS[0m: processing: tauG2: 745472/2097152
[36;22m[DEBUG] [39;1msnarkJS[0m: processing: tauG2: 753664/2097152
[36;22m[DEBUG] [39;1msnarkJS[0m: processing: tauG2: 761856/2097152
[36;22m[DEBUG] [39;1msnarkJS[0m: processing: tauG2: 770048/2097152
[36;22m[DEBUG] [39;1msnarkJS[0m: processing: tauG2: 778240/2097152
[36;22m[DEBUG] [39;1msnarkJS[0m: processing: tauG2: 786432/2097152
[36;22m[DEBUG] [39;1msnarkJS[0m: processing: tauG2: 794624/2097152
[36;22m[DEBUG] [39;1msnarkJS[0m: processing: tauG2: 802816/2097152
[36;22m[DEBUG] [39;1msnarkJS[0m: processing: tauG2: 811008/2097152
[36;22m[DEBUG] [39;1msnarkJS[0m: processing: tauG2: 819200/2097152
[36;22m[DEBUG] [39;1msnarkJS[0m: processing: tauG2: 827392/2097152
[36;22m[DEBUG] [39;1msnarkJS[0m: processing: tauG2: 835584/2097152
[36;22m[DEBUG] [39;1msnarkJS[0m: processing: tauG2: 843776/2097152
[36;22m[DEBUG] [39;1msnarkJS[0m: processing: tauG2: 851968/2097152
[36;22m[DEBUG] [39;1msnarkJS[0m: processing: tauG2: 860160/2097152
[36;22m[DEBUG] [39;1msnarkJS[0m: processing: tauG2: 868352/2097152
[36;22m[DEBUG] [39;1msnarkJS[0m: processing: tauG2: 876544/2097152
[36;22m[DEBUG] [39;1msnarkJS[0m: processing: tauG2: 884736/2097152
[36;22m[DEBUG] [39;1msnarkJS[0m: processing: tauG2: 892928/2097152
[36;22m[DEBUG] [39;1msnarkJS[0m: processing: tauG2: 901120/2097152
[36;22m[DEBUG] [39;1msnarkJS[0m: processing: tauG2: 909312/2097152
[36;22m[DEBUG] [39;1msnarkJS[0m: processing: tauG2: 917504/2097152
[36;22m[DEBUG] [39;1msnarkJS[0m: processing: tauG2: 925696/2097152
[36;22m[DEBUG] [39;1msnarkJS[0m: processing: tauG2: 933888/2097152
[36;22m[DEBUG] [39;1msnarkJS[0m: processing: tauG2: 942080/2097152
[36;22m[DEBUG] [39;1msnarkJS[0m: processing: tauG2: 950272/2097152
[36;22m[DEBUG] [39;1msnarkJS[0m: processing: tauG2: 958464/2097152
[36;22m[DEBUG] [39;1msnarkJS[0m: processing: tauG2: 966656/2097152
[36;22m[DEBUG] [39;1msnarkJS[0m: processing: tauG2: 974848/2097152
[36;22m[DEBUG] [39;1msnarkJS[0m: processing: tauG2: 983040/2097152
[36;22m[DEBUG] [39;1msnarkJS[0m: processing: tauG2: 991232/2097152
[36;22m[DEBUG] [39;1msnarkJS[0m: processing: tauG2: 999424/2097152
[36;22m[DEBUG] [39;1msnarkJS[0m: processing: tauG2: 1007616/2097152
[36;22m[DEBUG] [39;1msnarkJS[0m: processing: tauG2: 1015808/2097152
[36;22m[DEBUG] [39;1msnarkJS[0m: processing: tauG2: 1024000/2097152
[36;22m[DEBUG] [39;1msnarkJS[0m: processing: tauG2: 1032192/2097152
[36;22m[DEBUG] [39;1msnarkJS[0m: processing: tauG2: 1040384/2097152
[36;22m[DEBUG] [39;1msnarkJS[0m: processing: tauG2: 1048576/2097152
[36;22m[DEBUG] [39;1msnarkJS[0m: processing: tauG2: 1056768/2097152
[36;22m[DEBUG] [39;1msnarkJS[0m: processing: tauG2: 1064960/2097152
[36;22m[DEBUG] [39;1msnarkJS[0m: processing: tauG2: 1073152/2097152
[36;22m[DEBUG] [39;1msnarkJS[0m: processing: tauG2: 1081344/2097152
[36;22m[DEBUG] [39;1msnarkJS[0m: processing: tauG2: 1089536/2097152
[36;22m[DEBUG] [39;1msnarkJS[0m: processing: tauG2: 1097728/2097152
[36;22m[DEBUG] [39;1msnarkJS[0m: processing: tauG2: 1105920/2097152
[36;22m[DEBUG] [39;1msnarkJS[0m: processing: tauG2: 1114112/2097152
[36;22m[DEBUG] [39;1msnarkJS[0m: processing: tauG2: 1122304/2097152
[36;22m[DEBUG] [39;1msnarkJS[0m: processing: tauG2: 1130496/2097152
[36;22m[DEBUG] [39;1msnarkJS[0m: processing: tauG2: 1138688/2097152
[36;22m[DEBUG] [39;1msnarkJS[0m: processing: tauG2: 1146880/2097152
[36;22m[DEBUG] [39;1msnarkJS[0m: processing: tauG2: 1155072/2097152
[36;22m[DEBUG] [39;1msnarkJS[0m: processing: tauG2: 1163264/2097152
[36;22m[DEBUG] [39;1msnarkJS[0m: processing: tauG2: 1171456/2097152
[36;22m[DEBUG] [39;1msnarkJS[0m: processing: tauG2: 1179648/2097152
[36;22m[DEBUG] [39;1msnarkJS[0m: processing: tauG2: 1187840/2097152
[36;22m[DEBUG] [39;1msnarkJS[0m: processing: tauG2: 1196032/2097152
[36;22m[DEBUG] [39;1msnarkJS[0m: processing: tauG2: 1204224/2097152
[36;22m[DEBUG] [39;1msnarkJS[0m: processing: tauG2: 1212416/2097152
[36;22m[DEBUG] [39;1msnarkJS[0m: processing: tauG2: 1220608/2097152
[36;22m[DEBUG] [39;1msnarkJS[0m: processing: tauG2: 1228800/2097152
[36;22m[DEBUG] [39;1msnarkJS[0m: processing: tauG2: 1236992/2097152
[36;22m[DEBUG] [39;1msnarkJS[0m: processing: tauG2: 1245184/2097152
[36;22m[DEBUG] [39;1msnarkJS[0m: processing: tauG2: 1253376/2097152
[36;22m[DEBUG] [39;1msnarkJS[0m: processing: tauG2: 1261568/2097152
[36;22m[DEBUG] [39;1msnarkJS[0m: processing: tauG2: 1269760/2097152
[36;22m[DEBUG] [39;1msnarkJS[0m: processing: tauG2: 1277952/2097152
[36;22m[DEBUG] [39;1msnarkJS[0m: processing: tauG2: 1286144/2097152
[36;22m[DEBUG] [39;1msnarkJS[0m: processing: tauG2: 1294336/2097152
[36;22m[DEBUG] [39;1msnarkJS[0m: processing: tauG2: 1302528/2097152
[36;22m[DEBUG] [39;1msnarkJS[0m: processing: tauG2: 1310720/2097152
[36;22m[DEBUG] [39;1msnarkJS[0m: processing: tauG2: 1318912/2097152
[36;22m[DEBUG] [39;1msnarkJS[0m: processing: tauG2: 1327104/2097152
[36;22m[DEBUG] [39;1msnarkJS[0m: processing: tauG2: 1335296/2097152
[36;22m[DEBUG] [39;1msnarkJS[0m: processing: tauG2: 1343488/2097152
[36;22m[DEBUG] [39;1msnarkJS[0m: processing: tauG2: 1351680/2097152
[36;22m[DEBUG] [39;1msnarkJS[0m: processing: tauG2: 1359872/2097152
[36;22m[DEBUG] [39;1msnarkJS[0m: processing: tauG2: 1368064/2097152
[36;22m[DEBUG] [39;1msnarkJS[0m: processing: tauG2: 1376256/2097152
[36;22m[DEBUG] [39;1msnarkJS[0m: processing: tauG2: 1384448/2097152
[36;22m[DEBUG] [39;1msnarkJS[0m: processing: tauG2: 1392640/2097152
[36;22m[DEBUG] [39;1msnarkJS[0m: processing: tauG2: 1400832/2097152
[36;22m[DEBUG] [39;1msnarkJS[0m: processing: tauG2: 1409024/2097152
[36;22m[DEBUG] [39;1msnarkJS[0m: processing: tauG2: 1417216/2097152
[36;22m[DEBUG] [39;1msnarkJS[0m: processing: tauG2: 1425408/2097152
[36;22m[DEBUG] [39;1msnarkJS[0m: processing: tauG2: 1433600/2097152
[36;22m[DEBUG] [39;1msnarkJS[0m: processing: tauG2: 1441792/2097152
[36;22m[DEBUG] [39;1msnarkJS[0m: processing: tauG2: 1449984/2097152
[36;22m[DEBUG] [39;1msnarkJS[0m: processing: tauG2: 1458176/2097152
[36;22m[DEBUG] [39;1msnarkJS[0m: processing: tauG2: 1466368/2097152
[36;22m[DEBUG] [39;1msnarkJS[0m: processing: tauG2: 1474560/2097152
[36;22m[DEBUG] [39;1msnarkJS[0m: processing: tauG2: 1482752/2097152
[36;22m[DEBUG] [39;1msnarkJS[0m: processing: tauG2: 1490944/2097152
[36;22m[DEBUG] [39;1msnarkJS[0m: processing: tauG2: 1499136/2097152
[36;22m[DEBUG] [39;1msnarkJS[0m: processing: tauG2: 1507328/2097152
[36;22m[DEBUG] [39;1msnarkJS[0m: processing: tauG2: 1515520/2097152
[36;22m[DEBUG] [39;1msnarkJS[0m: processing: tauG2: 1523712/2097152
[36;22m[DEBUG] [39;1msnarkJS[0m: processing: tauG2: 1531904/2097152
[36;22m[DEBUG] [39;1msnarkJS[0m: processing: tauG2: 1540096/2097152
[36;22m[DEBUG] [39;1msnarkJS[0m: processing: tauG2: 1548288/2097152
[36;22m[DEBUG] [39;1msnarkJS[0m: processing: tauG2: 1556480/2097152
[36;22m[DEBUG] [39;1msnarkJS[0m: processing: tauG2: 1564672/2097152
[36;22m[DEBUG] [39;1msnarkJS[0m: processing: tauG2: 1572864/2097152
[36;22m[DEBUG] [39;1msnarkJS[0m: processing: tauG2: 1581056/2097152
[36;22m[DEBUG] [39;1msnarkJS[0m: processing: tauG2: 1589248/2097152
[36;22m[DEBUG] [39;1msnarkJS[0m: processing: tauG2: 1597440/2097152
[36;22m[DEBUG] [39;1msnarkJS[0m: processing: tauG2: 1605632/2097152
[36;22m[DEBUG] [39;1msnarkJS[0m: processing: tauG2: 1613824/2097152
[36;22m[DEBUG] [39;1msnarkJS[0m: processing: tauG2: 1622016/2097152
[36;22m[DEBUG] [39;1msnarkJS[0m: processing: tauG2: 1630208/2097152
[36;22m[DEBUG] [39;1msnarkJS[0m: processing: tauG2: 1638400/2097152
[36;22m[DEBUG] [39;1msnarkJS[0m: processing: tauG2: 1646592/2097152
[36;22m[DEBUG] [39;1msnarkJS[0m: processing: tauG2: 1654784/2097152
[36;22m[DEBUG] [39;1msnarkJS[0m: processing: tauG2: 1662976/2097152
[36;22m[DEBUG] [39;1msnarkJS[0m: processing: tauG2: 1671168/2097152
[36;22m[DEBUG] [39;1msnarkJS[0m: processing: tauG2: 1679360/2097152
[36;22m[DEBUG] [39;1msnarkJS[0m: processing: tauG2: 1687552/2097152
[36;22m[DEBUG] [39;1msnarkJS[0m: processing: tauG2: 1695744/2097152
[36;22m[DEBUG] [39;1msnarkJS[0m: processing: tauG2: 1703936/2097152
[36;22m[DEBUG] [39;1msnarkJS[0m: processing: tauG2: 1712128/2097152
[36;22m[DEBUG] [39;1msnarkJS[0m: processing: tauG2: 1720320/2097152
[36;22m[DEBUG] [39;1msnarkJS[0m: processing: tauG2: 1728512/2097152
[36;22m[DEBUG] [39;1msnarkJS[0m: processing: tauG2: 1736704/2097152
[36;22m[DEBUG] [39;1msnarkJS[0m: processing: tauG2: 1744896/2097152
[36;22m[DEBUG] [39;1msnarkJS[0m: processing: tauG2: 1753088/2097152
[36;22m[DEBUG] [39;1msnarkJS[0m: processing: tauG2: 1761280/2097152
[36;22m[DEBUG] [39;1msnarkJS[0m: processing: tauG2: 1769472/2097152
[36;22m[DEBUG] [39;1msnarkJS[0m: processing: tauG2: 1777664/2097152
[36;22m[DEBUG] [39;1msnarkJS[0m: processing: tauG2: 1785856/2097152
[36;22m[DEBUG] [39;1msnarkJS[0m: processing: tauG2: 1794048/2097152
[36;22m[DEBUG] [39;1msnarkJS[0m: processing: tauG2: 1802240/2097152
[36;22m[DEBUG] [39;1msnarkJS[0m: processing: tauG2: 1810432/2097152
[36;22m[DEBUG] [39;1msnarkJS[0m: processing: tauG2: 1818624/2097152
[36;22m[DEBUG] [39;1msnarkJS[0m: processing: tauG2: 1826816/2097152
[36;22m[DEBUG] [39;1msnarkJS[0m: processing: tauG2: 1835008/2097152
[36;22m[DEBUG] [39;1msnarkJS[0m: processing: tauG2: 1843200/2097152
[36;22m[DEBUG] [39;1msnarkJS[0m: processing: tauG2: 1851392/2097152
[36;22m[DEBUG] [39;1msnarkJS[0m: processing: tauG2: 1859584/2097152
[36;22m[DEBUG] [39;1msnarkJS[0m: processing: tauG2: 1867776/2097152
[36;22m[DEBUG] [39;1msnarkJS[0m: processing: tauG2: 1875968/2097152
[36;22m[DEBUG] [39;1msnarkJS[0m: processing: tauG2: 1884160/2097152
[36;22m[DEBUG] [39;1msnarkJS[0m: processing: tauG2: 1892352/2097152
[36;22m[DEBUG] [39;1msnarkJS[0m: processing: tauG2: 1900544/2097152
[36;22m[DEBUG] [39;1msnarkJS[0m: processing: tauG2: 1908736/2097152
[36;22m[DEBUG] [39;1msnarkJS[0m: processing: tauG2: 1916928/2097152
[36;22m[DEBUG] [39;1msnarkJS[0m: processing: tauG2: 1925120/2097152
[36;22m[DEBUG] [39;1msnarkJS[0m: processing: tauG2: 1933312/2097152
[36;22m[DEBUG] [39;1msnarkJS[0m: processing: tauG2: 1941504/2097152
[36;22m[DEBUG] [39;1msnarkJS[0m: processing: tauG2: 1949696/2097152
[36;22m[DEBUG] [39;1msnarkJS[0m: processing: tauG2: 1957888/2097152
[36;22m[DEBUG] [39;1msnarkJS[0m: processing: tauG2: 1966080/2097152
[36;22m[DEBUG] [39;1msnarkJS[0m: processing: tauG2: 1974272/2097152
[36;22m[DEBUG] [39;1msnarkJS[0m: processing: tauG2: 1982464/2097152
[36;22m[DEBUG] [39;1msnarkJS[0m: processing: tauG2: 1990656/2097152
[36;22m[DEBUG] [39;1msnarkJS[0m: processing: tauG2: 1998848/2097152
[36;22m[DEBUG] [39;1msnarkJS[0m: processing: tauG2: 2007040/2097152
[36;22m[DEBUG] [39;1msnarkJS[0m: processing: tauG2: 2015232/2097152
[36;22m[DEBUG] [39;1msnarkJS[0m: processing: tauG2: 2023424/2097152
[36;22m[DEBUG] [39;1msnarkJS[0m: processing: tauG2: 2031616/2097152
[36;22m[DEBUG] [39;1msnarkJS[0m: processing: tauG2: 2039808/2097152
[36;22m[DEBUG] [39;1msnarkJS[0m: processing: tauG2: 2048000/2097152
[36;22m[DEBUG] [39;1msnarkJS[0m: processing: tauG2: 2056192/2097152
[36;22m[DEBUG] [39;1msnarkJS[0m: processing: tauG2: 2064384/2097152
[36;22m[DEBUG] [39;1msnarkJS[0m: processing: tauG2: 2072576/2097152
[36;22m[DEBUG] [39;1msnarkJS[0m: processing: tauG2: 2080768/2097152
[36;22m[DEBUG] [39;1msnarkJS[0m: processing: tauG2: 2088960/2097152
[36;22m[DEBUG] [39;1msnarkJS[0m: processing: alphaTauG1: 0/2097152
[36;22m[DEBUG] [39;1msnarkJS[0m: processing: alphaTauG1: 16384/2097152
[36;22m[DEBUG] [39;1msnarkJS[0m: processing: alphaTauG1: 32768/2097152
[36;22m[DEBUG] [39;1msnarkJS[0m: processing: alphaTauG1: 49152/2097152
[36;22m[DEBUG] [39;1msnarkJS[0m: processing: alphaTauG1: 65536/2097152
[36;22m[DEBUG] [39;1msnarkJS[0m: processing: alphaTauG1: 81920/2097152
[36;22m[DEBUG] [39;1msnarkJS[0m: processing: alphaTauG1: 98304/2097152
[36;22m[DEBUG] [39;1msnarkJS[0m: processing: alphaTauG1: 114688/2097152
[36;22m[DEBUG] [39;1msnarkJS[0m: processing: alphaTauG1: 131072/2097152
[36;22m[DEBUG] [39;1msnarkJS[0m: processing: alphaTauG1: 147456/2097152
[36;22m[DEBUG] [39;1msnarkJS[0m: processing: alphaTauG1: 163840/2097152
[36;22m[DEBUG] [39;1msnarkJS[0m: processing: alphaTauG1: 180224/2097152
[36;22m[DEBUG] [39;1msnarkJS[0m: processing: alphaTauG1: 196608/2097152
[36;22m[DEBUG] [39;1msnarkJS[0m: processing: alphaTauG1: 212992/2097152
[36;22m[DEBUG] [39;1msnarkJS[0m: processing: alphaTauG1: 229376/2097152
[36;22m[DEBUG] [39;1msnarkJS[0m: processing: alphaTauG1: 245760/2097152
[36;22m[DEBUG] [39;1msnarkJS[0m: processing: alphaTauG1: 262144/2097152
[36;22m[DEBUG] [39;1msnarkJS[0m: processing: alphaTauG1: 278528/2097152
[36;22m[DEBUG] [39;1msnarkJS[0m: processing: alphaTauG1: 294912/2097152
[36;22m[DEBUG] [39;1msnarkJS[0m: processing: alphaTauG1: 311296/2097152
[36;22m[DEBUG] [39;1msnarkJS[0m: processing: alphaTauG1: 327680/2097152
[36;22m[DEBUG] [39;1msnarkJS[0m: processing: alphaTauG1: 344064/2097152
[36;22m[DEBUG] [39;1msnarkJS[0m: processing: alphaTauG1: 360448/2097152
[36;22m[DEBUG] [39;1msnarkJS[0m: processing: alphaTauG1: 376832/2097152
[36;22m[DEBUG] [39;1msnarkJS[0m: processing: alphaTauG1: 393216/2097152
[36;22m[DEBUG] [39;1msnarkJS[0m: processing: alphaTauG1: 409600/2097152
[36;22m[DEBUG] [39;1msnarkJS[0m: processing: alphaTauG1: 425984/2097152
[36;22m[DEBUG] [39;1msnarkJS[0m: processing: alphaTauG1: 442368/2097152
[36;22m[DEBUG] [39;1msnarkJS[0m: processing: alphaTauG1: 458752/2097152
[36;22m[DEBUG] [39;1msnarkJS[0m: processing: alphaTauG1: 475136/2097152
[36;22m[DEBUG] [39;1msnarkJS[0m: processing: alphaTauG1: 491520/2097152
[36;22m[DEBUG] [39;1msnarkJS[0m: processing: alphaTauG1: 507904/2097152
[36;22m[DEBUG] [39;1msnarkJS[0m: processing: alphaTauG1: 524288/2097152
[36;22m[DEBUG] [39;1msnarkJS[0m: processing: alphaTauG1: 540672/2097152
[36;22m[DEBUG] [39;1msnarkJS[0m: processing: alphaTauG1: 557056/2097152
[36;22m[DEBUG] [39;1msnarkJS[0m: processing: alphaTauG1: 573440/2097152
[36;22m[DEBUG] [39;1msnarkJS[0m: processing: alphaTauG1: 589824/2097152
[36;22m[DEBUG] [39;1msnarkJS[0m: processing: alphaTauG1: 606208/2097152
[36;22m[DEBUG] [39;1msnarkJS[0m: processing: alphaTauG1: 622592/2097152
[36;22m[DEBUG] [39;1msnarkJS[0m: processing: alphaTauG1: 638976/2097152
[36;22m[DEBUG] [39;1msnarkJS[0m: processing: alphaTauG1: 655360/2097152
[36;22m[DEBUG] [39;1msnarkJS[0m: processing: alphaTauG1: 671744/2097152
[36;22m[DEBUG] [39;1msnarkJS[0m: processing: alphaTauG1: 688128/2097152
[36;22m[DEBUG] [39;1msnarkJS[0m: processing: alphaTauG1: 704512/2097152
[36;22m[DEBUG] [39;1msnarkJS[0m: processing: alphaTauG1: 720896/2097152
[36;22m[DEBUG] [39;1msnarkJS[0m: processing: alphaTauG1: 737280/2097152
[36;22m[DEBUG] [39;1msnarkJS[0m: processing: alphaTauG1: 753664/2097152
[36;22m[DEBUG] [39;1msnarkJS[0m: processing: alphaTauG1: 770048/2097152
[36;22m[DEBUG] [39;1msnarkJS[0m: processing: alphaTauG1: 786432/2097152
[36;22m[DEBUG] [39;1msnarkJS[0m: processing: alphaTauG1: 802816/2097152
[36;22m[DEBUG] [39;1msnarkJS[0m: processing: alphaTauG1: 819200/2097152
[36;22m[DEBUG] [39;1msnarkJS[0m: processing: alphaTauG1: 835584/2097152
[36;22m[DEBUG] [39;1msnarkJS[0m: processing: alphaTauG1: 851968/2097152
[36;22m[DEBUG] [39;1msnarkJS[0m: processing: alphaTauG1: 868352/2097152
[36;22m[DEBUG] [39;1msnarkJS[0m: processing: alphaTauG1: 884736/2097152
[36;22m[DEBUG] [39;1msnarkJS[0m: processing: alphaTauG1: 901120/2097152
[36;22m[DEBUG] [39;1msnarkJS[0m: processing: alphaTauG1: 917504/2097152
[36;22m[DEBUG] [39;1msnarkJS[0m: processing: alphaTauG1: 933888/2097152
[36;22m[DEBUG] [39;1msnarkJS[0m: processing: alphaTauG1: 950272/2097152
[36;22m[DEBUG] [39;1msnarkJS[0m: processing: alphaTauG1: 966656/2097152
[36;22m[DEBUG] [39;1msnarkJS[0m: processing: alphaTauG1: 983040/2097152
[36;22m[DEBUG] [39;1msnarkJS[0m: processing: alphaTauG1: 999424/2097152
[36;22m[DEBUG] [39;1msnarkJS[0m: processing: alphaTauG1: 1015808/2097152
[36;22m[DEBUG] [39;1msnarkJS[0m: processing: alphaTauG1: 1032192/2097152
[36;22m[DEBUG] [39;1msnarkJS[0m: processing: alphaTauG1: 1048576/2097152
[36;22m[DEBUG] [39;1msnarkJS[0m: processing: alphaTauG1: 1064960/2097152
[36;22m[DEBUG] [39;1msnarkJS[0m: processing: alphaTauG1: 1081344/2097152
[36;22m[DEBUG] [39;1msnarkJS[0m: processing: alphaTauG1: 1097728/2097152
[36;22m[DEBUG] [39;1msnarkJS[0m: processing: alphaTauG1: 1114112/2097152
[36;22m[DEBUG] [39;1msnarkJS[0m: processing: alphaTauG1: 1130496/2097152
[36;22m[DEBUG] [39;1msnarkJS[0m: processing: alphaTauG1: 1146880/2097152
[36;22m[DEBUG] [39;1msnarkJS[0m: processing: alphaTauG1: 1163264/2097152
[36;22m[DEBUG] [39;1msnarkJS[0m: processing: alphaTauG1: 1179648/2097152
[36;22m[DEBUG] [39;1msnarkJS[0m: processing: alphaTauG1: 1196032/2097152
[36;22m[DEBUG] [39;1msnarkJS[0m: processing: alphaTauG1: 1212416/2097152
[36;22m[DEBUG] [39;1msnarkJS[0m: processing: alphaTauG1: 1228800/2097152
[36;22m[DEBUG] [39;1msnarkJS[0m: processing: alphaTauG1: 1245184/2097152
[36;22m[DEBUG] [39;1msnarkJS[0m: processing: alphaTauG1: 1261568/2097152
[36;22m[DEBUG] [39;1msnarkJS[0m: processing: alphaTauG1: 1277952/2097152
[36;22m[DEBUG] [39;1msnarkJS[0m: processing: alphaTauG1: 1294336/2097152
[36;22m[DEBUG] [39;1msnarkJS[0m: processing: alphaTauG1: 1310720/2097152
[36;22m[DEBUG] [39;1msnarkJS[0m: processing: alphaTauG1: 1327104/2097152
[36;22m[DEBUG] [39;1msnarkJS[0m: processing: alphaTauG1: 1343488/2097152
[36;22m[DEBUG] [39;1msnarkJS[0m: processing: alphaTauG1: 1359872/2097152
[36;22m[DEBUG] [39;1msnarkJS[0m: processing: alphaTauG1: 1376256/2097152
[36;22m[DEBUG] [39;1msnarkJS[0m: processing: alphaTauG1: 1392640/2097152
[36;22m[DEBUG] [39;1msnarkJS[0m: processing: alphaTauG1: 1409024/2097152
[36;22m[DEBUG] [39;1msnarkJS[0m: processing: alphaTauG1: 1425408/2097152
[36;22m[DEBUG] [39;1msnarkJS[0m: processing: alphaTauG1: 1441792/2097152
[36;22m[DEBUG] [39;1msnarkJS[0m: processing: alphaTauG1: 1458176/2097152
[36;22m[DEBUG] [39;1msnarkJS[0m: processing: alphaTauG1: 1474560/2097152
[36;22m[DEBUG] [39;1msnarkJS[0m: processing: alphaTauG1: 1490944/2097152
[36;22m[DEBUG] [39;1msnarkJS[0m: processing: alphaTauG1: 1507328/2097152
[36;22m[DEBUG] [39;1msnarkJS[0m: processing: alphaTauG1: 1523712/2097152
[36;22m[DEBUG] [39;1msnarkJS[0m: processing: alphaTauG1: 1540096/2097152
[36;22m[DEBUG] [39;1msnarkJS[0m: processing: alphaTauG1: 1556480/2097152
[36;22m[DEBUG] [39;1msnarkJS[0m: processing: alphaTauG1: 1572864/2097152
[36;22m[DEBUG] [39;1msnarkJS[0m: processing: alphaTauG1: 1589248/2097152
[36;22m[DEBUG] [39;1msnarkJS[0m: processing: alphaTauG1: 1605632/2097152
[36;22m[DEBUG] [39;1msnarkJS[0m: processing: alphaTauG1: 1622016/2097152
[36;22m[DEBUG] [39;1msnarkJS[0m: processing: alphaTauG1: 1638400/2097152
[36;22m[DEBUG] [39;1msnarkJS[0m: processing: alphaTauG1: 1654784/2097152
[36;22m[DEBUG] [39;1msnarkJS[0m: processing: alphaTauG1: 1671168/2097152
[36;22m[DEBUG] [39;1msnarkJS[0m: processing: alphaTauG1: 1687552/2097152
[36;22m[DEBUG] [39;1msnarkJS[0m: processing: alphaTauG1: 1703936/2097152
[36;22m[DEBUG] [39;1msnarkJS[0m: processing: alphaTauG1: 1720320/2097152
[36;22m[DEBUG] [39;1msnarkJS[0m: processing: alphaTauG1: 1736704/2097152
[36;22m[DEBUG] [39;1msnarkJS[0m: processing: alphaTauG1: 1753088/2097152
[36;22m[DEBUG] [39;1msnarkJS[0m: processing: alphaTauG1: 1769472/2097152
[36;22m[DEBUG] [39;1msnarkJS[0m: processing: alphaTauG1: 1785856/2097152
[36;22m[DEBUG] [39;1msnarkJS[0m: processing: alphaTauG1: 1802240/2097152
[36;22m[DEBUG] [39;1msnarkJS[0m: processing: alphaTauG1: 1818624/2097152
[36;22m[DEBUG] [39;1msnarkJS[0m: processing: alphaTauG1: 1835008/2097152
[36;22m[DEBUG] [39;1msnarkJS[0m: processing: alphaTauG1: 1851392/2097152
[36;22m[DEBUG] [39;1msnarkJS[0m: processing: alphaTauG1: 1867776/2097152
[36;22m[DEBUG] [39;1msnarkJS[0m: processing: alphaTauG1: 1884160/2097152
[36;22m[DEBUG] [39;1msnarkJS[0m: processing: alphaTauG1: 1900544/2097152
[36;22m[DEBUG] [39;1msnarkJS[0m: processing: alphaTauG1: 1916928/2097152
[36;22m[DEBUG] [39;1msnarkJS[0m: processing: alphaTauG1: 1933312/2097152
[36;22m[DEBUG] [39;1msnarkJS[0m: processing: alphaTauG1: 1949696/2097152
[36;22m[DEBUG] [39;1msnarkJS[0m: processing: alphaTauG1: 1966080/2097152
[36;22m[DEBUG] [39;1msnarkJS[0m: processing: alphaTauG1: 1982464/2097152
[36;22m[DEBUG] [39;1msnarkJS[0m: processing: alphaTauG1: 1998848/2097152
[36;22m[DEBUG] [39;1msnarkJS[0m: processing: alphaTauG1: 2015232/2097152
[36;22m[DEBUG] [39;1msnarkJS[0m: processing: alphaTauG1: 2031616/2097152
[36;22m[DEBUG] [39;1msnarkJS[0m: processing: alphaTauG1: 2048000/2097152
[36;22m[DEBUG] [39;1msnarkJS[0m: processing: alphaTauG1: 2064384/2097152
[36;22m[DEBUG] [39;1msnarkJS[0m: processing: alphaTauG1: 2080768/2097152
[36;22m[DEBUG] [39;1msnarkJS[0m: processing: betaTauG1: 0/2097152
[36;22m[DEBUG] [39;1msnarkJS[0m: processing: betaTauG1: 16384/2097152
[36;22m[DEBUG] [39;1msnarkJS[0m: processing: betaTauG1: 32768/2097152
[36;22m[DEBUG] [39;1msnarkJS[0m: processing: betaTauG1: 49152/2097152
[36;22m[DEBUG] [39;1msnarkJS[0m: processing: betaTauG1: 65536/2097152
[36;22m[DEBUG] [39;1msnarkJS[0m: processing: betaTauG1: 81920/2097152
[36;22m[DEBUG] [39;1msnarkJS[0m: processing: betaTauG1: 98304/2097152
[36;22m[DEBUG] [39;1msnarkJS[0m: processing: betaTauG1: 114688/2097152
[36;22m[DEBUG] [39;1msnarkJS[0m: processing: betaTauG1: 131072/2097152
[36;22m[DEBUG] [39;1msnarkJS[0m: processing: betaTauG1: 147456/2097152
[36;22m[DEBUG] [39;1msnarkJS[0m: processing: betaTauG1: 163840/2097152
[36;22m[DEBUG] [39;1msnarkJS[0m: processing: betaTauG1: 180224/2097152
[36;22m[DEBUG] [39;1msnarkJS[0m: processing: betaTauG1: 196608/2097152
[36;22m[DEBUG] [39;1msnarkJS[0m: processing: betaTauG1: 212992/2097152
[36;22m[DEBUG] [39;1msnarkJS[0m: processing: betaTauG1: 229376/2097152
[36;22m[DEBUG] [39;1msnarkJS[0m: processing: betaTauG1: 245760/2097152
[36;22m[DEBUG] [39;1msnarkJS[0m: processing: betaTauG1: 262144/2097152
[36;22m[DEBUG] [39;1msnarkJS[0m: processing: betaTauG1: 278528/2097152
[36;22m[DEBUG] [39;1msnarkJS[0m: processing: betaTauG1: 294912/2097152
[36;22m[DEBUG] [39;1msnarkJS[0m: processing: betaTauG1: 311296/2097152
[36;22m[DEBUG] [39;1msnarkJS[0m: processing: betaTauG1: 327680/2097152
[36;22m[DEBUG] [39;1msnarkJS[0m: processing: betaTauG1: 344064/2097152
[36;22m[DEBUG] [39;1msnarkJS[0m: processing: betaTauG1: 360448/2097152
[36;22m[DEBUG] [39;1msnarkJS[0m: processing: betaTauG1: 376832/2097152
[36;22m[DEBUG] [39;1msnarkJS[0m: processing: betaTauG1: 393216/2097152
[36;22m[DEBUG] [39;1msnarkJS[0m: processing: betaTauG1: 409600/2097152
[36;22m[DEBUG] [39;1msnarkJS[0m: processing: betaTauG1: 425984/2097152
[36;22m[DEBUG] [39;1msnarkJS[0m: processing: betaTauG1: 442368/2097152
[36;22m[DEBUG] [39;1msnarkJS[0m: processing: betaTauG1: 458752/2097152
[36;22m[DEBUG] [39;1msnarkJS[0m: processing: betaTauG1: 475136/2097152
[36;22m[DEBUG] [39;1msnarkJS[0m: processing: betaTauG1: 491520/2097152
[36;22m[DEBUG] [39;1msnarkJS[0m: processing: betaTauG1: 507904/2097152
[36;22m[DEBUG] [39;1msnarkJS[0m: processing: betaTauG1: 524288/2097152
[36;22m[DEBUG] [39;1msnarkJS[0m: processing: betaTauG1: 540672/2097152
[36;22m[DEBUG] [39;1msnarkJS[0m: processing: betaTauG1: 557056/2097152
[36;22m[DEBUG] [39;1msnarkJS[0m: processing: betaTauG1: 573440/2097152
[36;22m[DEBUG] [39;1msnarkJS[0m: processing: betaTauG1: 589824/2097152
[36;22m[DEBUG] [39;1msnarkJS[0m: processing: betaTauG1: 606208/2097152
[36;22m[DEBUG] [39;1msnarkJS[0m: processing: betaTauG1: 622592/2097152
[36;22m[DEBUG] [39;1msnarkJS[0m: processing: betaTauG1: 638976/2097152
[36;22m[DEBUG] [39;1msnarkJS[0m: processing: betaTauG1: 655360/2097152
[36;22m[DEBUG] [39;1msnarkJS[0m: processing: betaTauG1: 671744/2097152
[36;22m[DEBUG] [39;1msnarkJS[0m: processing: betaTauG1: 688128/2097152
[36;22m[DEBUG] [39;1msnarkJS[0m: processing: betaTauG1: 704512/2097152
[36;22m[DEBUG] [39;1msnarkJS[0m: processing: betaTauG1: 720896/2097152
[36;22m[DEBUG] [39;1msnarkJS[0m: processing: betaTauG1: 737280/2097152
[36;22m[DEBUG] [39;1msnarkJS[0m: processing: betaTauG1: 753664/2097152
[36;22m[DEBUG] [39;1msnarkJS[0m: processing: betaTauG1: 770048/2097152
[36;22m[DEBUG] [39;1msnarkJS[0m: processing: betaTauG1: 786432/2097152
[36;22m[DEBUG] [39;1msnarkJS[0m: processing: betaTauG1: 802816/2097152
[36;22m[DEBUG] [39;1msnarkJS[0m: processing: betaTauG1: 819200/2097152
[36;22m[DEBUG] [39;1msnarkJS[0m: processing: betaTauG1: 835584/2097152
[36;22m[DEBUG] [39;1msnarkJS[0m: processing: betaTauG1: 851968/2097152
[36;22m[DEBUG] [39;1msnarkJS[0m: processing: betaTauG1: 868352/2097152
[36;22m[DEBUG] [39;1msnarkJS[0m: processing: betaTauG1: 884736/2097152
[36;22m[DEBUG] [39;1msnarkJS[0m: processing: betaTauG1: 901120/2097152
[36;22m[DEBUG] [39;1msnarkJS[0m: processing: betaTauG1: 917504/2097152
[36;22m[DEBUG] [39;1msnarkJS[0m: processing: betaTauG1: 933888/2097152
[36;22m[DEBUG] [39;1msnarkJS[0m: processing: betaTauG1: 950272/2097152
[36;22m[DEBUG] [39;1msnarkJS[0m: processing: betaTauG1: 966656/2097152
[36;22m[DEBUG] [39;1msnarkJS[0m: processing: betaTauG1: 983040/2097152
[36;22m[DEBUG] [39;1msnarkJS[0m: processing: betaTauG1: 999424/2097152
[36;22m[DEBUG] [39;1msnarkJS[0m: processing: betaTauG1: 1015808/2097152
[36;22m[DEBUG] [39;1msnarkJS[0m: processing: betaTauG1: 1032192/2097152
[36;22m[DEBUG] [39;1msnarkJS[0m: processing: betaTauG1: 1048576/2097152
[36;22m[DEBUG] [39;1msnarkJS[0m: processing: betaTauG1: 1064960/2097152
[36;22m[DEBUG] [39;1msnarkJS[0m: processing: betaTauG1: 1081344/2097152
[36;22m[DEBUG] [39;1msnarkJS[0m: processing: betaTauG1: 1097728/2097152
[36;22m[DEBUG] [39;1msnarkJS[0m: processing: betaTauG1: 1114112/2097152
[36;22m[DEBUG] [39;1msnarkJS[0m: processing: betaTauG1: 1130496/2097152
[36;22m[DEBUG] [39;1msnarkJS[0m: processing: betaTauG1: 1146880/2097152
[36;22m[DEBUG] [39;1msnarkJS[0m: processing: betaTauG1: 1163264/2097152
[36;22m[DEBUG] [39;1msnarkJS[0m: processing: betaTauG1: 1179648/2097152
[36;22m[DEBUG] [39;1msnarkJS[0m: processing: betaTauG1: 1196032/2097152
[36;22m[DEBUG] [39;1msnarkJS[0m: processing: betaTauG1: 1212416/2097152
[36;22m[DEBUG] [39;1msnarkJS[0m: processing: betaTauG1: 1228800/2097152
[36;22m[DEBUG] [39;1msnarkJS[0m: processing: betaTauG1: 1245184/2097152
[36;22m[DEBUG] [39;1msnarkJS[0m: processing: betaTauG1: 1261568/2097152
[36;22m[DEBUG] [39;1msnarkJS[0m: processing: betaTauG1: 1277952/2097152
[36;22m[DEBUG] [39;1msnarkJS[0m: processing: betaTauG1: 1294336/2097152
[36;22m[DEBUG] [39;1msnarkJS[0m: processing: betaTauG1: 1310720/2097152
[36;22m[DEBUG] [39;1msnarkJS[0m: processing: betaTauG1: 1327104/2097152
[36;22m[DEBUG] [39;1msnarkJS[0m: processing: betaTauG1: 1343488/2097152
[36;22m[DEBUG] [39;1msnarkJS[0m: processing: betaTauG1: 1359872/2097152
[36;22m[DEBUG] [39;1msnarkJS[0m: processing: betaTauG1: 1376256/2097152
[36;22m[DEBUG] [39;1msnarkJS[0m: processing: betaTauG1: 1392640/2097152
[36;22m[DEBUG] [39;1msnarkJS[0m: processing: betaTauG1: 1409024/2097152
[36;22m[DEBUG] [39;1msnarkJS[0m: processing: betaTauG1: 1425408/2097152
[36;22m[DEBUG] [39;1msnarkJS[0m: processing: betaTauG1: 1441792/2097152
[36;22m[DEBUG] [39;1msnarkJS[0m: processing: betaTauG1: 1458176/2097152
[36;22m[DEBUG] [39;1msnarkJS[0m: processing: betaTauG1: 1474560/2097152
[36;22m[DEBUG] [39;1msnarkJS[0m: processing: betaTauG1: 1490944/2097152
[36;22m[DEBUG] [39;1msnarkJS[0m: processing: betaTauG1: 1507328/2097152
[36;22m[DEBUG] [39;1msnarkJS[0m: processing: betaTauG1: 1523712/2097152
[36;22m[DEBUG] [39;1msnarkJS[0m: processing: betaTauG1: 1540096/2097152
[36;22m[DEBUG] [39;1msnarkJS[0m: processing: betaTauG1: 1556480/2097152
[36;22m[DEBUG] [39;1msnarkJS[0m: processing: betaTauG1: 1572864/2097152
[36;22m[DEBUG] [39;1msnarkJS[0m: processing: betaTauG1: 1589248/2097152
[36;22m[DEBUG] [39;1msnarkJS[0m: processing: betaTauG1: 1605632/2097152
[36;22m[DEBUG] [39;1msnarkJS[0m: processing: betaTauG1: 1622016/2097152
[36;22m[DEBUG] [39;1msnarkJS[0m: processing: betaTauG1: 1638400/2097152
[36;22m[DEBUG] [39;1msnarkJS[0m: processing: betaTauG1: 1654784/2097152
[36;22m[DEBUG] [39;1msnarkJS[0m: processing: betaTauG1: 1671168/2097152
[36;22m[DEBUG] [39;1msnarkJS[0m: processing: betaTauG1: 1687552/2097152
[36;22m[DEBUG] [39;1msnarkJS[0m: processing: betaTauG1: 1703936/2097152
[36;22m[DEBUG] [39;1msnarkJS[0m: processing: betaTauG1: 1720320/2097152
[36;22m[DEBUG] [39;1msnarkJS[0m: processing: betaTauG1: 1736704/2097152
[36;22m[DEBUG] [39;1msnarkJS[0m: processing: betaTauG1: 1753088/2097152
[36;22m[DEBUG] [39;1msnarkJS[0m: processing: betaTauG1: 1769472/2097152
[36;22m[DEBUG] [39;1msnarkJS[0m: processing: betaTauG1: 1785856/2097152
[36;22m[DEBUG] [39;1msnarkJS[0m: processing: betaTauG1: 1802240/2097152
[36;22m[DEBUG] [39;1msnarkJS[0m: processing: betaTauG1: 1818624/2097152
[36;22m[DEBUG] [39;1msnarkJS[0m: processing: betaTauG1: 1835008/2097152
[36;22m[DEBUG] [39;1msnarkJS[0m: processing: betaTauG1: 1851392/2097152
[36;22m[DEBUG] [39;1msnarkJS[0m: processing: betaTauG1: 1867776/2097152
[36;22m[DEBUG] [39;1msnarkJS[0m: processing: betaTauG1: 1884160/2097152
[36;22m[DEBUG] [39;1msnarkJS[0m: processing: betaTauG1: 1900544/2097152
[36;22m[DEBUG] [39;1msnarkJS[0m: processing: betaTauG1: 1916928/2097152
[36;22m[DEBUG] [39;1msnarkJS[0m: processing: betaTauG1: 1933312/2097152
[36;22m[DEBUG] [39;1msnarkJS[0m: processing: betaTauG1: 1949696/2097152
[36;22m[DEBUG] [39;1msnarkJS[0m: processing: betaTauG1: 1966080/2097152
[36;22m[DEBUG] [39;1msnarkJS[0m: processing: betaTauG1: 1982464/2097152
[36;22m[DEBUG] [39;1msnarkJS[0m: processing: betaTauG1: 1998848/2097152
[36;22m[DEBUG] [39;1msnarkJS[0m: processing: betaTauG1: 2015232/2097152
[36;22m[DEBUG] [39;1msnarkJS[0m: processing: betaTauG1: 2031616/2097152
[36;22m[DEBUG] [39;1msnarkJS[0m: processing: betaTauG1: 2048000/2097152
[36;22m[DEBUG] [39;1msnarkJS[0m: processing: betaTauG1: 2064384/2097152
[36;22m[DEBUG] [39;1msnarkJS[0m: processing: betaTauG1: 2080768/2097152
[36;22m[DEBUG] [39;1msnarkJS[0m: processing: betaTauG2: 0/1
[32;22m[INFO]  [39;1msnarkJS[0m: Contribution Response Hash imported: 
		fac1708b 8b59302e 950e33da 8945835b
		742ee155 c1e8d136 d7a3fcdf 564da7f9
		6021f814 741284b1 ce15e77e 273f7323
		de5272c8 d61ba9f0 bb224a0c 0fc13dcc
[36;22m[DEBUG] [39;1msnarkJS[0m: Hashing tauG1: 262144
[36;22m[DEBUG] [39;1msnarkJS[0m: Hashing tauG1: 524288
[36;22m[DEBUG] [39;1msnarkJS[0m: Hashing tauG1: 786432
[36;22m[DEBUG] [39;1msnarkJS[0m: Hashing tauG1: 1048576
[36;22m[DEBUG] [39;1msnarkJS[0m: Hashing tauG1: 1310720
[36;22m[DEBUG] [39;1msnarkJS[0m: Hashing tauG1: 1572864
[36;22m[DEBUG] [39;1msnarkJS[0m: Hashing tauG1: 1835008
[36;22m[DEBUG] [39;1msnarkJS[0m: Hashing tauG1: 2097152
[36;22m[DEBUG] [39;1msnarkJS[0m: Hashing tauG1: 2359296
[36;22m[DEBUG] [39;1msnarkJS[0m: Hashing tauG1: 2621440
[36;22m[DEBUG] [39;1msnarkJS[0m: Hashing tauG1: 2883584
[36;22m[DEBUG] [39;1msnarkJS[0m: Hashing tauG1: 3145728
[36;22m[DEBUG] [39;1msnarkJS[0m: Hashing tauG1: 3407872
[36;22m[DEBUG] [39;1msnarkJS[0m: Hashing tauG1: 3670016
[36;22m[DEBUG] [39;1msnarkJS[0m: Hashing tauG1: 3932160
[36;22m[DEBUG] [39;1msnarkJS[0m: Hashing tauG2: 131072
[36;22m[DEBUG] [39;1msnarkJS[0m: Hashing tauG2: 262144
[36;22m[DEBUG] [39;1msnarkJS[0m: Hashing tauG2: 393216
[36;22m[DEBUG] [39;1msnarkJS[0m: Hashing tauG2: 524288
[36;22m[DEBUG] [39;1msnarkJS[0m: Hashing tauG2: 655360
[36;22m[DEBUG] [39;1msnarkJS[0m: Hashing tauG2: 786432
[36;22m[DEBUG] [39;1msnarkJS[0m: Hashing tauG2: 917504
[36;22m[DEBUG] [39;1msnarkJS[0m: Hashing tauG2: 1048576
[36;22m[DEBUG] [39;1msnarkJS[0m: Hashing tauG2: 1179648
[36;22m[DEBUG] [39;1msnarkJS[0m: Hashing tauG2: 1310720
[36;22m[DEBUG] [39;1msnarkJS[0m: Hashing tauG2: 1441792
[36;22m[DEBUG] [39;1msnarkJS[0m: Hashing tauG2: 1572864
[36;22m[DEBUG] [39;1msnarkJS[0m: Hashing tauG2: 1703936
[36;22m[DEBUG] [39;1msnarkJS[0m: Hashing tauG2: 1835008
[36;22m[DEBUG] [39;1msnarkJS[0m: Hashing tauG2: 1966080
[36;22m[DEBUG] [39;1msnarkJS[0m: Hashing alphaTauG1: 262144
[36;22m[DEBUG] [39;1msnarkJS[0m: Hashing alphaTauG1: 524288
[36;22m[DEBUG] [39;1msnarkJS[0m: Hashing alphaTauG1: 786432
[36;22m[DEBUG] [39;1msnarkJS[0m: Hashing alphaTauG1: 1048576
[36;22m[DEBUG] [39;1msnarkJS[0m: Hashing alphaTauG1: 1310720
[36;22m[DEBUG] [39;1msnarkJS[0m: Hashing alphaTauG1: 1572864
[36;22m[DEBUG] [39;1msnarkJS[0m: Hashing alphaTauG1: 1835008
[36;22m[DEBUG] [39;1msnarkJS[0m: Hashing betaTauG1: 262144
[36;22m[DEBUG] [39;1msnarkJS[0m: Hashing betaTauG1: 524288
[36;22m[DEBUG] [39;1msnarkJS[0m: Hashing betaTauG1: 786432
[36;22m[DEBUG] [39;1msnarkJS[0m: Hashing betaTauG1: 1048576
[36;22m[DEBUG] [39;1msnarkJS[0m: Hashing betaTauG1: 1310720
[36;22m[DEBUG] [39;1msnarkJS[0m: Hashing betaTauG1: 1572864
[36;22m[DEBUG] [39;1msnarkJS[0m: Hashing betaTauG1: 1835008
[32;22m[INFO]  [39;1msnarkJS[0m: Next Challenge Hash: 
		3c816487 15a785d3 399be092 51103dc7
		3b9b7bea 45eb46a3 4aaf2e9e 71d38dde
		689a8815 34b7311c 3259909b eb1ed70b
		b9e5fd7d 02d5bacd c65619bd fbef35ba
