# cmd : snarkjs powersoftau new bn128 21 pot21_0000.ptau -v
# cwd : /home/r24barbi/bench-out/20260825_120620/circuits/8192

[36;22m[DEBUG] [39;1msnarkJS[0m: tauG1: 100000
[36;22m[DEBUG] [39;1msnarkJS[0m: tauG1: 200000
[36;22m[DEBUG] [39;1msnarkJS[0m: tauG1: 300000
[36;22m[DEBUG] [39;1msnarkJS[0m: tauG1: 400000
[36;22m[DEBUG] [39;1msnarkJS[0m: tauG1: 500000
[36;22m[DEBUG] [39;1msnarkJS[0m: tauG1: 600000
[36;22m[DEBUG] [39;1msnarkJS[0m: tauG1: 700000
[36;22m[DEBUG] [39;1msnarkJS[0m: tauG1: 800000
[36;22m[DEBUG] [39;1msnarkJS[0m: tauG1: 900000
[36;22m[DEBUG] [39;1msnarkJS[0m: tauG1: 1000000
[36;22m[DEBUG] [39;1msnarkJS[0m: tauG1: 1100000
[36;22m[DEBUG] [39;1msnarkJS[0m: tauG1: 1200000
[36;22m[DEBUG] [39;1msnarkJS[0m: tauG1: 1300000
[36;22m[DEBUG] [39;1msnarkJS[0m: tauG1: 1400000
[36;22m[DEBUG] [39;1msnarkJS[0m: tauG1: 1500000
[36;22m[DEBUG] [39;1msnarkJS[0m: tauG1: 1600000
[36;22m[DEBUG] [39;1msnarkJS[0m: tauG1: 1700000
[36;22m[DEBUG] [39;1msnarkJS[0m: tauG1: 1800000
[36;22m[DEBUG] [39;1msnarkJS[0m: tauG1: 1900000
[36;22m[DEBUG] [39;1msnarkJS[0m: tauG1: 2000000
[36;22m[DEBUG] [39;1msnarkJS[0m: tauG1: 2100000
[36;22m[DEBUG] [39;1msnarkJS[0m: tauG1: 2200000
[36;22m[DEBUG] [39;1msnarkJS[0m: tauG1: 2300000
[36;22m[DEBUG] [39;1msnarkJS[0m: tauG1: 2400000
[36;22m[DEBUG] [39;1msnarkJS[0m: tauG1: 2500000
[36;22m[DEBUG] [39;1msnarkJS[0m: tauG1: 2600000
[36;22m[DEBUG] [39;1msnarkJS[0m: tauG1: 2700000
[36;22m[DEBUG] [39;1msnarkJS[0m: tauG1: 2800000
[36;22m[DEBUG] [39;1msnarkJS[0m: tauG1: 2900000
[36;22m[DEBUG] [39;1msnarkJS[0m: tauG1: 3000000
[36;22m[DEBUG] [39;1msnarkJS[0m: tauG1: 3100000
[36;22m[DEBUG] [39;1msnarkJS[0m: tauG1: 3200000
[36;22m[DEBUG] [39;1msnarkJS[0m: tauG1: 3300000
[36;22m[DEBUG] [39;1msnarkJS[0m: tauG1: 3400000
[36;22m[DEBUG] [39;1msnarkJS[0m: tauG1: 3500000
[36;22m[DEBUG] [39;1msnarkJS[0m: tauG1: 3600000
[36;22m[DEBUG] [39;1msnarkJS[0m: tauG1: 3700000
[36;22m[DEBUG] [39;1msnarkJS[0m: tauG1: 3800000
[36;22m[DEBUG] [39;1msnarkJS[0m: tauG1: 3900000
[36;22m[DEBUG] [39;1msnarkJS[0m: tauG1: 4000000
[36;22m[DEBUG] [39;1msnarkJS[0m: tauG1: 4100000
[36;22m[DEBUG] [39;1msnarkJS[0m: tauG2: 100000
[36;22m[DEBUG] [39;1msnarkJS[0m: tauG2: 200000
[36;22m[DEBUG] [39;1msnarkJS[0m: tauG2: 300000
[36;22m[DEBUG] [39;1msnarkJS[0m: tauG2: 400000
[36;22m[DEBUG] [39;1msnarkJS[0m: tauG2: 500000
[36;22m[DEBUG] [39;1msnarkJS[0m: tauG2: 600000
[36;22m[DEBUG] [39;1msnarkJS[0m: tauG2: 700000
[36;22m[DEBUG] [39;1msnarkJS[0m: tauG2: 800000
[36;22m[DEBUG] [39;1msnarkJS[0m: tauG2: 900000
[36;22m[DEBUG] [39;1msnarkJS[0m: tauG2: 1000000
[36;22m[DEBUG] [39;1msnarkJS[0m: tauG2: 1100000
[36;22m[DEBUG] [39;1msnarkJS[0m: tauG2: 1200000
[36;22m[DEBUG] [39;1msnarkJS[0m: tauG2: 1300000
[36;22m[DEBUG] [39;1msnarkJS[0m: tauG2: 1400000
[36;22m[DEBUG] [39;1msnarkJS[0m: tauG2: 1500000
[36;22m[DEBUG] [39;1msnarkJS[0m: tauG2: 1600000
[36;22m[DEBUG] [39;1msnarkJS[0m: tauG2: 1700000
[36;22m[DEBUG] [39;1msnarkJS[0m: tauG2: 1800000
[36;22m[DEBUG] [39;1msnarkJS[0m: tauG2: 1900000
[36;22m[DEBUG] [39;1msnarkJS[0m: tauG2: 2000000
[36;22m[DEBUG] [39;1msnarkJS[0m: alphaTauG1: 100000
[36;22m[DEBUG] [39;1msnarkJS[0m: alphaTauG1: 200000
[36;22m[DEBUG] [39;1msnarkJS[0m: alphaTauG1: 300000
[36;22m[DEBUG] [39;1msnarkJS[0m: alphaTauG1: 400000
[36;22m[DEBUG] [39;1msnarkJS[0m: alphaTauG1: 500000
[36;22m[DEBUG] [39;1msnarkJS[0m: alphaTauG1: 600000
[36;22m[DEBUG] [39;1msnarkJS[0m: alphaTauG1: 700000
[36;22m[DEBUG] [39;1msnarkJS[0m: alphaTauG1: 800000
[36;22m[DEBUG] [39;1msnarkJS[0m: alphaTauG1: 900000
[36;22m[DEBUG] [39;1msnarkJS[0m: alphaTauG1: 1000000
[36;22m[DEBUG] [39;1msnarkJS[0m: alphaTauG1: 1100000
[36;22m[DEBUG] [39;1msnarkJS[0m: alphaTauG1: 1200000
[36;22m[DEBUG] [39;1msnarkJS[0m: alphaTauG1: 1300000
[36;22m[DEBUG] [39;1msnarkJS[0m: alphaTauG1: 1400000
[36;22m[DEBUG] [39;1msnarkJS[0m: alphaTauG1: 1500000
[36;22m[DEBUG] [39;1msnarkJS[0m: alphaTauG1: 1600000
[36;22m[DEBUG] [39;1msnarkJS[0m: alphaTauG1: 1700000
[36;22m[DEBUG] [39;1msnarkJS[0m: alphaTauG1: 1800000
[36;22m[DEBUG] [39;1msnarkJS[0m: alphaTauG1: 1900000
[36;22m[DEBUG] [39;1msnarkJS[0m: alphaTauG1: 2000000
[36;22m[DEBUG] [39;1msnarkJS[0m: betaTauG1: 100000
[36;22m[DEBUG] [39;1msnarkJS[0m: betaTauG1: 200000
[36;22m[DEBUG] [39;1msnarkJS[0m: betaTauG1: 300000
[36;22m[DEBUG] [39;1msnarkJS[0m: betaTauG1: 400000
[36;22m[DEBUG] [39;1msnarkJS[0m: betaTauG1: 500000
[36;22m[DEBUG] [39;1msnarkJS[0m: betaTauG1: 600000
[36;22m[DEBUG] [39;1msnarkJS[0m: betaTauG1: 700000
[36;22m[DEBUG] [39;1msnarkJS[0m: betaTauG1: 800000
[36;22m[DEBUG] [39;1msnarkJS[0m: betaTauG1: 900000
[36;22m[DEBUG] [39;1msnarkJS[0m: betaTauG1: 1000000
[36;22m[DEBUG] [39;1msnarkJS[0m: betaTauG1: 1100000
[36;22m[DEBUG] [39;1msnarkJS[0m: betaTauG1: 1200000
[36;22m[DEBUG] [39;1msnarkJS[0m: betaTauG1: 1300000
[36;22m[DEBUG] [39;1msnarkJS[0m: betaTauG1: 1400000
[36;22m[DEBUG] [39;1msnarkJS[0m: betaTauG1: 1500000
[36;22m[DEBUG] [39;1msnarkJS[0m: betaTauG1: 1600000
[36;22m[DEBUG] [39;1msnarkJS[0m: betaTauG1: 1700000
[36;22m[DEBUG] [39;1msnarkJS[0m: betaTauG1: 1800000
[36;22m[DEBUG] [39;1msnarkJS[0m: betaTauG1: 1900000
[36;22m[DEBUG] [39;1msnarkJS[0m: betaTauG1: 2000000
[36;22m[DEBUG] [39;1msnarkJS[0m: Calculating First Challenge Hash
[36;22m[DEBUG] [39;1msnarkJS[0m: Calculate Initial Hash: tauG1
[36;22m[DEBUG] [39;1msnarkJS[0m: Initial hash: 0
[36;22m[DEBUG] [39;1msnarkJS[0m: Initial hash: 341000
[36;22m[DEBUG] [39;1msnarkJS[0m: Initial hash: 682000
[36;22m[DEBUG] [39;1msnarkJS[0m: Initial hash: 1023000
[36;22m[DEBUG] [39;1msnarkJS[0m: Initial hash: 1364000
[36;22m[DEBUG] [39;1msnarkJS[0m: Initial hash: 1705000
[36;22m[DEBUG] [39;1msnarkJS[0m: Initial hash: 2046000
[36;22m[DEBUG] [39;1msnarkJS[0m: Initial hash: 2387000
[36;22m[DEBUG] [39;1msnarkJS[0m: Initial hash: 2728000
[36;22m[DEBUG] [39;1msnarkJS[0m: Initial hash: 3069000
[36;22m[DEBUG] [39;1msnarkJS[0m: Initial hash: 3410000
[36;22m[DEBUG] [39;1msnarkJS[0m: Initial hash: 3751000
[36;22m[DEBUG] [39;1msnarkJS[0m: Calculate Initial Hash: tauG2
[36;22m[DEBUG] [39;1msnarkJS[0m: Initial hash: 0
[36;22m[DEBUG] [39;1msnarkJS[0m: Initial hash: 341000
[36;22m[DEBUG] [39;1msnarkJS[0m: Initial hash: 682000
[36;22m[DEBUG] [39;1msnarkJS[0m: Initial hash: 1023000
[36;22m[DEBUG] [39;1msnarkJS[0m: Initial hash: 1364000
[36;22m[DEBUG] [39;1msnarkJS[0m: Initial hash: 1705000
[36;22m[DEBUG] [39;1msnarkJS[0m: Calculate Initial Hash: alphaTauG1
[36;22m[DEBUG] [39;1msnarkJS[0m: Initial hash: 0
[36;22m[DEBUG] [39;1msnarkJS[0m: Initial hash: 341000
[36;22m[DEBUG] [39;1msnarkJS[0m: Initial hash: 682000
[36;22m[DEBUG] [39;1msnarkJS[0m: Initial hash: 1023000
[36;22m[DEBUG] [39;1msnarkJS[0m: Initial hash: 1364000
[36;22m[DEBUG] [39;1msnarkJS[0m: Initial hash: 1705000
[36;22m[DEBUG] [39;1msnarkJS[0m: Calculate Initial Hash: betaTauG1
[36;22m[DEBUG] [39;1msnarkJS[0m: Initial hash: 0
[36;22m[DEBUG] [39;1msnarkJS[0m: Initial hash: 341000
[36;22m[DEBUG] [39;1msnarkJS[0m: Initial hash: 682000
[36;22m[DEBUG] [39;1msnarkJS[0m: Initial hash: 1023000
[36;22m[DEBUG] [39;1msnarkJS[0m: Initial hash: 1364000
[36;22m[DEBUG] [39;1msnarkJS[0m: Initial hash: 1705000
[36;22m[DEBUG] [39;1msnarkJS[0m: Blank Contribution Hash:
		786a02f7 42015903 c6c6fd85 2552d272
		912f4740 e1584761 8a86e217 f71f5419
		d25e1031 afee5853 13896444 934eb04b
		903a685b 1448b755 d56f701a fe9be2ce
[32;22m[INFO]  [39;1msnarkJS[0m: First Contribution Hash:
		d27e24af a6f9d228 93b89392 4ab30102
		3e558340 a2f0fe36 0497061d 7f91a659
		d6bcd234 67668ad9 2f65fb29 98da8690
		014a8341 cc795253 cec84fb8 7fe195b8
