# cmd : snarkjs zkey verify circuit.r1cs pot15_final.ptau circuit_final.zkey
# cwd : /mnt/c/Users/Barbi/Documents/Code/GitHub/Zero-Knowledge-Rollup/bench-out/20260814_104903/circuits/128

[32;22m[INFO]  [39;1msnarkJS[0m: Reading r1cs
[32;22m[INFO]  [39;1msnarkJS[0m: Reading tauG1
[32;22m[INFO]  [39;1msnarkJS[0m: Reading tauG2
[32;22m[INFO]  [39;1msnarkJS[0m: Reading alphatauG1
[32;22m[INFO]  [39;1msnarkJS[0m: Reading betatauG1
[32;22m[INFO]  [39;1msnarkJS[0m: Circuit hash: 
		74fe8a07 132ad1f1 1a3b8bf5 89505555
		fe96c9c2 e6987973 94b2fd01 c6bbacec
		27734486 29cb88f9 00c9d8cf dbdcbc77
		763d9140 78bf8bd2 e107272a b150a4a5
[32;22m[INFO]  [39;1msnarkJS[0m: Circuit Hash: 
		74fe8a07 132ad1f1 1a3b8bf5 89505555
		fe96c9c2 e6987973 94b2fd01 c6bbacec
		27734486 29cb88f9 00c9d8cf dbdcbc77
		763d9140 78bf8bd2 e107272a b150a4a5
[32;22m[INFO]  [39;1msnarkJS[0m: -------------------------
[32;22m[INFO]  [39;1msnarkJS[0m: contribution #4 Final Beacon phase2:
		84ec1668 64c7ec74 40a8fdf8 c80a2a7e
		d000d9e2 1bc9db35 9f9399d3 c6e6163c
		81aa5948 dfa9bf24 87a400db 05589a8a
		0b46ca66 3a479787 73b197d6 46e83120
[32;22m[INFO]  [39;1msnarkJS[0m: Beacon generator: 0102030405060708090a0b0c0d0e0f101112131515161718191a1b1c1d1e1f
[32;22m[INFO]  [39;1msnarkJS[0m: Beacon iterations Exp: 10
[32;22m[INFO]  [39;1msnarkJS[0m: -------------------------
[32;22m[INFO]  [39;1msnarkJS[0m: contribution #3 Third contribution:
		b53a720a f483d862 92670397 60d60d56
		ce9f2fea ec186aab 139a2b73 bd67fe89
		e64c7299 41bcd2f0 8c421f58 db0ee783
		ea85ba4c c8c1c442 9a9fe370 8d59f98f
[32;22m[INFO]  [39;1msnarkJS[0m: -------------------------
[32;22m[INFO]  [39;1msnarkJS[0m: contribution #2 2nd Contributor:
		b64af7d2 f19005bf b24bd1e7 90a624d7
		5e2a489d aef5c7b8 18661797 2aa8143e
		49d7d182 67d1c62f 8c33976c 1609258b
		b54e713c 6cccad61 a8344737 80f8693f
[32;22m[INFO]  [39;1msnarkJS[0m: -------------------------
[32;22m[INFO]  [39;1msnarkJS[0m: contribution #1 1st Contributor:
		abc6f3b3 e28122e4 6d20c700 772ae683
		f189b445 4ea955c0 506174ae 0007164e
		19c330f4 a6f85c89 56b9ab23 1a3a8548
		e8ea1269 0ae3d8a1 e3ed8ca5 bfc85b08
[32;22m[INFO]  [39;1msnarkJS[0m: -------------------------
[32;22m[INFO]  [39;1msnarkJS[0m: ZKey Ok!
