# cmd : snarkjs powersoftau verify pot15_final.ptau
# cwd : /mnt/c/Users/Barbi/Documents/Code/GitHub/Zero-Knowledge-Rollup/bench-out/20260814_104903/circuits/128

[32;22m[INFO]  [39;1msnarkJS[0m: Powers Of tau file OK!
[32;22m[INFO]  [39;1msnarkJS[0m: Next challenge hash: 
		f919239b e20ee91c 24aea7ad 632afa56
		792ffe8c d8246275 62e00282 85c2c3ba
		daa825e0 b48c1cab 1184511e 1258b4bf
		40184ab6 2125fc26 ffcd7204 a72d907d
[32;22m[INFO]  [39;1msnarkJS[0m: -----------------------------------------------------
[32;22m[INFO]  [39;1msnarkJS[0m: Contribution #4: Final Beacon
[32;22m[INFO]  [39;1msnarkJS[0m: Next Challenge: 
		f919239b e20ee91c 24aea7ad 632afa56
		792ffe8c d8246275 62e00282 85c2c3ba
		daa825e0 b48c1cab 1184511e 1258b4bf
		40184ab6 2125fc26 ffcd7204 a72d907d
[32;22m[INFO]  [39;1msnarkJS[0m: Response Hash:
		0e0801dc a0083f4d d62a8edb a565dce1
		d73b3ab8 88e3a8d0 b22c7db3 484b90c9
		61604c8c f9143bcf 44dd33c4 aacdf97a
		149a283a 6c601f69 b4e92e1d 0ef0a402
[32;22m[INFO]  [39;1msnarkJS[0m: Response Hash:
		d8f14f21 1b3a519f ee6231f9 2e39dafb
		d206627e aa216fc3 61ed725f 9cca3c88
		6be20d96 595cc11e 1d51d8df d114531f
		96c49490 08855516 4b3b7d7e 6442670e
[32;22m[INFO]  [39;1msnarkJS[0m: Beacon generator: 0102030405060708090a0b0c0d0e0f101112131015161718191a1b1c1d1e1f
[32;22m[INFO]  [39;1msnarkJS[0m: Beacon iterations Exp: 10
[32;22m[INFO]  [39;1msnarkJS[0m: Powers Of tau file OK!
[32;22m[INFO]  [39;1msnarkJS[0m: -----------------------------------------------------
[32;22m[INFO]  [39;1msnarkJS[0m: Contribution #3: Third contribution
[32;22m[INFO]  [39;1msnarkJS[0m: Next Challenge: 
		d8f14f21 1b3a519f ee6231f9 2e39dafb
		d206627e aa216fc3 61ed725f 9cca3c88
		6be20d96 595cc11e 1d51d8df d114531f
		96c49490 08855516 4b3b7d7e 6442670e
[32;22m[INFO]  [39;1msnarkJS[0m: Response Hash:
		6af53873 b23c3539 8b1840ad e26755d6
		734864b8 522e52ff 1db6a6d7 d22e3ee7
		72181d99 38aa9c4f 6cde3306 755d0c5a
		2912bd4f ee6a6915 87074c39 4175694f
[32;22m[INFO]  [39;1msnarkJS[0m: Response Hash:
		f1f325cb f115c78f deb4c526 5ce2dabb
		bbf84b48 19400569 65bd983c c8867475
		e69329e8 df9064ce addf96f1 88787e40
		9d5cc68b 87f24b65 cf698ca6 f3e31480
[32;22m[INFO]  [39;1msnarkJS[0m: Powers Of tau file OK!
[32;22m[INFO]  [39;1msnarkJS[0m: -----------------------------------------------------
[32;22m[INFO]  [39;1msnarkJS[0m: Contribution #2: Second contribution
[32;22m[INFO]  [39;1msnarkJS[0m: Next Challenge: 
		f1f325cb f115c78f deb4c526 5ce2dabb
		bbf84b48 19400569 65bd983c c8867475
		e69329e8 df9064ce addf96f1 88787e40
		9d5cc68b 87f24b65 cf698ca6 f3e31480
[32;22m[INFO]  [39;1msnarkJS[0m: Response Hash:
		c6c7ac26 c9d95f34 5461a3e8 2aa00e17
		76488a09 85fea12a 150296f9 ae46dc34
		fa106ae8 b89ebd7f 5dcdd260 90eab1ab
		232f08de 842bbc61 09c4be21 60cfe599
[32;22m[INFO]  [39;1msnarkJS[0m: Response Hash:
		d5557de4 8ce16a7a 032dd7ae d0a79a93
		8ec851d7 fb03374d da1f25e5 a6877ac6
		8401df15 6457d071 f9cbdfe6 e29a6017
		6b805387 8560987f 04d60f6e 22f51138
[32;22m[INFO]  [39;1msnarkJS[0m: Powers Of tau file OK!
[32;22m[INFO]  [39;1msnarkJS[0m: -----------------------------------------------------
[32;22m[INFO]  [39;1msnarkJS[0m: Contribution #1: First contribution
[32;22m[INFO]  [39;1msnarkJS[0m: Next Challenge: 
		d5557de4 8ce16a7a 032dd7ae d0a79a93
		8ec851d7 fb03374d da1f25e5 a6877ac6
		8401df15 6457d071 f9cbdfe6 e29a6017
		6b805387 8560987f 04d60f6e 22f51138
[32;22m[INFO]  [39;1msnarkJS[0m: Response Hash:
		2b250c59 2e324bfb 6df968d0 8ee9dd81
		89084f35 b03225d8 ecf5d3c7 1185286e
		b53a8cad bbbcd446 6f4c7d24 9feba017
		42ef26dc 54fb0bc5 c3dd0c4f e7195c4a
[32;22m[INFO]  [39;1msnarkJS[0m: Response Hash:
		eca6f514 b89180fc fc6bf9f8 81a5670c
		45419054 f1f6fec9 3628d6d1 bf995fbf
		677d427c d40a7c05 ebb14fe5 ee96aff2
		b4994dc0 e2904852 b408a9e7 fe36a02e
[32;22m[INFO]  [39;1msnarkJS[0m: -----------------------------------------------------
[32;22m[INFO]  [39;1msnarkJS[0m: Powers of Tau Ok!
