# cmd : snarkjs zkey verify circuit.r1cs pot12_final.ptau circuit_0003.zkey
# cwd : /mnt/c/Users/Barbi/Documents/Code/GitHub/Zero-Knowledge-Rollup/bench-out/20260814_104903/circuits/16

[32;22m[INFO]  [39;1msnarkJS[0m: Reading r1cs
[32;22m[INFO]  [39;1msnarkJS[0m: Reading tauG1
[32;22m[INFO]  [39;1msnarkJS[0m: Reading tauG2
[32;22m[INFO]  [39;1msnarkJS[0m: Reading alphatauG1
[32;22m[INFO]  [39;1msnarkJS[0m: Reading betatauG1
[32;22m[INFO]  [39;1msnarkJS[0m: Circuit hash: 
		5727dcb4 2e10c9a1 94e1395f 89c0d725
		030e6e30 377429aa 107f8115 26a3c309
		60e3f695 d11ad842 2f7bd942 17063a53
		5ecd9ad6 215099e4 713a2b11 a18820ce
[32;22m[INFO]  [39;1msnarkJS[0m: Circuit Hash: 
		5727dcb4 2e10c9a1 94e1395f 89c0d725
		030e6e30 377429aa 107f8115 26a3c309
		60e3f695 d11ad842 2f7bd942 17063a53
		5ecd9ad6 215099e4 713a2b11 a18820ce
[32;22m[INFO]  [39;1msnarkJS[0m: -------------------------
[32;22m[INFO]  [39;1msnarkJS[0m: contribution #3 Third contribution:
		18383329 3e2b9698 ac11d3b5 65b91710
		f8da06dd c609014e 57f708cf d7dfc605
		99699e91 28c7a007 27cd8dd3 e15059b0
		ade4e3b3 41d0185d 0abdb1f7 4dc45bf2
[32;22m[INFO]  [39;1msnarkJS[0m: -------------------------
[32;22m[INFO]  [39;1msnarkJS[0m: contribution #2 2nd Contributor:
		f4ab4978 2bad12ac abe3f3ba de4ae91a
		4685ba77 9e83da69 ab644ab5 f0fe8ed3
		b1dc228e 46b7153b 90253bca d214a88b
		17c00313 666747f4 dc32ff3b c42a9090
[32;22m[INFO]  [39;1msnarkJS[0m: -------------------------
[32;22m[INFO]  [39;1msnarkJS[0m: contribution #1 1st Contributor:
		6cd5b07b 859eb093 183b2ef4 be95a973
		0a9dad3f c598aa28 34db5c11 ee5f02e5
		ce2e453f c4ec4735 22848af5 0273e973
		d299bfe9 aad43c29 01155c0f 97ac8ba4
[32;22m[INFO]  [39;1msnarkJS[0m: -------------------------
[32;22m[INFO]  [39;1msnarkJS[0m: ZKey Ok!
