# cmd : snarkjs powersoftau verify pot12_final.ptau
# cwd : /mnt/c/Users/Barbi/Documents/Code/GitHub/Zero-Knowledge-Rollup/bench-out/20260814_104903/circuits/16

[32;22m[INFO]  [39;1msnarkJS[0m: Powers Of tau file OK!
[32;22m[INFO]  [39;1msnarkJS[0m: Next challenge hash: 
		f7248667 db06b051 4430abcd 525384d7
		529ee6ba f3c0b2d6 154cfa2a ac80694e
		8aa803aa aa89ccb8 7d287bc6 5ade4b3a
		da5ab673 7384a3e9 289fc586 98d9710b
[32;22m[INFO]  [39;1msnarkJS[0m: -----------------------------------------------------
[32;22m[INFO]  [39;1msnarkJS[0m: Contribution #4: Final Beacon
[32;22m[INFO]  [39;1msnarkJS[0m: Next Challenge: 
		f7248667 db06b051 4430abcd 525384d7
		529ee6ba f3c0b2d6 154cfa2a ac80694e
		8aa803aa aa89ccb8 7d287bc6 5ade4b3a
		da5ab673 7384a3e9 289fc586 98d9710b
[32;22m[INFO]  [39;1msnarkJS[0m: Response Hash:
		84dcf8ad e1c80777 23f4b488 866a829e
		0713fa4f 1b1cd4f9 567bee39 0be04cc4
		a5231415 1699e554 2c40e6e5 86911656
		fff20753 d0e1c728 1734c8c6 b206b47c
[32;22m[INFO]  [39;1msnarkJS[0m: Response Hash:
		74273e06 b21ebca7 be9e8322 d98d331a
		0ddb1aba e1d2ef19 95ac1e97 f1210710
		9ded50da 27e36fde be5fba1a 9d7c4d8d
		83638701 d8cb2ac8 a601c1ee 96c569af
[32;22m[INFO]  [39;1msnarkJS[0m: Beacon generator: 0102030405060708090a0b0c0d0e0f101112131015161718191a1b1c1d1e1f
[32;22m[INFO]  [39;1msnarkJS[0m: Beacon iterations Exp: 10
[32;22m[INFO]  [39;1msnarkJS[0m: Powers Of tau file OK!
[32;22m[INFO]  [39;1msnarkJS[0m: -----------------------------------------------------
[32;22m[INFO]  [39;1msnarkJS[0m: Contribution #3: Third contribution
[32;22m[INFO]  [39;1msnarkJS[0m: Next Challenge: 
		74273e06 b21ebca7 be9e8322 d98d331a
		0ddb1aba e1d2ef19 95ac1e97 f1210710
		9ded50da 27e36fde be5fba1a 9d7c4d8d
		83638701 d8cb2ac8 a601c1ee 96c569af
[32;22m[INFO]  [39;1msnarkJS[0m: Response Hash:
		4f4f2245 4807368e 412b8670 d124213f
		c117d283 d41a9a66 88100354 7392481a
		7d389834 995dad43 23de3e42 48762af5
		e5e01959 491c6495 952710bb dad35ac0
[32;22m[INFO]  [39;1msnarkJS[0m: Response Hash:
		5a95738a f036f7cd 675b7fb7 f617410f
		210a8fc4 71a1feee cbd583d6 e282888d
		9310e9c0 9ae132f5 629b78c5 2c239ac8
		d53ff9d8 fb89a06d 77a44ab2 c262ec9a
[32;22m[INFO]  [39;1msnarkJS[0m: Powers Of tau file OK!
[32;22m[INFO]  [39;1msnarkJS[0m: -----------------------------------------------------
[32;22m[INFO]  [39;1msnarkJS[0m: Contribution #2: Second contribution
[32;22m[INFO]  [39;1msnarkJS[0m: Next Challenge: 
		5a95738a f036f7cd 675b7fb7 f617410f
		210a8fc4 71a1feee cbd583d6 e282888d
		9310e9c0 9ae132f5 629b78c5 2c239ac8
		d53ff9d8 fb89a06d 77a44ab2 c262ec9a
[32;22m[INFO]  [39;1msnarkJS[0m: Response Hash:
		e380b7ca 33274caf e18bb20a 85a2dbde
		c928912c d4176118 4f994505 7d14f92d
		8b5bd268 c99565a5 c9829d83 629553ae
		7d32bb7f b39270f3 9a4a457f 0c3ca6be
[32;22m[INFO]  [39;1msnarkJS[0m: Response Hash:
		d00ce632 54af3549 53089364 9f39bf15
		bb4016a0 8653f186 ef3a1247 694b2875
		8fa65ddc b0cf0ac3 1d07da92 afb0b7e0
		a006f504 aafdbd8c 490e4451 6c2aa815
[32;22m[INFO]  [39;1msnarkJS[0m: Powers Of tau file OK!
[32;22m[INFO]  [39;1msnarkJS[0m: -----------------------------------------------------
[32;22m[INFO]  [39;1msnarkJS[0m: Contribution #1: First contribution
[32;22m[INFO]  [39;1msnarkJS[0m: Next Challenge: 
		d00ce632 54af3549 53089364 9f39bf15
		bb4016a0 8653f186 ef3a1247 694b2875
		8fa65ddc b0cf0ac3 1d07da92 afb0b7e0
		a006f504 aafdbd8c 490e4451 6c2aa815
[32;22m[INFO]  [39;1msnarkJS[0m: Response Hash:
		d39a1766 52507425 9b22a702 25c38b24
		69e2f4a0 149f361e b7de3803 853da92a
		a9174860 45d19d5a 45bb0898 a47cc554
		67d005d2 e0d7d6d8 30c17c17 6395f138
[32;22m[INFO]  [39;1msnarkJS[0m: Response Hash:
		9e63a5f6 2b96538d aaed2372 481920d1
		a40b9195 9ea38ef9 f5f6a303 3b886516
		0710d067 c09d0961 5f928ea5 17bcdf49
		ad75abd2 c8340b40 0e3b18e9 68b4ffef
[32;22m[INFO]  [39;1msnarkJS[0m: -----------------------------------------------------
[32;22m[INFO]  [39;1msnarkJS[0m: Powers of Tau Ok!
