# cmd : snarkjs zkey verify circuit.r1cs pot8_final.ptau circuit_final.zkey
# cwd : /mnt/c/Users/Barbi/Documents/Code/GitHub/Zero-Knowledge-Rollup/bench-out/20260814_104903/circuits/1

[32;22m[INFO]  [39;1msnarkJS[0m: Reading r1cs
[32;22m[INFO]  [39;1msnarkJS[0m: Reading tauG1
[32;22m[INFO]  [39;1msnarkJS[0m: Reading tauG2
[32;22m[INFO]  [39;1msnarkJS[0m: Reading alphatauG1
[32;22m[INFO]  [39;1msnarkJS[0m: Reading betatauG1
[32;22m[INFO]  [39;1msnarkJS[0m: Circuit hash: 
		1be57e13 b38b15d6 460a3c2c 0b451086
		408eb97d 782c6474 54b6eede f04fa91e
		c029d889 2191f5d4 e5521cb4 6f4eb58d
		33851ea1 ec6da84e e996983c 16679a86
[32;22m[INFO]  [39;1msnarkJS[0m: Circuit Hash: 
		1be57e13 b38b15d6 460a3c2c 0b451086
		408eb97d 782c6474 54b6eede f04fa91e
		c029d889 2191f5d4 e5521cb4 6f4eb58d
		33851ea1 ec6da84e e996983c 16679a86
[32;22m[INFO]  [39;1msnarkJS[0m: -------------------------
[32;22m[INFO]  [39;1msnarkJS[0m: contribution #4 Final Beacon phase2:
		46b0e35c ac0abfaa 9038cf4f fc10a95d
		901bd976 1504c599 e7504fea 69aad98f
		bceeb78b ee0b3343 5f416b19 bdf24914
		b0fb4b45 ca7749d5 671f585b eb02dbb3
[32;22m[INFO]  [39;1msnarkJS[0m: Beacon generator: 0102030405060708090a0b0c0d0e0f101112131515161718191a1b1c1d1e1f
[32;22m[INFO]  [39;1msnarkJS[0m: Beacon iterations Exp: 10
[32;22m[INFO]  [39;1msnarkJS[0m: -------------------------
[32;22m[INFO]  [39;1msnarkJS[0m: contribution #3 Third contribution:
		d87e7d62 573f58d9 9e9eec53 6178fa1e
		f5b7b72a 582e194e 89672fc2 0f5d5b2e
		9e5a5b0f 83fc45af 0d6cc015 68516d9e
		033e1267 777e1f23 38586b70 ebd5d2ed
[32;22m[INFO]  [39;1msnarkJS[0m: -------------------------
[32;22m[INFO]  [39;1msnarkJS[0m: contribution #2 2nd Contributor:
		eca5a846 b9dbcbbe 9778402f b6c6f089
		3082bddd da27aee1 c6735480 b6c07b7c
		3e567b30 4dd1ea60 7c276e81 671a85af
		035cd0bb a786b6c9 26afcd04 439f17b5
[32;22m[INFO]  [39;1msnarkJS[0m: -------------------------
[32;22m[INFO]  [39;1msnarkJS[0m: contribution #1 1st Contributor:
		618447b2 6c96fd40 fd459b5b 46eaf194
		0c273f3a fc82e1dd 32cb090f eef5c83d
		c346af8d 92326161 e244bd27 c695eee2
		51b9a4fd d1ae41dd 783f4374 a02b5a5d
[32;22m[INFO]  [39;1msnarkJS[0m: -------------------------
[32;22m[INFO]  [39;1msnarkJS[0m: ZKey Ok!
