# cmd : snarkjs powersoftau verify pot9_0003.ptau
# cwd : /mnt/c/Users/Barbi/Documents/Code/GitHub/Zero-Knowledge-Rollup/bench-out/20260814_104903/circuits/2

[32;22m[INFO]  [39;1msnarkJS[0m: Powers Of tau file OK!
[32;22m[INFO]  [39;1msnarkJS[0m: Next challenge hash: 
		242c4d4d 7d6992e7 111a7ea6 3c967e7c
		6a7b4a46 da7344a4 773effda 12eb8cd2
		1389d745 c658f504 9b57ea85 42c65c9c
		1209eea0 309b575b aab62d73 b7fd4ef4
[32;22m[INFO]  [39;1msnarkJS[0m: -----------------------------------------------------
[32;22m[INFO]  [39;1msnarkJS[0m: Contribution #3: Third contribution
[32;22m[INFO]  [39;1msnarkJS[0m: Next Challenge: 
		242c4d4d 7d6992e7 111a7ea6 3c967e7c
		6a7b4a46 da7344a4 773effda 12eb8cd2
		1389d745 c658f504 9b57ea85 42c65c9c
		1209eea0 309b575b aab62d73 b7fd4ef4
[32;22m[INFO]  [39;1msnarkJS[0m: Response Hash:
		c188f38f b8da3958 10cfea67 13feedb3
		da1c22bb 176d5e4f 079bc666 70c5375b
		8136d20d 7b44918b 0b3159eb 8f7d170a
		a1296bce 7a459d50 ac0ad7d0 859bfe0d
[32;22m[INFO]  [39;1msnarkJS[0m: Response Hash:
		21cded2c 4e17ab82 e82d9672 eeffe614
		98bcd115 9e41d300 7149fa3e 08290f01
		49abce01 95ea823a 478716f4 6fdf8b64
		8badc7d9 366518cb ccdfa32a b06460dd
[32;22m[INFO]  [39;1msnarkJS[0m: Powers Of tau file OK!
[32;22m[INFO]  [39;1msnarkJS[0m: -----------------------------------------------------
[32;22m[INFO]  [39;1msnarkJS[0m: Contribution #2: Second contribution
[32;22m[INFO]  [39;1msnarkJS[0m: Next Challenge: 
		21cded2c 4e17ab82 e82d9672 eeffe614
		98bcd115 9e41d300 7149fa3e 08290f01
		49abce01 95ea823a 478716f4 6fdf8b64
		8badc7d9 366518cb ccdfa32a b06460dd
[32;22m[INFO]  [39;1msnarkJS[0m: Response Hash:
		ac25db18 4895887e fbfa3727 97f2cabe
		31c9d4b3 08b74a4b e6d7b83f 2956a23e
		d341758e 7305239a 05fe2ee7 7855738c
		16c0e13b 5b3fa61c 9a188302 a236ab74
[32;22m[INFO]  [39;1msnarkJS[0m: Response Hash:
		91de12c1 f5ec6cbb a4c18cbd 15a2e11d
		8a34e65a 72003797 f4e6a04c cedcd955
		58c0f8b9 4ddebcc2 f8ec7df5 e7c52ae0
		8b098f59 b9b53db0 0b1f5139 049320dd
[32;22m[INFO]  [39;1msnarkJS[0m: Powers Of tau file OK!
[32;22m[INFO]  [39;1msnarkJS[0m: -----------------------------------------------------
[32;22m[INFO]  [39;1msnarkJS[0m: Contribution #1: First contribution
[32;22m[INFO]  [39;1msnarkJS[0m: Next Challenge: 
		91de12c1 f5ec6cbb a4c18cbd 15a2e11d
		8a34e65a 72003797 f4e6a04c cedcd955
		58c0f8b9 4ddebcc2 f8ec7df5 e7c52ae0
		8b098f59 b9b53db0 0b1f5139 049320dd
[32;22m[INFO]  [39;1msnarkJS[0m: Response Hash:
		4c3dbcf3 e72a24fa b06bbe76 09294e2b
		edd134db b9212f67 49d440ef 7d021756
		25af3179 45b5739e 1f10054b b0992b0e
		db2a318e 98273c8f 6e54f39c 82b2583a
[32;22m[INFO]  [39;1msnarkJS[0m: Response Hash:
		0d8118d8 d038768c 26c94392 51627e2a
		19293bf0 f18cf95c 7642d2f8 d736e739
		668138aa f900709e edb1b050 2a7577ab
		e16644ee 80313b09 a7f05c62 1980083f
[32;22m[INFO]  [39;1msnarkJS[0m: -----------------------------------------------------
[33;22m[WARN]  [39;1msnarkJS[0m: this file does not contain phase2 precalculated values. Please run: 
   snarkjs "powersoftau preparephase2" to prepare this file to be used in the phase2 ceremony.
[32;22m[INFO]  [39;1msnarkJS[0m: Powers of Tau Ok!
