# cmd : snarkjs powersoftau contribute pot9_0000.ptau pot9_0001.ptau --name="First contribution" -v -e="some random text"
# cwd : /mnt/c/Users/Barbi/Documents/Code/GitHub/Zero-Knowledge-Rollup/bench-out/20260814_104903/circuits/2

[36;22m[DEBUG] [39;1msnarkJS[0m: Calculating First Challenge Hash
[36;22m[DEBUG] [39;1msnarkJS[0m: Calculate Initial Hash: tauG1
[36;22m[DEBUG] [39;1msnarkJS[0m: Calculate Initial Hash: tauG2
[36;22m[DEBUG] [39;1msnarkJS[0m: Calculate Initial Hash: alphaTauG1
[36;22m[DEBUG] [39;1msnarkJS[0m: Calculate Initial Hash: betaTauG1
[36;22m[DEBUG] [39;1msnarkJS[0m: processing: tauG1: 0/1023
[36;22m[DEBUG] [39;1msnarkJS[0m: processing: tauG2: 0/512
[36;22m[DEBUG] [39;1msnarkJS[0m: processing: alphaTauG1: 0/512
[36;22m[DEBUG] [39;1msnarkJS[0m: processing: betaTauG1: 0/512
[36;22m[DEBUG] [39;1msnarkJS[0m: processing: betaTauG2: 0/1
[32;22m[INFO]  [39;1msnarkJS[0m: Contribution Response Hash imported: 
		4c3dbcf3 e72a24fa b06bbe76 09294e2b
		edd134db b9212f67 49d440ef 7d021756
		25af3179 45b5739e 1f10054b b0992b0e
		db2a318e 98273c8f 6e54f39c 82b2583a
[32;22m[INFO]  [39;1msnarkJS[0m: Next Challenge Hash: 
		91de12c1 f5ec6cbb a4c18cbd 15a2e11d
		8a34e65a 72003797 f4e6a04c cedcd955
		58c0f8b9 4ddebcc2 f8ec7df5 e7c52ae0
		8b098f59 b9b53db0 0b1f5139 049320dd
