# cmd : snarkjs zkey verify circuit.r1cs pot9_final.ptau circuit_final.zkey
# cwd : /mnt/c/Users/Barbi/Documents/Code/GitHub/Zero-Knowledge-Rollup/bench-out/20260814_104903/circuits/2

[32;22m[INFO]  [39;1msnarkJS[0m: Reading r1cs
[32;22m[INFO]  [39;1msnarkJS[0m: Reading tauG1
[32;22m[INFO]  [39;1msnarkJS[0m: Reading tauG2
[32;22m[INFO]  [39;1msnarkJS[0m: Reading alphatauG1
[32;22m[INFO]  [39;1msnarkJS[0m: Reading betatauG1
[32;22m[INFO]  [39;1msnarkJS[0m: Circuit hash: 
		93816e2e d0a0ef77 69eae98c 191e0320
		92e4bd7c c7eac670 1d187a57 9d919bdb
		1f69460d f59aae91 5adca5a7 a943f6b3
		1e0067c1 7fb35562 de64f1a2 7326455b
[32;22m[INFO]  [39;1msnarkJS[0m: Circuit Hash: 
		93816e2e d0a0ef77 69eae98c 191e0320
		92e4bd7c c7eac670 1d187a57 9d919bdb
		1f69460d f59aae91 5adca5a7 a943f6b3
		1e0067c1 7fb35562 de64f1a2 7326455b
[32;22m[INFO]  [39;1msnarkJS[0m: -------------------------
[32;22m[INFO]  [39;1msnarkJS[0m: contribution #4 Final Beacon phase2:
		e509759c 58e6f2a2 ab8c094b e776ba66
		767fa491 9633820a 48a4fa79 caa7b72b
		9b2adabe 399e7e44 a0d93da2 20ea0ef4
		e8573ba9 f87f870b c52074f5 99ae66ed
[32;22m[INFO]  [39;1msnarkJS[0m: Beacon generator: 0102030405060708090a0b0c0d0e0f101112131515161718191a1b1c1d1e1f
[32;22m[INFO]  [39;1msnarkJS[0m: Beacon iterations Exp: 10
[32;22m[INFO]  [39;1msnarkJS[0m: -------------------------
[32;22m[INFO]  [39;1msnarkJS[0m: contribution #3 Third contribution:
		a4c89ff7 8cce21a4 d0afa6c2 8c548a58
		094fe069 e63ab422 5a3b8a33 69510940
		cca3a815 a78418af 648d0ac2 652f0534
		261245b4 f8077f34 997fecfe 9b02531b
[32;22m[INFO]  [39;1msnarkJS[0m: -------------------------
[32;22m[INFO]  [39;1msnarkJS[0m: contribution #2 2nd Contributor:
		afd7ed0e c7a89c22 4780c86a e8b0ad5b
		39ac00b3 e858fca0 027e422c b1b6a871
		35d1b488 b18b43ee 0f6e18c1 b8a8e7e2
		ac377881 da7be6b0 08d1d298 3847f9e1
[32;22m[INFO]  [39;1msnarkJS[0m: -------------------------
[32;22m[INFO]  [39;1msnarkJS[0m: contribution #1 1st Contributor:
		c1ced355 b7e5668a fdb7b23e 7bc6b9a8
		75528148 d54fba58 c5b9a953 ffcd3c57
		4b125884 8de6bc0f de8523d1 2b4f10ae
		45b26c85 ef98c516 ceb5b2c1 16ec9433
[32;22m[INFO]  [39;1msnarkJS[0m: -------------------------
[32;22m[INFO]  [39;1msnarkJS[0m: ZKey Ok!
