# cmd : snarkjs powersoftau contribute pot13_0000.ptau pot13_0001.ptau --name="First contribution" -v -e="some random text"
# cwd : /mnt/c/Users/Barbi/Documents/Code/GitHub/Zero-Knowledge-Rollup/bench-out/20260814_104903/circuits/32

[36;22m[DEBUG] [39;1msnarkJS[0m: Calculating First Challenge Hash
[36;22m[DEBUG] [39;1msnarkJS[0m: Calculate Initial Hash: tauG1
[36;22m[DEBUG] [39;1msnarkJS[0m: Calculate Initial Hash: tauG2
[36;22m[DEBUG] [39;1msnarkJS[0m: Calculate Initial Hash: alphaTauG1
[36;22m[DEBUG] [39;1msnarkJS[0m: Calculate Initial Hash: betaTauG1
[36;22m[DEBUG] [39;1msnarkJS[0m: processing: tauG1: 0/16383
[36;22m[DEBUG] [39;1msnarkJS[0m: processing: tauG2: 0/8192
[36;22m[DEBUG] [39;1msnarkJS[0m: processing: alphaTauG1: 0/8192
[36;22m[DEBUG] [39;1msnarkJS[0m: processing: betaTauG1: 0/8192
[36;22m[DEBUG] [39;1msnarkJS[0m: processing: betaTauG2: 0/1
[32;22m[INFO]  [39;1msnarkJS[0m: Contribution Response Hash imported: 
		561b3773 3bbec9a1 f8f9ae3b f1044fe4
		c2247246 873aef86 4a7fd0a1 a155ca22
		ad2635f1 598c777f af6366c1 6c345519
		cc6dfee6 423b5449 8867119e b3c8813c
[32;22m[INFO]  [39;1msnarkJS[0m: Next Challenge Hash: 
		c99aef80 121d6587 7004b195 7f8e486b
		b989eec4 7a64a1ec 87ed3a1d d2e6f17f
		c2d9145a f3247c27 f1e5853d 2a4e47b4
		8e42068c 5b9af65e df8c9cd8 67f32139
