# cmd : snarkjs powersoftau verify pot13_0003.ptau
# cwd : /mnt/c/Users/Barbi/Documents/Code/GitHub/Zero-Knowledge-Rollup/bench-out/20260814_104903/circuits/32

[32;22m[INFO]  [39;1msnarkJS[0m: Powers Of tau file OK!
[32;22m[INFO]  [39;1msnarkJS[0m: Next challenge hash: 
		d76864ba 82f781e3 7cf154b5 c3a12c1f
		588e0f08 9f287999 d5e18b09 6b1fda0d
		c54e8d12 c89690f7 05e20cbe 351edca9
		8c7c7f71 7c9e53b7 8b31c2de bea5976e
[32;22m[INFO]  [39;1msnarkJS[0m: -----------------------------------------------------
[32;22m[INFO]  [39;1msnarkJS[0m: Contribution #3: Third contribution
[32;22m[INFO]  [39;1msnarkJS[0m: Next Challenge: 
		d76864ba 82f781e3 7cf154b5 c3a12c1f
		588e0f08 9f287999 d5e18b09 6b1fda0d
		c54e8d12 c89690f7 05e20cbe 351edca9
		8c7c7f71 7c9e53b7 8b31c2de bea5976e
[32;22m[INFO]  [39;1msnarkJS[0m: Response Hash:
		6190ed30 10509fa1 58f85d4b 3a27eca3
		dfd0218e f0269413 e2fba9bc f0b87897
		2d11aa7a 63b44025 3166d37f 8edea5fe
		65c01c89 077d80a0 37dd24ab 15fc8183
[32;22m[INFO]  [39;1msnarkJS[0m: Response Hash:
		ab5cb662 57a70d7d 1ff898a6 edc60d06
		2845bc40 28274f04 8e0bfcb3 dbf935a3
		ea32469f 8a6a6480 2a7b097d 957406ba
		9a7be39a 08065260 808f75fc ebd61b51
[32;22m[INFO]  [39;1msnarkJS[0m: Powers Of tau file OK!
[32;22m[INFO]  [39;1msnarkJS[0m: -----------------------------------------------------
[32;22m[INFO]  [39;1msnarkJS[0m: Contribution #2: Second contribution
[32;22m[INFO]  [39;1msnarkJS[0m: Next Challenge: 
		ab5cb662 57a70d7d 1ff898a6 edc60d06
		2845bc40 28274f04 8e0bfcb3 dbf935a3
		ea32469f 8a6a6480 2a7b097d 957406ba
		9a7be39a 08065260 808f75fc ebd61b51
[32;22m[INFO]  [39;1msnarkJS[0m: Response Hash:
		defa9dbb 2ce2b040 fb347cea 1fb8b05c
		e0c54640 80a0e910 0112cd2c 62e56bdb
		94387447 833c32e8 327bcd53 019c70c8
		7e259645 0c1c86b0 e56dc5bd 6a53d172
[32;22m[INFO]  [39;1msnarkJS[0m: Response Hash:
		c99aef80 121d6587 7004b195 7f8e486b
		b989eec4 7a64a1ec 87ed3a1d d2e6f17f
		c2d9145a f3247c27 f1e5853d 2a4e47b4
		8e42068c 5b9af65e df8c9cd8 67f32139
[32;22m[INFO]  [39;1msnarkJS[0m: Powers Of tau file OK!
[32;22m[INFO]  [39;1msnarkJS[0m: -----------------------------------------------------
[32;22m[INFO]  [39;1msnarkJS[0m: Contribution #1: First contribution
[32;22m[INFO]  [39;1msnarkJS[0m: Next Challenge: 
		c99aef80 121d6587 7004b195 7f8e486b
		b989eec4 7a64a1ec 87ed3a1d d2e6f17f
		c2d9145a f3247c27 f1e5853d 2a4e47b4
		8e42068c 5b9af65e df8c9cd8 67f32139
[32;22m[INFO]  [39;1msnarkJS[0m: Response Hash:
		561b3773 3bbec9a1 f8f9ae3b f1044fe4
		c2247246 873aef86 4a7fd0a1 a155ca22
		ad2635f1 598c777f af6366c1 6c345519
		cc6dfee6 423b5449 8867119e b3c8813c
[32;22m[INFO]  [39;1msnarkJS[0m: Response Hash:
		b149df23 29d37dee 14a2a9c9 ddcd0eb8
		e1fb6a5a f5dcbdd4 f46a10e0 176dac30
		62579199 95193c2c b067c467 7138f506
		341dc2d3 279dc020 4fcc2e9d 14390581
[32;22m[INFO]  [39;1msnarkJS[0m: -----------------------------------------------------
[33;22m[WARN]  [39;1msnarkJS[0m: this file does not contain phase2 precalculated values. Please run: 
   snarkjs "powersoftau preparephase2" to prepare this file to be used in the phase2 ceremony.
[32;22m[INFO]  [39;1msnarkJS[0m: Powers of Tau Ok!
