# cmd : snarkjs powersoftau verify pot10_final.ptau
# cwd : /mnt/c/Users/Barbi/Documents/Code/GitHub/Zero-Knowledge-Rollup/bench-out/20260814_104903/circuits/4

[32;22m[INFO]  [39;1msnarkJS[0m: Powers Of tau file OK!
[32;22m[INFO]  [39;1msnarkJS[0m: Next challenge hash: 
		61324255 d6643c18 0ebd07ec 16a9e757
		923ee3e9 37848648 b3791eb8 70daee7a
		ba08def4 9bdcf48b 181933fd 875d2bce
		87fd7cdb 8ab48d5f 79df537d f5042f2e
[32;22m[INFO]  [39;1msnarkJS[0m: -----------------------------------------------------
[32;22m[INFO]  [39;1msnarkJS[0m: Contribution #4: Final Beacon
[32;22m[INFO]  [39;1msnarkJS[0m: Next Challenge: 
		61324255 d6643c18 0ebd07ec 16a9e757
		923ee3e9 37848648 b3791eb8 70daee7a
		ba08def4 9bdcf48b 181933fd 875d2bce
		87fd7cdb 8ab48d5f 79df537d f5042f2e
[32;22m[INFO]  [39;1msnarkJS[0m: Response Hash:
		d5d93f67 9a532a67 e5d51f3a 012c0120
		5002560f 333df8c7 9ac7ee8c 81cd6c08
		667eeeb1 380ad810 56ed9120 78c9b3ba
		656d2123 cf8ecdc8 7f7e71a7 42f4c81a
[32;22m[INFO]  [39;1msnarkJS[0m: Response Hash:
		fa0238f7 31e37c17 5801e054 da7a5738
		39705b45 07ca43b6 90c866d0 27f3e4a4
		5a396e6f 54f66ba5 e39a1687 d4ab1349
		d0362ced 58d1baae f8f1eaf4 b1d48acc
[32;22m[INFO]  [39;1msnarkJS[0m: Beacon generator: 0102030405060708090a0b0c0d0e0f101112131015161718191a1b1c1d1e1f
[32;22m[INFO]  [39;1msnarkJS[0m: Beacon iterations Exp: 10
[32;22m[INFO]  [39;1msnarkJS[0m: Powers Of tau file OK!
[32;22m[INFO]  [39;1msnarkJS[0m: -----------------------------------------------------
[32;22m[INFO]  [39;1msnarkJS[0m: Contribution #3: Third contribution
[32;22m[INFO]  [39;1msnarkJS[0m: Next Challenge: 
		fa0238f7 31e37c17 5801e054 da7a5738
		39705b45 07ca43b6 90c866d0 27f3e4a4
		5a396e6f 54f66ba5 e39a1687 d4ab1349
		d0362ced 58d1baae f8f1eaf4 b1d48acc
[32;22m[INFO]  [39;1msnarkJS[0m: Response Hash:
		c2bc85c3 f0287fa5 f9803e7c dbddc13a
		c19e89ff 05dd9020 85b48662 add3ee96
		f8736a10 79242ecd 139ea50b dda666ba
		887a0fd0 3c515088 5c6dbc1c ac25f152
[32;22m[INFO]  [39;1msnarkJS[0m: Response Hash:
		69181465 085bdd07 d3b0af85 caf3e914
		5d6038a9 3fa217e5 fb3c4d0c fd3696dc
		8eca4186 b24f7e4e d4673f9a 5f8c92bc
		a49831e5 79440801 8c0ba985 003e944a
[32;22m[INFO]  [39;1msnarkJS[0m: Powers Of tau file OK!
[32;22m[INFO]  [39;1msnarkJS[0m: -----------------------------------------------------
[32;22m[INFO]  [39;1msnarkJS[0m: Contribution #2: Second contribution
[32;22m[INFO]  [39;1msnarkJS[0m: Next Challenge: 
		69181465 085bdd07 d3b0af85 caf3e914
		5d6038a9 3fa217e5 fb3c4d0c fd3696dc
		8eca4186 b24f7e4e d4673f9a 5f8c92bc
		a49831e5 79440801 8c0ba985 003e944a
[32;22m[INFO]  [39;1msnarkJS[0m: Response Hash:
		e111ce82 08a8c201 7aa4d71c 62ef3208
		bde338aa 29328805 f9991236 9fdaf4e2
		008c00e8 0db37d92 b605b6e6 ff71cd41
		5556e36f 56df8616 25b9b723 2a347e2d
[32;22m[INFO]  [39;1msnarkJS[0m: Response Hash:
		74a4d5c9 d4dd92e9 f4bd2653 c70be985
		3d8d72f9 d91e8302 bb0adefb acb22bde
		af871e1a b1b703cc 99682121 b19a1b28
		48f5c06f dd859304 01e48c18 2dd83013
[32;22m[INFO]  [39;1msnarkJS[0m: Powers Of tau file OK!
[32;22m[INFO]  [39;1msnarkJS[0m: -----------------------------------------------------
[32;22m[INFO]  [39;1msnarkJS[0m: Contribution #1: First contribution
[32;22m[INFO]  [39;1msnarkJS[0m: Next Challenge: 
		74a4d5c9 d4dd92e9 f4bd2653 c70be985
		3d8d72f9 d91e8302 bb0adefb acb22bde
		af871e1a b1b703cc 99682121 b19a1b28
		48f5c06f dd859304 01e48c18 2dd83013
[32;22m[INFO]  [39;1msnarkJS[0m: Response Hash:
		42f574ab a1893a17 099d3725 2cae58c8
		9a890a8a 1521407a a5806baf 1c67c65b
		81529074 98577069 94a88049 7c87693f
		957386c0 c7ae7852 36c99464 7f1629a5
[32;22m[INFO]  [39;1msnarkJS[0m: Response Hash:
		95f0b449 9e50f8da 383b0d74 c174c169
		8bdffe1b 35066754 005889a1 47849bbf
		8d64ff6c 989bd89a 4736b569 a99a1c83
		a50dc181 e9fe1d4d 23d1888a 98b3157e
[32;22m[INFO]  [39;1msnarkJS[0m: -----------------------------------------------------
[32;22m[INFO]  [39;1msnarkJS[0m: Powers of Tau Ok!
