# cmd : snarkjs powersoftau contribute pot10_0000.ptau pot10_0001.ptau --name="First contribution" -v -e="some random text"
# cwd : /mnt/c/Users/Barbi/Documents/Code/GitHub/Zero-Knowledge-Rollup/bench-out/20260814_104903/circuits/4

[36;22m[DEBUG] [39;1msnarkJS[0m: Calculating First Challenge Hash
[36;22m[DEBUG] [39;1msnarkJS[0m: Calculate Initial Hash: tauG1
[36;22m[DEBUG] [39;1msnarkJS[0m: Calculate Initial Hash: tauG2
[36;22m[DEBUG] [39;1msnarkJS[0m: Calculate Initial Hash: alphaTauG1
[36;22m[DEBUG] [39;1msnarkJS[0m: Calculate Initial Hash: betaTauG1
[36;22m[DEBUG] [39;1msnarkJS[0m: processing: tauG1: 0/2047
[36;22m[DEBUG] [39;1msnarkJS[0m: processing: tauG2: 0/1024
[36;22m[DEBUG] [39;1msnarkJS[0m: processing: alphaTauG1: 0/1024
[36;22m[DEBUG] [39;1msnarkJS[0m: processing: betaTauG1: 0/1024
[36;22m[DEBUG] [39;1msnarkJS[0m: processing: betaTauG2: 0/1
[32;22m[INFO]  [39;1msnarkJS[0m: Contribution Response Hash imported: 
		42f574ab a1893a17 099d3725 2cae58c8
		9a890a8a 1521407a a5806baf 1c67c65b
		81529074 98577069 94a88049 7c87693f
		957386c0 c7ae7852 36c99464 7f1629a5
[32;22m[INFO]  [39;1msnarkJS[0m: Next Challenge Hash: 
		74a4d5c9 d4dd92e9 f4bd2653 c70be985
		3d8d72f9 d91e8302 bb0adefb acb22bde
		af871e1a b1b703cc 99682121 b19a1b28
		48f5c06f dd859304 01e48c18 2dd83013
