# cmd : snarkjs zkey verify circuit.r1cs pot14_final.ptau circuit_0003.zkey
# cwd : /mnt/c/Users/Barbi/Documents/Code/GitHub/Zero-Knowledge-Rollup/bench-out/20260814_104903/circuits/64

[32;22m[INFO]  [39;1msnarkJS[0m: Reading r1cs
[32;22m[INFO]  [39;1msnarkJS[0m: Reading tauG1
[32;22m[INFO]  [39;1msnarkJS[0m: Reading tauG2
[32;22m[INFO]  [39;1msnarkJS[0m: Reading alphatauG1
[32;22m[INFO]  [39;1msnarkJS[0m: Reading betatauG1
[32;22m[INFO]  [39;1msnarkJS[0m: Circuit hash: 
		7d9b6f7c 4da975eb 7854cd78 b476f705
		b6c31813 e974f94e f659d4da 13ce2130
		503b6891 0eba4f06 987b00e1 e81cb770
		59df17a9 957081cd f8851a99 7ca0238e
[32;22m[INFO]  [39;1msnarkJS[0m: Circuit Hash: 
		7d9b6f7c 4da975eb 7854cd78 b476f705
		b6c31813 e974f94e f659d4da 13ce2130
		503b6891 0eba4f06 987b00e1 e81cb770
		59df17a9 957081cd f8851a99 7ca0238e
[32;22m[INFO]  [39;1msnarkJS[0m: -------------------------
[32;22m[INFO]  [39;1msnarkJS[0m: contribution #3 Third contribution:
		ab85fe44 d9a43320 680bd1fd 76048fce
		46779224 65709200 37495051 8c3ae6c2
		4c37e789 3ed7fd95 a277f6eb 7343f86b
		4b87f8ce 1ed52d4b 952b934c 03b14fdc
[32;22m[INFO]  [39;1msnarkJS[0m: -------------------------
[32;22m[INFO]  [39;1msnarkJS[0m: contribution #2 2nd Contributor:
		cb346378 795fa5c8 00bc041d df395a6c
		6af33d51 6125ef4c 99555bf2 74d0743a
		5f6e88d7 8b0c4895 81b9c46c a4a872c5
		406a797f 55bafbc2 c2112f26 aa82ce99
[32;22m[INFO]  [39;1msnarkJS[0m: -------------------------
[32;22m[INFO]  [39;1msnarkJS[0m: contribution #1 1st Contributor:
		b78481d3 0b6a44d6 63778d3e 20cb594d
		101dc292 98c97407 cb5dbdc7 bb21e906
		e66653e4 9ba36155 e04321a4 100980e3
		9a23c6b6 cecb9d23 c81ef2f2 2362c9b9
[32;22m[INFO]  [39;1msnarkJS[0m: -------------------------
[32;22m[INFO]  [39;1msnarkJS[0m: ZKey Ok!
