# cmd : snarkjs powersoftau verify pot14_0003.ptau
# cwd : /mnt/c/Users/Barbi/Documents/Code/GitHub/Zero-Knowledge-Rollup/bench-out/20260814_104903/circuits/64

[32;22m[INFO]  [39;1msnarkJS[0m: Powers Of tau file OK!
[32;22m[INFO]  [39;1msnarkJS[0m: Next challenge hash: 
		4dc8b283 c25580ac af00da9c 8a95eff6
		68d098cd 3f6d037a eccdb96e 0bbe92d3
		3a334215 cd50e3a7 fc7e209a 90c1e249
		4fc66ba2 b24fc685 cca2f894 e468cdd5
[32;22m[INFO]  [39;1msnarkJS[0m: -----------------------------------------------------
[32;22m[INFO]  [39;1msnarkJS[0m: Contribution #3: Third contribution
[32;22m[INFO]  [39;1msnarkJS[0m: Next Challenge: 
		4dc8b283 c25580ac af00da9c 8a95eff6
		68d098cd 3f6d037a eccdb96e 0bbe92d3
		3a334215 cd50e3a7 fc7e209a 90c1e249
		4fc66ba2 b24fc685 cca2f894 e468cdd5
[32;22m[INFO]  [39;1msnarkJS[0m: Response Hash:
		c5a7930c 6f6edb90 0147af7f b0714b03
		86cd5de1 b47bffd2 0bb73831 ab35a082
		b1115439 17ff6752 b77ee6a3 0e2ccc1b
		a29352d5 8ec75306 2ad4dd21 2b435ec5
[32;22m[INFO]  [39;1msnarkJS[0m: Response Hash:
		a3a84670 e8fc52a4 d2b98b9a e50e336b
		6bc58ddb 956eb239 7eaeb677 bddd138c
		6827c337 d194ac79 cbd0fc89 b084c487
		977061d2 f036a266 df0a9ea2 8ac14a32
[32;22m[INFO]  [39;1msnarkJS[0m: Powers Of tau file OK!
[32;22m[INFO]  [39;1msnarkJS[0m: -----------------------------------------------------
[32;22m[INFO]  [39;1msnarkJS[0m: Contribution #2: Second contribution
[32;22m[INFO]  [39;1msnarkJS[0m: Next Challenge: 
		a3a84670 e8fc52a4 d2b98b9a e50e336b
		6bc58ddb 956eb239 7eaeb677 bddd138c
		6827c337 d194ac79 cbd0fc89 b084c487
		977061d2 f036a266 df0a9ea2 8ac14a32
[32;22m[INFO]  [39;1msnarkJS[0m: Response Hash:
		2ef3ff25 e99cd825 fff60881 f521ac55
		0b920706 59f69877 69d0bbee 4793e779
		242422b3 f1c4c79d 6e45ace2 9df06c1e
		f9040dd4 a3e8ebe8 b2df5ff7 e7fa9eb6
[32;22m[INFO]  [39;1msnarkJS[0m: Response Hash:
		fac234bf 2bb31fd5 dc42a620 d7375bf1
		b7234bb2 af24cde8 ec2d2dfc 6c06595e
		5b957dc6 4d95bfc8 f7f7beb5 cfb94eb6
		0d99f4f2 b74277a8 dd053662 d50b8e53
[32;22m[INFO]  [39;1msnarkJS[0m: Powers Of tau file OK!
[32;22m[INFO]  [39;1msnarkJS[0m: -----------------------------------------------------
[32;22m[INFO]  [39;1msnarkJS[0m: Contribution #1: First contribution
[32;22m[INFO]  [39;1msnarkJS[0m: Next Challenge: 
		fac234bf 2bb31fd5 dc42a620 d7375bf1
		b7234bb2 af24cde8 ec2d2dfc 6c06595e
		5b957dc6 4d95bfc8 f7f7beb5 cfb94eb6
		0d99f4f2 b74277a8 dd053662 d50b8e53
[32;22m[INFO]  [39;1msnarkJS[0m: Response Hash:
		bd09845c 686fc239 85ef2640 9d2fafcc
		71f03b46 20b8a5b7 bef5b93e 5e2696b5
		2bb288c3 c2f6de9b a15ef4f9 c2984f14
		48eec4bb 98d16d38 226fa149 8f335afa
[32;22m[INFO]  [39;1msnarkJS[0m: Response Hash:
		bc0bde79 80381fa6 42b20975 91dd83f1
		ed15b003 e15c3552 0af32c95 eb519149
		2a6f3175 215635cf c10e6098 e2c612d0
		ca84f1a9 f90b5333 560c8af5 9b9209f4
[32;22m[INFO]  [39;1msnarkJS[0m: -----------------------------------------------------
[33;22m[WARN]  [39;1msnarkJS[0m: this file does not contain phase2 precalculated values. Please run: 
   snarkjs "powersoftau preparephase2" to prepare this file to be used in the phase2 ceremony.
[32;22m[INFO]  [39;1msnarkJS[0m: Powers of Tau Ok!
