# cmd : snarkjs powersoftau verify pot11_0003.ptau
# cwd : /mnt/c/Users/Barbi/Documents/Code/GitHub/Zero-Knowledge-Rollup/bench-out/20260814_104903/circuits/8

[32;22m[INFO]  [39;1msnarkJS[0m: Powers Of tau file OK!
[32;22m[INFO]  [39;1msnarkJS[0m: Next challenge hash: 
		27d2b831 1d101e20 d7362a71 a2aa5d40
		ad105a31 ea15f385 d4e3bec0 64981d95
		3e8e54f8 1b4b4c2a 679349ff 40cb3ce6
		f22043a9 a26680f7 bffce90e a2f08032
[32;22m[INFO]  [39;1msnarkJS[0m: -----------------------------------------------------
[32;22m[INFO]  [39;1msnarkJS[0m: Contribution #3: Third contribution
[32;22m[INFO]  [39;1msnarkJS[0m: Next Challenge: 
		27d2b831 1d101e20 d7362a71 a2aa5d40
		ad105a31 ea15f385 d4e3bec0 64981d95
		3e8e54f8 1b4b4c2a 679349ff 40cb3ce6
		f22043a9 a26680f7 bffce90e a2f08032
[32;22m[INFO]  [39;1msnarkJS[0m: Response Hash:
		8b1157fa 9142d5ab aef0bf36 0b66db4c
		36454d58 093e5759 ad00f627 4dbbffb4
		8acd9015 29a367dd 574f6819 1007b3b2
		f19a96a3 703cecc1 8934c4df 5d15ba91
[32;22m[INFO]  [39;1msnarkJS[0m: Response Hash:
		5e1abdc1 06f1e00f 978cf10e c10816f2
		cc02e56b 3461afac 4558d198 ca5c582b
		9e210bf3 c2c6ef14 1f61ca6e fec6a57c
		f05a972c e0fac6f6 5080427a 0839d08c
[32;22m[INFO]  [39;1msnarkJS[0m: Powers Of tau file OK!
[32;22m[INFO]  [39;1msnarkJS[0m: -----------------------------------------------------
[32;22m[INFO]  [39;1msnarkJS[0m: Contribution #2: Second contribution
[32;22m[INFO]  [39;1msnarkJS[0m: Next Challenge: 
		5e1abdc1 06f1e00f 978cf10e c10816f2
		cc02e56b 3461afac 4558d198 ca5c582b
		9e210bf3 c2c6ef14 1f61ca6e fec6a57c
		f05a972c e0fac6f6 5080427a 0839d08c
[32;22m[INFO]  [39;1msnarkJS[0m: Response Hash:
		aaa29378 9b1a0c42 3c0bfd08 72205c3e
		e9d902c4 1b0bc1b1 07df3555 8e1222c1
		8cd48324 d668b9c9 59acc250 967ef066
		f3d6cc22 b15c2d94 f0c2ff6e 194ad189
[32;22m[INFO]  [39;1msnarkJS[0m: Response Hash:
		082abaa4 5f43a29f afcecff1 2de0ea49
		6999ce4a 032985d6 4b610275 9f0b9e4f
		8f36a32c fda0b1a5 7fe7c094 f3f844e4
		35cde957 d59134a1 5ee2e4ce 9690652c
[32;22m[INFO]  [39;1msnarkJS[0m: Powers Of tau file OK!
[32;22m[INFO]  [39;1msnarkJS[0m: -----------------------------------------------------
[32;22m[INFO]  [39;1msnarkJS[0m: Contribution #1: First contribution
[32;22m[INFO]  [39;1msnarkJS[0m: Next Challenge: 
		082abaa4 5f43a29f afcecff1 2de0ea49
		6999ce4a 032985d6 4b610275 9f0b9e4f
		8f36a32c fda0b1a5 7fe7c094 f3f844e4
		35cde957 d59134a1 5ee2e4ce 9690652c
[32;22m[INFO]  [39;1msnarkJS[0m: Response Hash:
		235c2df9 6a94a363 512f4ab6 51f0ca35
		b5d6ce84 df74fdbd 27c94a4a 7d669fa9
		843ab15e 779e353c 1e1be17a 98df0afb
		8bc40179 71b45677 37e5b63f c40a7370
[32;22m[INFO]  [39;1msnarkJS[0m: Response Hash:
		e778ddf5 7120714d 0a7a8841 13aac0db
		0c37dee0 d580dcb4 b3794fe5 b2b68875
		c32f0275 9a860990 bec44cbd 38a86fea
		abea62ea 9a0b682b 3c076003 c80042fd
[32;22m[INFO]  [39;1msnarkJS[0m: -----------------------------------------------------
[33;22m[WARN]  [39;1msnarkJS[0m: this file does not contain phase2 precalculated values. Please run: 
   snarkjs "powersoftau preparephase2" to prepare this file to be used in the phase2 ceremony.
[32;22m[INFO]  [39;1msnarkJS[0m: Powers of Tau Ok!
