# cmd : snarkjs zkey verify circuit.r1cs pot11_final.ptau circuit_0003.zkey
# cwd : /mnt/c/Users/Barbi/Documents/Code/GitHub/Zero-Knowledge-Rollup/bench-out/20260814_104903/circuits/8

[32;22m[INFO]  [39;1msnarkJS[0m: Reading r1cs
[32;22m[INFO]  [39;1msnarkJS[0m: Reading tauG1
[32;22m[INFO]  [39;1msnarkJS[0m: Reading tauG2
[32;22m[INFO]  [39;1msnarkJS[0m: Reading alphatauG1
[32;22m[INFO]  [39;1msnarkJS[0m: Reading betatauG1
[32;22m[INFO]  [39;1msnarkJS[0m: Circuit hash: 
		e515582f 5dd4167f fac7505a 50008fb6
		540643b3 29525337 4e50359d c8a80e68
		ac3bba0e 43480f64 22892bb6 bdc777eb
		a568bd17 9addb5f1 4736820d f91f0a9b
[32;22m[INFO]  [39;1msnarkJS[0m: Circuit Hash: 
		e515582f 5dd4167f fac7505a 50008fb6
		540643b3 29525337 4e50359d c8a80e68
		ac3bba0e 43480f64 22892bb6 bdc777eb
		a568bd17 9addb5f1 4736820d f91f0a9b
[32;22m[INFO]  [39;1msnarkJS[0m: -------------------------
[32;22m[INFO]  [39;1msnarkJS[0m: contribution #3 Third contribution:
		cacc9009 1e3fc536 8c9a92bd 348e1cef
		ed81b9d1 86cf2a98 bb7bf073 1211d493
		65d0ca54 9d69af31 f506cfd9 09917355
		02ed935c 2b795c32 5d818afc 8606a075
[32;22m[INFO]  [39;1msnarkJS[0m: -------------------------
[32;22m[INFO]  [39;1msnarkJS[0m: contribution #2 2nd Contributor:
		81f4717a 199ec508 e9611419 c7bb604d
		57e196b3 ee735e20 f71fc932 3837f71c
		61c32a91 e4dcb0f5 64823a56 3b1b682b
		8d6513c8 d743f544 44755b15 fa76249c
[32;22m[INFO]  [39;1msnarkJS[0m: -------------------------
[32;22m[INFO]  [39;1msnarkJS[0m: contribution #1 1st Contributor:
		af7ba766 35c2cc24 b2d64b72 892749ad
		9866dc7b 9c70b589 26a3e9e2 2235800c
		010889f9 c7fa9867 8feb2623 f72e5347
		6af163cb 3aeccb7b 7aa7801f 10acf95c
[32;22m[INFO]  [39;1msnarkJS[0m: -------------------------
[32;22m[INFO]  [39;1msnarkJS[0m: ZKey Ok!
