# cmd : snarkjs powersoftau contribute pot8_0000.ptau pot8_0001.ptau --name="First contribution" -v -e="some random text"
# cwd : /mnt/c/Users/Barbi/Documents/Code/GitHub/Zero-Knowledge-Rollup/bench-out/20260731_093616/circuits/1

[36;22m[DEBUG] [39;1msnarkJS[0m: Calculating First Challenge Hash
[36;22m[DEBUG] [39;1msnarkJS[0m: Calculate Initial Hash: tauG1
[36;22m[DEBUG] [39;1msnarkJS[0m: Calculate Initial Hash: tauG2
[36;22m[DEBUG] [39;1msnarkJS[0m: Calculate Initial Hash: alphaTauG1
[36;22m[DEBUG] [39;1msnarkJS[0m: Calculate Initial Hash: betaTauG1
[36;22m[DEBUG] [39;1msnarkJS[0m: processing: tauG1: 0/511
[36;22m[DEBUG] [39;1msnarkJS[0m: processing: tauG2: 0/256
[36;22m[DEBUG] [39;1msnarkJS[0m: processing: alphaTauG1: 0/256
[36;22m[DEBUG] [39;1msnarkJS[0m: processing: betaTauG1: 0/256
[36;22m[DEBUG] [39;1msnarkJS[0m: processing: betaTauG2: 0/1
[32;22m[INFO]  [39;1msnarkJS[0m: Contribution Response Hash imported: 
		c6fea2d3 ce10c34f 73812414 3594a086
		045eeccf 3a31a378 68c1464a 307d0f40
		b9b334f0 52ef9e55 6d05d25c efaa339f
		0d90bd06 40d5dd72 898d6de9 1abd8751
[32;22m[INFO]  [39;1msnarkJS[0m: Next Challenge Hash: 
		4517ff88 1a501dde 1e6148f7 e4766abe
		f69c7590 01e646e6 dcc1277f b86bdbea
		a8ea6db5 67f9263e e99bf058 28e27ca5
		f8cd31ed 05fb61bf 7dfe1658 a55098e8
