# cmd : snarkjs zkey verify circuit.r1cs pot8_final.ptau circuit_0003.zkey
# cwd : /mnt/c/Users/Barbi/Documents/Code/GitHub/Zero-Knowledge-Rollup/bench-out/20260731_093616/circuits/1

[32;22m[INFO]  [39;1msnarkJS[0m: Reading r1cs
[32;22m[INFO]  [39;1msnarkJS[0m: Reading tauG1
[32;22m[INFO]  [39;1msnarkJS[0m: Reading tauG2
[32;22m[INFO]  [39;1msnarkJS[0m: Reading alphatauG1
[32;22m[INFO]  [39;1msnarkJS[0m: Reading betatauG1
[32;22m[INFO]  [39;1msnarkJS[0m: Circuit hash: 
		68e76096 172f888a c721d611 b2c39eea
		911a4d87 c874bec7 6f464806 adeecc6c
		5baf63cf 716f328b 94347caf 0cc03acf
		b9546f8e a48b1714 f2685e82 c7907bcd
[32;22m[INFO]  [39;1msnarkJS[0m: Circuit Hash: 
		68e76096 172f888a c721d611 b2c39eea
		911a4d87 c874bec7 6f464806 adeecc6c
		5baf63cf 716f328b 94347caf 0cc03acf
		b9546f8e a48b1714 f2685e82 c7907bcd
[32;22m[INFO]  [39;1msnarkJS[0m: -------------------------
[32;22m[INFO]  [39;1msnarkJS[0m: contribution #3 Third contribution:
		e160672d 38a42399 5539c6b3 7d0d3baf
		503fead1 3fcb70fd be021b07 1a171bcf
		43cfc404 dbd557ec 28713e20 4d18776d
		aea4723f 0840ba06 5c07132d 6d5916f4
[32;22m[INFO]  [39;1msnarkJS[0m: -------------------------
[32;22m[INFO]  [39;1msnarkJS[0m: contribution #2 2nd Contributor:
		a303caba b6cdc0ef 986fae48 59951b9e
		8332ca28 4b04fc19 2919b1ac 607830da
		15d7df91 1b183937 05b1b08d 4ad6498a
		177f7251 62cccf5b 8e457d22 53b702f0
[32;22m[INFO]  [39;1msnarkJS[0m: -------------------------
[32;22m[INFO]  [39;1msnarkJS[0m: contribution #1 1st Contributor:
		5191531c 26c4fc7b f0f4c39a 53df6081
		cb64718c 6b002c64 f3a11650 8b012042
		8fd636fc d615bac7 d0757b7c da7b1a4c
		919fd28d 1b639a85 fcbdf091 3226fd81
[32;22m[INFO]  [39;1msnarkJS[0m: -------------------------
[32;22m[INFO]  [39;1msnarkJS[0m: ZKey Ok!
