# cmd : snarkjs powersoftau contribute pot9_0000.ptau pot9_0001.ptau --name="First contribution" -v -e="some random text"
# cwd : /mnt/c/Users/Barbi/Documents/Code/GitHub/Zero-Knowledge-Rollup/bench-out/20260731_093616/circuits/2

[36;22m[DEBUG] [39;1msnarkJS[0m: Calculating First Challenge Hash
[36;22m[DEBUG] [39;1msnarkJS[0m: Calculate Initial Hash: tauG1
[36;22m[DEBUG] [39;1msnarkJS[0m: Calculate Initial Hash: tauG2
[36;22m[DEBUG] [39;1msnarkJS[0m: Calculate Initial Hash: alphaTauG1
[36;22m[DEBUG] [39;1msnarkJS[0m: Calculate Initial Hash: betaTauG1
[36;22m[DEBUG] [39;1msnarkJS[0m: processing: tauG1: 0/1023
[36;22m[DEBUG] [39;1msnarkJS[0m: processing: tauG2: 0/512
[36;22m[DEBUG] [39;1msnarkJS[0m: processing: alphaTauG1: 0/512
[36;22m[DEBUG] [39;1msnarkJS[0m: processing: betaTauG1: 0/512
[36;22m[DEBUG] [39;1msnarkJS[0m: processing: betaTauG2: 0/1
[32;22m[INFO]  [39;1msnarkJS[0m: Contribution Response Hash imported: 
		2230e22b fb555d8d 3b8eb010 5b331c10
		bab3ac08 66f912ab 9420b63f 5d7c73c4
		79a75efb 42887322 ed989670 14718500
		612bf8bc 81b45ddc 8f525259 2db74a63
[32;22m[INFO]  [39;1msnarkJS[0m: Next Challenge Hash: 
		2ffe61cb 27cb5f7f 789e695f 3351b83e
		96c927b8 3e6505a1 180dd6d5 de110e67
		b58207ec adfea68a b11533cb 5389aeda
		0e6a6dd8 c03fb830 d73cc194 4def255c
