[32;22m[INFO]  [39;1msnarkJS[0m: Reading r1cs
[32;22m[INFO]  [39;1msnarkJS[0m: Reading tauG1
[32;22m[INFO]  [39;1msnarkJS[0m: Reading tauG2
[32;22m[INFO]  [39;1msnarkJS[0m: Reading alphatauG1
[32;22m[INFO]  [39;1msnarkJS[0m: Reading betatauG1
[32;22m[INFO]  [39;1msnarkJS[0m: Circuit hash: 
		e4edcb8e 910a6891 0c0e68c1 b4d50436
		8e1a8cbd 554c8e3f 0af30ed6 78446e08
		2a14c18e 9f0419e6 bc38b770 f19670b3
		3a7a650e 759887b3 30c3f4ed 058a1ecf
[32;22m[INFO]  [39;1msnarkJS[0m: Circuit Hash: 
		e4edcb8e 910a6891 0c0e68c1 b4d50436
		8e1a8cbd 554c8e3f 0af30ed6 78446e08
		2a14c18e 9f0419e6 bc38b770 f19670b3
		3a7a650e 759887b3 30c3f4ed 058a1ecf
[32;22m[INFO]  [39;1msnarkJS[0m: -------------------------
[32;22m[INFO]  [39;1msnarkJS[0m: contribution #4 Final Beacon phase2:
		bd61128e 1e50e4a5 0890cbd2 bf53197d
		89736a7a 6744e1dc 13acfd69 33b6d843
		31f009ce 72c1df33 457e6a91 ad9802e8
		de14f9db d760dbdc 50d22447 60a03851
[32;22m[INFO]  [39;1msnarkJS[0m: Beacon generator: 0102030405060708090a0b0c0d0e0f101112131515161718191a1b1c1d1e1f
[32;22m[INFO]  [39;1msnarkJS[0m: Beacon iterations Exp: 10
[32;22m[INFO]  [39;1msnarkJS[0m: -------------------------
[32;22m[INFO]  [39;1msnarkJS[0m: contribution #3 Third contribution:
		7b28da17 63157a9f 49138342 2765457f
		c049a191 ed4ca6a1 48a40d2c 830744bb
		78b348d4 640febfc 1547724d ad4082e2
		3b2b786c 85e3718a f6a6f3d2 5dc6440e
[32;22m[INFO]  [39;1msnarkJS[0m: -------------------------
[32;22m[INFO]  [39;1msnarkJS[0m: contribution #2 2nd Contributor:
		fe0ef566 c6dc981f a56b4386 048da5a9
		70d13d3e b27f4cd8 954c4923 1aabe50a
		3b691583 cd90d229 2d40e64e 0a39f4ef
		dc9e3741 f3b19099 1f676f7b 3b3c1b6e
[32;22m[INFO]  [39;1msnarkJS[0m: -------------------------
[32;22m[INFO]  [39;1msnarkJS[0m: contribution #1 1st Contributor:
		89fb44df fde40cb0 a168ef1e b49b6340
		a3829558 f9a63944 0b8b876a d5984af8
		36377f42 4691bf4c 6f5bfafb ec4c0e87
		b2cce315 cc260ce4 c2f5038a 990cc29f
[32;22m[INFO]  [39;1msnarkJS[0m: -------------------------
[32;22m[INFO]  [39;1msnarkJS[0m: ZKey Ok!
